data/saved_data/run_2025_05_03_2158_richie_random_luxury_distribution/firm_data.csv
Step,AgentID,FirmType,Profit,Inventory,ProductPrice,RevenuePerEmployee,ProductionLevel,NumEmployees,DemandReceived,InventoryDemandRatio,SellThroughRate,ProductionCapacity,Revenue,Costs,Markup,ProducedUnits,IncomeBracket,NumPeople,SpendRatio,PostTaxIncome,HouseholdExpense,HouseholdSavings,HealthLevel,Welfare,SkillLevel,SkillType,JobLevel,IsEmployed,Wage
5,21,necessity,-150573.41292920138,3570.5,2306.60207061582,12710.069589378722,0.1,44.0,124.0,,,4085.0,546532.992343285,697106.4052724864,0.35,408.0,,,,,,,,,,,,0,
6,21,necessity,-652629.8004517604,3854.5,3105.8220934439773,6500.424017190039,0.1,43.0,0.0,,,4085.0,286018.6567563617,938648.4572081221,0.35,408.0,,,,,,,,,,,,0,
7,21,necessity,-697106.4052724864,4262.5,2306.60207061582,0.0,0.1,42.0,212.0,,,4085.0,0.0,697106.4052724864,0.35,408.0,,,,,,,,,,,,0,
8,21,necessity,97257.95016862295,4458.5,1296.2041141823595,11642.848546917949,0.1,43.0,332.0,,,4085.0,488999.6389705539,391741.6888019309,0.35,408.0,,,,,,,,,,,,0,
9,21,necessity,-290888.39986033994,4534.5,2386.4167191215092,10007.901532756823,0.1,42.0,240.0,,,4085.0,430339.76590854337,721228.1657688833,0.35,408.0,,,,,,,,,,,,0,
10,21,necessity,180998.3237872313,4702.5,1296.2041141823595,13636.666966408624,0.1,43.0,311.0,,,4085.0,572740.0125891622,391741.6888019309,0.35,408.0,,,,,,,,,,,,0,
11,21,necessity,-238235.83433680254,4799.5,2122.1315479706263,9374.871616528228,0.1,42.0,325.0,,,4085.0,403119.4795107138,641355.3138475163,0.35,408.0,,,,,,,,,,,,0,
12,21,necessity,297951.06428852264,4882.5,1296.2041141823595,16421.25602596318,0.1,43.0,442.0,,,4085.0,689692.7530904536,391741.6888019309,0.35,408.0,,,,,,,,,,,,0,
13,21,necessity,-81352.20053279516,4848.5,2164.8785869779626,13323.772522525647,0.1,42.0,251.0,,,4085.0,572922.2184686029,654274.419001398,0.35,408.0,,,,,,,,,,,,0,
14,21,necessity,151642.83652953774,5005.5,1296.2041141823595,12937.726793606396,0.1,41.0,442.0,,,4085.0,543384.5253314687,391741.6888019309,0.35,408.0,,,,,,,,,,,,0,
15,21,necessity,366647.1257200829,4971.5,682.5278787450345,13973.712645575679,0.1,42.0,252.0,,,4085.0,572922.2184686029,206275.09274851994,0.35,408.0,,,,,,,,,,,,0,
16,21,necessity,-285384.4248858142,5127.5,1513.394501057636,4095.1672724702066,0.1,41.0,285.0,,,4085.0,171997.0254437487,457381.4503295629,0.35,408.0,,,,,,,,,,,,0,
17,21,necessity,225042.34005290634,5250.5,682.5278787450345,10519.93738540064,0.1,42.0,1054.0,,,4085.0,431317.4328014263,206275.09274851994,0.35,408.0,,,,,,,,,,,,0,
18,21,necessity,263328.86243229173,4604.5,1509.0072374355602,17128.19962374444,0.1,43.0,228.0,,,4085.0,719384.3841972664,456055.5217649747,0.35,408.0,,,,,,,,,,,,0,
19,21,necessity,-274029.76070968685,4784.5,2045.128927930426,8001.247677565297,0.1,42.0,224.0,,,4085.0,344053.65013530775,618083.4108449946,0.35,408.0,,,,,,,,,,,,0,
20,21,necessity,89805.89802787564,4968.5,1218.6495692399,10907.354282295606,0.1,43.0,495.0,,,4085.0,458108.87985641544,368302.9818285398,0.35,408.0,,,,,,,,,,,,0,
21,21,necessity,-89803.28943407617,4881.5,2293.1299340378337,14028.640390087223,0.1,44.0,285.0,,,4085.0,603231.5367737506,693034.8262078267,0.35,408.0,,,,,,,,,,,,0,
22,21,necessity,-318790.5461334373,5004.5,3217.2769024115687,14853.22798183597,0.1,45.0,132.0,,,4085.0,653542.0312007826,972332.5773342199,0.35,408.0,,,,,,,,,,,,0,
23,21,necessity,-1013969.8553744098,5280.5,4760.240303933712,9437.34558040727,0.1,44.0,12.0,,,4085.0,424680.5511183271,1438650.406492737,0.35,408.0,,,,,,,,,,,,0,
24,21,necessity,-915209.6936870154,5676.5,3217.2769024115687,1298.2473556182852,0.1,43.0,166.0,,,4085.0,57122.88364720455,972332.5773342199,0.35,408.0,,,,,,,,,,,,0,
25,21,necessity,-158966.86040750635,5918.5,2293.1299340378337,12420.185251170242,0.1,44.0,274.0,,,4085.0,534067.9658003204,693034.8262078267,0.35,408.0,,,,,,,,,,,,0,
26,21,necessity,-307104.15036145295,6052.5,3095.1454963073793,14279.94549832651,0.1,45.0,154.0,,,4085.0,628317.6019263664,935421.7522878194,0.35,408.0,,,,,,,,,,,,0,
27,21,necessity,-905624.5952444354,6306.5,4573.710656099464,10592.275698474143,0.1,44.0,24.0,,,4085.0,476652.4064313364,1382277.0016757718,0.35,408.0,,,,,,,,,,,,0,
28,21,necessity,-825652.6965414323,6690.5,3095.1454963073793,2494.751266963344,0.1,43.0,157.0,,,4085.0,109769.05574638714,935421.7522878194,0.35,408.0,,,,,,,,,,,,0,
29,21,necessity,-207096.9832875682,6941.5,2293.1299340378337,11300.880067912989,0.1,44.0,124.0,,,4085.0,485937.8429202585,693034.8262078267,0.35,408.0,,,,,,,,,,,,0,
30,21,necessity,-695101.0229577902,7225.5,3240.824335073838,6462.457086833895,0.1,43.0,174.0,,,4085.0,284348.1118206914,979449.1347784816,0.35,408.0,,,,,,,,,,,,0,
31,21,necessity,-129131.3919049789,7459.5,2293.1299340378337,13114.033355880181,0.1,44.0,87.0,,,4085.0,563903.4343028478,693034.8262078267,0.35,408.0,,,,,,,,,,,,0,
32,21,necessity,-779013.5170473884,7780.5,3237.7361655122104,4534.143278665716,0.1,43.0,226.0,,,4085.0,199502.30426129152,978515.8213086799,0.35,408.0,,,,,,,,,,,,0,
33,21,necessity,38693.54719793284,7962.5,2293.1299340378337,17016.93891641301,0.1,44.0,335.0,,,4085.0,731728.3734057596,693034.8262078267,0.35,408.0,,,,,,,,,,,,0,
34,21,necessity,-164205.3977632278,8035.5,3085.1600405975687,17459.057452333505,0.1,45.0,74.0,,,4085.0,768198.5279026743,932403.9256659021,0.35,408.0,,,,,,,,,,,,0,
35,21,necessity,-1099239.9822133572,8369.5,4392.601616791981,5073.374288982668,0.1,44.0,185.0,,,4085.0,228301.84300422008,1327541.8252175774,0.35,408.0,,,,,,,,,,,,0,
36,21,necessity,-119772.62655938568,8592.5,3085.1600405975687,18468.893161511736,0.1,45.0,183.0,,,4085.0,812631.2991065164,932403.9256659021,0.35,408.0,,,,,,,,,,,,0,
37,21,necessity,-838856.9173823649,8817.5,4643.7392692453,12546.317498430113,0.1,44.0,158.0,,,4085.0,564584.2874293551,1403441.20481172,0.35,408.0,,,,,,,,,,,,0,
38,21,necessity,-198693.12112514465,9067.5,3085.1600405975687,16675.24555774449,0.1,45.0,306.0,,,4085.0,733710.8045407574,932403.9256659021,0.35,408.0,,,,,,,,,,,,0,
39,21,necessity,-385074.58031693345,9169.5,4397.86836225698,20979.088276063467,0.1,46.0,96.0,,,4085.0,944058.972422856,1329133.5527397895,0.35,408.0,,,,,,,,,,,,0,
40,21,necessity,-1067071.2085162462,9481.5,4927.72026058264,9178.160060362392,0.1,45.0,130.0,,,4085.0,422195.36277667,1489266.5712929163,0.35,408.0,,,,,,,,,,,,0,
41,21,necessity,-451933.3103432857,9759.5,3615.011938923228,14235.636308349847,0.1,46.0,224.0,,,4085.0,640603.6338757431,1092536.9442190288,0.35,408.0,,,,,,,,,,,,0,
5,26,necessity,-130624.16739312478,1764.1999999999998,2711.366157741628,24671.204433199062,0.1,22.0,63.0,,,3232.0,518095.2930971803,648719.4604903051,0.35,323.0,,,,,,,,,,,,0,
6,26,necessity,-708746.5372731894,2024.1999999999998,3676.1904438344914,7764.366724441934,0.1,21.0,138.0,,,3232.0,170816.06793772255,879562.605210912,0.35,323.0,,,,,,,,,,,,0,
7,26,necessity,-141405.17924114526,2209.2,2711.366157741628,24157.822916626657,0.1,22.0,94.0,,,3232.0,507314.28124915983,648719.4604903051,0.35,323.0,,,,,,,,,,,,0,
8,26,necessity,-650994.8189278695,2438.2,3786.115687875916,11584.928128532409,0.1,21.0,120.0,,,3232.0,254868.418827713,905863.2377555826,0.35,323.0,,,,,,,,,,,,0,
9,26,necessity,-194385.57794519514,2641.2,2711.366157741628,21634.94678786238,0.1,22.0,210.0,,,3232.0,454333.88254510995,648719.4604903051,0.35,323.0,,,,,,,,,,,,0,
10,26,necessity,-352816.33213128906,2754.2,3854.4097530730096,25881.22241480645,0.1,23.0,159.0,,,3232.0,569386.8931257419,922203.2252570309,0.35,323.0,,,,,,,,,,,,0,
11,26,necessity,-742975.6133587749,2918.2,5666.768191531577,26645.70220602646,0.1,24.0,45.0,,,3232.0,612851.1507386086,1355826.7640973835,0.35,323.0,,,,,,,,,,,,0,
12,26,necessity,-1266081.3947497066,3196.2,6357.480012972655,10625.190359121707,0.1,23.0,48.0,,,3232.0,255004.56861892098,1521085.9633686277,0.35,323.0,,,,,,,,,,,,0,
13,26,necessity,-782303.383905588,3471.2,4545.121574514088,13267.784374899453,0.1,24.0,156.0,,,3232.0,305159.04062268743,1087462.4245282754,0.35,323.0,,,,,,,,,,,,0,
14,26,necessity,-780103.1836923874,3638.2,6223.968716264463,29543.290234341574,0.1,25.0,139.0,,,3232.0,709038.9656241977,1489142.1493165852,0.35,323.0,,,,,,,,,,,,0,
15,26,necessity,-881099.6038290341,3822.2,7298.4897445131055,34605.26606243041,0.1,26.0,105.0,,,3232.0,865131.6515607603,1746231.2553897945,0.35,323.0,,,,,,,,,,,,0,
16,26,necessity,-1141436.1838470018,4040.2,7973.683472150162,29474.67012207216,0.1,25.0,17.0,,,3232.0,766341.4231738761,1907777.607020878,0.35,323.0,,,,,,,,,,,,0,
17,26,necessity,-1370545.2632060153,4346.2,6294.836330399785,5422.10476106211,0.1,24.0,123.0,,,3232.0,135552.61902655274,1506097.882232568,0.35,323.0,,,,,,,,,,,,0,
18,26,necessity,-474743.9075201851,4546.2,5220.3153021511425,32261.0361932989,0.1,25.0,136.0,,,3232.0,774264.8686391736,1249008.7761593587,0.35,323.0,,,,,,,,,,,,0,
19,26,necessity,-802556.3105321147,4733.2,6321.674620345604,28398.515243702215,0.1,24.0,92.0,,,3232.0,709962.8810925554,1512519.19162467,0.35,323.0,,,,,,,,,,,,0,
20,26,necessity,-667414.7110875631,4964.2,5220.3153021511425,24233.08604465815,0.1,23.0,152.0,,,3232.0,581594.0650717956,1249008.7761593587,0.35,323.0,,,,,,,,,,,,0,
21,26,necessity,-182037.08546565904,5135.2,4077.2717068197603,34499.4750403032,0.1,24.0,56.0,,,3232.0,793487.9259269737,975525.0113926327,0.35,323.0,,,,,,,,,,,,0,
22,26,necessity,-1007539.0303788552,5402.2,5165.385222543787,9513.63398257944,0.1,23.0,65.0,,,3232.0,228327.21558190658,1235866.2459607618,0.35,323.0,,,,,,,,,,,,0,
23,26,necessity,-639774.9719272866,5660.2,4077.2717068197603,14597.827802841137,0.1,24.0,217.0,,,3232.0,335750.03946534614,975525.0113926327,0.35,323.0,,,,,,,,,,,,0,
24,26,necessity,-331480.702508594,5766.2,5083.392228532689,36865.33168249533,0.1,25.0,117.0,,,3232.0,884767.960379888,1216248.662888482,0.35,323.0,,,,,,,,,,,,0,
25,26,necessity,-874014.2410447701,5972.2,6138.826692781273,23790.275629532985,0.1,24.0,104.0,,,3232.0,594756.8907383246,1468771.1317830947,0.35,323.0,,,,,,,,,,,,0,
26,26,necessity,-589609.5042379932,6191.2,5132.706171068345,26601.582335385512,0.1,25.0,38.0,,,3232.0,638437.9760492523,1228047.4802872455,0.35,323.0,,,,,,,,,,,,0,
27,26,necessity,-1275824.3033642073,6476.2,6147.58708969009,7801.7133800238835,0.1,24.0,13.0,,,3232.0,195042.8345005971,1470867.1378648044,0.35,323.0,,,,,,,,,,,,0,
28,26,necessity,-1148128.8481212743,6786.2,5132.706171068345,3329.9430069154655,0.1,23.0,207.0,,,3232.0,79918.63216597117,1228047.4802872455,0.35,323.0,,,,,,,,,,,,0,
29,26,necessity,86945.16601851466,6902.2,4077.2717068197603,46194.355539615106,0.1,24.0,84.0,,,3232.0,1062470.1774111474,975525.0113926327,0.35,323.0,,,,,,,,,,,,0,
30,26,necessity,-873108.7577059447,7141.2,5080.679347912405,14270.450973869161,0.1,23.0,84.0,,,3232.0,342490.82337285986,1215599.5810788046,0.35,323.0,,,,,,,,,,,,0,
31,26,necessity,-548747.9461679907,7380.2,4077.2717068197603,18555.524574984436,0.1,24.0,175.0,,,3232.0,426777.06522464205,975525.0113926327,0.35,323.0,,,,,,,,,,,,0,
32,26,necessity,-494586.8869697023,7528.2,5049.373786674591,29730.106195560755,0.1,25.0,111.0,,,3232.0,713522.5486934581,1208109.4356631604,0.35,323.0,,,,,,,,,,,,0,
33,26,necessity,-897898.134301393,7740.2,6095.390517475782,22419.219612835186,0.1,24.0,81.0,,,3232.0,560480.4903208796,1458378.6246222726,0.35,323.0,,,,,,,,,,,,0,
34,26,necessity,-732067.5684362068,7982.2,5123.288437620952,20571.942996480764,0.1,23.0,105.0,,,3232.0,493726.63191553834,1225794.2003517451,0.35,323.0,,,,,,,,,,,,0,
35,26,necessity,-437579.7254424328,8200.2,4077.2717068197603,23388.92547609565,0.1,24.0,196.0,,,3232.0,537945.2859501999,975525.0113926327,0.35,323.0,,,,,,,,,,,,0,
36,26,necessity,-419513.78005811817,8327.2,5093.466537490717,33297.71893902805,0.1,25.0,105.0,,,3232.0,799145.2545366731,1218659.0345947912,0.35,323.0,,,,,,,,,,,,0,
37,26,necessity,-941891.2082874512,8545.2,6171.987636858764,21392.559457461015,0.1,24.0,113.0,,,3232.0,534813.9864365254,1476705.1947239765,0.35,323.0,,,,,,,,,,,,0,
38,26,necessity,-536136.5685567779,8755.2,5155.792806187808,29059.77512354335,0.1,25.0,175.0,,,3232.0,697434.6029650404,1233571.1715218183,0.35,323.0,,,,,,,,,,,,0,
39,26,necessity,-641038.785283186,8903.2,6450.335616544382,36090.549643314655,0.1,26.0,43.0,,,3232.0,902263.7410828664,1543302.5263660525,0.35,323.0,,,,,,,,,,,,0,
40,26,necessity,-1642823.8218563192,9183.2,8025.554594491882,10667.862750438786,0.1,25.0,68.0,,,3232.0,277364.4315114084,1920188.2533677276,0.35,323.0,,,,,,,,,,,,0,
41,26,necessity,-997564.8139406045,9438.2,6450.335616544382,21829.50849701792,0.1,26.0,58.0,,,3232.0,545737.712425448,1543302.5263660525,0.35,323.0,,,,,,,,,,,,0,
