data/saved_data/run_2025_05_03_2158_richie_random_luxury_distribution/firm_data.csv
Step,AgentID,FirmType,Profit,Inventory,ProductPrice,RevenuePerEmployee,ProductionLevel,NumEmployees,DemandReceived,InventoryDemandRatio,SellThroughRate,ProductionCapacity,Revenue,Costs,Markup,ProducedUnits,IncomeBracket,NumPeople,SpendRatio,PostTaxIncome,HouseholdExpense,HouseholdSavings,HealthLevel,Welfare,SkillLevel,SkillType,JobLevel,IsEmployed,Wage
5,30,necessity,-374414.06701523764,5129.4,1294.3144436819723,6986.608861662585,0.1,32.0,244.0,,,6314.0,230558.0924348653,604972.159450103,0.35,631.0,,,,,,,,,,,,0,
6,30,necessity,-19869.42576968117,5516.4,718.1789252293698,9869.14763307504,0.1,33.0,682.0,,,6314.0,315812.72425840126,335682.1500280824,0.35,631.0,,,,,,,,,,,,0,
7,30,necessity,-87398.25728569168,5465.4,1234.8890373367283,14842.36445474031,0.1,34.0,417.0,,,6314.0,489798.0270064302,577196.2842921219,0.35,631.0,,,,,,,,,,,,0,
8,30,necessity,-313198.9292402248,5679.4,1771.7897563727813,15145.550840276932,0.1,35.0,194.0,,,6314.0,514948.7285694157,828147.6578096405,0.35,631.0,,,,,,,,,,,,0,
9,30,necessity,-933883.9426547296,6116.4,2733.3994564889335,9820.777506751989,0.1,34.0,229.0,,,6314.0,343727.2127363196,1277611.155391049,0.35,631.0,,,,,,,,,,,,0,
10,30,necessity,-202199.18227367476,6518.4,1771.7897563727813,18410.24928046958,0.1,35.0,129.0,,,6314.0,625948.4755359658,828147.6578096405,0.35,631.0,,,,,,,,,,,,0,
11,30,necessity,-1002680.059468167,7020.4,2634.1921770525405,6530.3108163453935,0.1,34.0,289.0,,,6314.0,228560.87857208878,1231240.9380402558,0.35,631.0,,,,,,,,,,,,0,
12,30,necessity,-66866.11864145636,7362.4,1771.7897563727813,22390.633504946592,0.1,35.0,177.0,,,6314.0,761281.5391681842,828147.6578096405,0.35,631.0,,,,,,,,,,,,0,
13,30,necessity,-922694.2021680626,7816.4,2645.0179596943626,8960.193910799495,0.1,34.0,363.0,,,6314.0,313606.7868779823,1236300.9890460449,0.35,631.0,,,,,,,,,,,,0,
14,30,necessity,131993.86155941314,8084.4,1771.7897563727813,28239.45645203099,0.1,35.0,516.0,,,6314.0,960141.5193690537,828147.6578096405,0.35,631.0,,,,,,,,,,,,0,
15,30,necessity,-325571.85822969675,8199.4,2652.5368466669306,26121.243265381574,0.1,34.0,287.0,,,6314.0,914243.5142883551,1239815.3725180519,0.35,631.0,,,,,,,,,,,,0,
16,30,necessity,-66869.58281623141,8543.4,1771.7897563727813,22390.53161745321,0.1,33.0,498.0,,,6314.0,761278.0749934091,828147.6578096405,0.35,631.0,,,,,,,,,,,,0,
17,30,necessity,295717.7751280441,8676.4,1255.0796442654228,26737.91814162561,0.1,34.0,203.0,,,6314.0,882351.2986736451,586633.523545601,0.35,631.0,,,,,,,,,,,,0,
18,30,necessity,-568036.2556919563,9104.4,1760.385926996346,7493.56375840826,0.1,33.0,293.0,,,6314.0,254781.16778588083,822817.4234778371,0.35,631.0,,,,,,,,,,,,0,
19,30,necessity,-70840.44693567173,9442.4,1255.0796442654228,15630.09323060392,0.1,34.0,299.0,,,6314.0,515793.0766099293,586633.523545601,0.35,631.0,,,,,,,,,,,,0,
20,30,necessity,-465007.2226937667,9774.4,1797.7379512624168,11037.318048098865,0.1,33.0,320.0,,,6314.0,375268.8136353614,840276.0363291281,0.35,631.0,,,,,,,,,,,,0,
21,30,necessity,-14048.51840763609,10085.4,1260.8372322263638,17432.610436484043,0.1,34.0,363.0,,,6314.0,575276.1444039734,589324.6628116095,0.35,631.0,,,,,,,,,,,,0,
22,30,necessity,-368814.3457287075,10353.4,1768.2609360032075,13461.291626416767,0.1,33.0,387.0,,,6314.0,457683.91529817006,826498.2610268776,0.35,631.0,,,,,,,,,,,,0,
23,30,necessity,94992.31942163187,10597.4,1260.8372322263638,20736.87824949216,0.1,34.0,545.0,,,6314.0,684316.9822332413,589324.6628116095,0.35,631.0,,,,,,,,,,,,0,
24,30,necessity,-144832.69616609917,10683.4,1780.0081325749175,20210.47916362848,0.1,33.0,404.0,,,6314.0,687156.2915633683,831988.9877294675,0.35,631.0,,,,,,,,,,,,0,
25,30,necessity,129798.62274865725,10910.4,1260.8372322263638,21791.614713947474,0.1,34.0,340.0,,,6314.0,719123.2855602667,589324.6628116095,0.35,631.0,,,,,,,,,,,,0,
26,30,necessity,-407433.5018735223,11201.4,1788.8423380860756,12608.372322263638,0.1,33.0,208.0,,,6314.0,428684.6589569637,836118.160830486,0.35,631.0,,,,,,,,,,,,0,
27,30,necessity,-217245.4564897057,11624.4,1260.8372322263638,11275.127464300112,0.1,32.0,477.0,,,6314.0,372079.20632190374,589324.6628116095,0.35,631.0,,,,,,,,,,,,0,
28,30,necessity,265737.2097438931,11778.4,718.1789252293698,18794.354992874236,0.1,33.0,480.0,,,6314.0,601419.3597719755,335682.1500280824,0.35,631.0,,,,,,,,,,,,0,
29,30,necessity,-252014.5780817581,11929.4,1276.7030470400985,10446.238912427198,0.1,32.0,583.0,,,6314.0,344725.88411009754,596740.4621918557,0.35,631.0,,,,,,,,,,,,0,
30,30,necessity,408635.726396295,11977.4,718.1789252293698,23259.933638261795,0.1,33.0,1242.0,,,6314.0,744317.8764243774,335682.1500280824,0.35,631.0,,,,,,,,,,,,0,
31,30,necessity,307055.9052493002,11366.4,1251.4185904819503,27029.643185905374,0.1,34.0,782.0,,,6314.0,891978.2251348774,584922.3198855772,0.35,631.0,,,,,,,,,,,,0,
32,30,necessity,142110.14384784934,11215.4,1789.6575435618718,28782.62758108486,0.1,35.0,240.0,,,6314.0,978609.3377568852,836499.1939090359,0.35,631.0,,,,,,,,,,,,0,
33,30,necessity,-889018.0340829657,11606.4,2820.956239786203,12271.937441567121,0.1,34.0,291.0,,,6314.0,429517.8104548492,1318535.8445378148,0.35,631.0,,,,,,,,,,,,0,
34,30,necessity,-15600.928131250897,11946.4,1789.6575435618718,24144.066640523088,0.1,35.0,144.0,,,6314.0,820898.265777785,836499.1939090359,0.35,631.0,,,,,,,,,,,,0,
35,30,necessity,-1001722.5753990546,12433.4,2694.5085587363596,7363.162464940273,0.1,34.0,316.0,,,6314.0,257710.68627290954,1259433.261671964,0.35,631.0,,,,,,,,,,,,0,
36,30,necessity,14965.510651653749,12748.4,1789.6575435618718,25043.079545902638,0.1,35.0,320.0,,,6314.0,851464.7045606896,836499.1939090359,0.35,631.0,,,,,,,,,,,,0,
37,30,necessity,-657653.3364316961,13059.4,2632.2726788736068,16362.583255422827,0.1,34.0,289.0,,,6314.0,572690.413939799,1230343.750371495,0.35,631.0,,,,,,,,,,,,0,
38,30,necessity,-75772.3897145635,13401.4,1789.6575435618718,22374.31777042566,0.1,35.0,544.0,,,6314.0,760726.8041944724,836499.1939090359,0.35,631.0,,,,,,,,,,,,0,
39,30,necessity,-333262.85042632616,13488.4,2795.926062236851,27816.39153421881,0.1,36.0,152.0,,,6314.0,973573.7036976583,1306836.5541239844,0.35,631.0,,,,,,,,,,,,0,
40,30,necessity,-1068269.4445787554,13967.4,3194.750831945437,11805.021151666704,0.1,35.0,171.0,,,6314.0,424980.76146000135,1493250.2060387568,0.35,631.0,,,,,,,,,,,,0,
41,30,necessity,-476610.4535611386,14427.4,2188.482313270458,15608.63977893342,0.1,36.0,509.0,,,6314.0,546302.3922626697,1022912.8458238083,0.35,631.0,,,,,,,,,,,,0,
5,31,necessity,274987.078626366,4073.3999999999996,426.83859664780346,12346.483367331026,0.1,36.0,1146.0,,,4974.0,432126.91785658593,157139.83923021992,0.35,497.0,,,,,,,,,,,,0,
6,31,necessity,89676.67838948587,3424.3999999999996,1085.1075975108715,13587.695326621742,0.1,37.0,238.0,,,4974.0,489157.03175838274,399480.3533688969,0.35,497.0,,,,,,,,,,,,0,
7,31,necessity,-296073.6210576807,3683.3999999999996,1505.7232555380056,6979.881302907768,0.1,36.0,361.0,,,4974.0,258255.60820758741,554329.2292652681,0.35,497.0,,,,,,,,,,,,0,
8,31,necessity,231577.38012262894,3819.3999999999996,847.4542546749371,15099.058201367223,0.1,37.0,748.0,,,4974.0,543566.09524922,311988.7151265911,0.35,497.0,,,,,,,,,,,,0,
9,31,necessity,86200.06278974365,3568.3999999999996,1487.7046682432456,17132.318445860892,0.1,38.0,367.0,,,4974.0,633895.782496853,547695.7197071094,0.35,497.0,,,,,,,,,,,,0,
10,31,necessity,-261129.57311251643,3698.3999999999996,2192.3706225163837,14368.095085401872,0.1,37.0,104.0,,,4974.0,545987.6132452711,807117.1863577876,0.35,497.0,,,,,,,,,,,,0,
11,31,necessity,-343403.63703556545,4091.3999999999996,1552.1202089480753,6162.339047073078,0.1,36.0,350.0,,,4974.0,228006.5447417039,571410.1817772693,0.35,497.0,,,,,,,,,,,,0,
12,31,necessity,231253.35800523526,4238.4,847.4542546749371,15090.057586995177,0.1,37.0,816.0,,,4974.0,543242.0731318264,311988.7151265911,0.35,497.0,,,,,,,,,,,,0,
13,31,necessity,94984.2960332766,3919.3999999999996,1620.3758665686346,18689.801940939153,0.1,38.0,549.0,,,4974.0,691522.6718147487,596538.3757814721,0.35,497.0,,,,,,,,,,,,0,
14,31,necessity,19215.89304547396,3867.3999999999996,2364.1853431222708,23410.167124899483,0.1,39.0,229.0,,,4974.0,889586.3507461804,870370.4577007064,0.35,497.0,,,,,,,,,,,,0,
15,31,necessity,-713434.6891070233,4135.4,3408.5004541493586,13882.011373717949,0.1,38.0,240.0,,,4974.0,541398.443575,1254833.1326820233,0.35,497.0,,,,,,,,,,,,0,
16,31,necessity,-52330.34870486043,4392.4,2364.1853431222708,21527.371289364368,0.1,39.0,108.0,,,4974.0,818040.108995846,870370.4577007064,0.35,497.0,,,,,,,,,,,,0,
17,31,necessity,-1018989.9124573978,4781.4,3461.437829745023,6546.974796338595,0.1,38.0,147.0,,,4974.0,255332.01705720523,1274321.929514603,0.35,497.0,,,,,,,,,,,,0,
18,31,necessity,-361539.09672818804,5131.4,2364.1853431222708,13390.29897296101,0.1,39.0,316.0,,,4974.0,508831.3609725184,870370.4577007064,0.35,497.0,,,,,,,,,,,,0,
19,31,necessity,-579771.1397968739,5312.4,3604.1297836974063,19155.963292990706,0.1,40.0,48.0,,,4974.0,747082.5684266376,1326853.7082235115,0.35,497.0,,,,,,,,,,,,0,
20,31,necessity,-1312832.2517592264,5761.4,4035.9580398844864,4324.955740436888,0.1,39.0,98.0,,,4974.0,172998.2296174755,1485830.481376702,0.35,497.0,,,,,,,,,,,,0,
21,31,necessity,-633823.3429452173,6160.4,2796.013599309351,10141.638151504607,0.1,40.0,212.0,,,4974.0,395523.88790867967,1029347.2308538969,0.35,497.0,,,,,,,,,,,,0,
22,31,necessity,-832166.8527878104,6445.4,3870.511749527905,14818.87207633956,0.1,41.0,151.0,,,4974.0,592754.8830535824,1424921.7358413928,0.35,497.0,,,,,,,,,,,,0,
23,31,necessity,-1096266.2071858929,6791.4,4565.318300355937,14254.81156533448,0.1,40.0,37.0,,,4974.0,584447.2741787137,1680713.4813646066,0.35,497.0,,,,,,,,,,,,0,
24,31,necessity,-1116222.199263941,7251.4,3490.820150137383,4222.919427829242,0.1,39.0,122.0,,,4974.0,168916.77711316966,1285138.9763771107,0.35,497.0,,,,,,,,,,,,0,
25,31,necessity,-603467.1725371362,7626.4,2796.013599309351,10920.001495301556,0.1,40.0,162.0,,,4974.0,425880.0583167607,1029347.2308538969,0.35,497.0,,,,,,,,,,,,0,
26,31,necessity,-971443.1570029162,7961.4,3869.0873888406536,11323.855077202872,0.1,41.0,87.0,,,4974.0,452954.20308811485,1424397.360091031,0.35,497.0,,,,,,,,,,,,0,
27,31,necessity,-1347074.8720198576,8371.4,4573.3911196634845,8210.01470314968,0.1,40.0,67.0,,,4974.0,336610.6028291369,1683685.4748489945,0.35,497.0,,,,,,,,,,,,0,
28,31,necessity,-982218.1405944068,8801.4,3500.3173301321817,7660.430125436336,0.1,39.0,186.0,,,4974.0,306417.20501745347,1288635.3456118603,0.35,497.0,,,,,,,,,,,,0,
29,31,necessity,-378288.20744931116,9112.4,2796.013599309351,16693.821112938098,0.1,40.0,141.0,,,4974.0,651059.0234045858,1029347.2308538969,0.35,497.0,,,,,,,,,,,,0,
30,31,necessity,-1025324.6179469333,9468.4,3855.9545653942464,9855.947937565461,0.1,39.0,133.0,,,4974.0,394237.91750261845,1419562.5354495517,0.35,497.0,,,,,,,,,,,,0,
31,31,necessity,-516505.27365646214,9832.4,2796.013599309351,13149.793774293199,0.1,40.0,131.0,,,4974.0,512841.9571974348,1029347.2308538969,0.35,497.0,,,,,,,,,,,,0,
32,31,necessity,-1079339.54281272,10198.4,3926.7271306002085,9156.944537738123,0.1,39.0,123.0,,,4974.0,366277.78150952497,1445617.3243222449,0.35,497.0,,,,,,,,,,,,0,
33,31,necessity,-546359.7937900713,10572.4,2796.013599309351,12384.293258046811,0.1,40.0,128.0,,,4974.0,482987.43706382567,1029347.2308538969,0.35,497.0,,,,,,,,,,,,0,
34,31,necessity,-1058140.6792115718,10941.4,3846.3602878267957,8947.243517789922,0.1,39.0,140.0,,,4974.0,357889.7407115969,1416030.4199231686,0.35,497.0,,,,,,,,,,,,0,
35,31,necessity,-490856.7905581455,11298.4,2796.013599309351,13807.44718707055,0.1,40.0,314.0,,,4974.0,538490.4402957514,1029347.2308538969,0.35,497.0,,,,,,,,,,,,0,
36,31,necessity,-551169.1946791515,11481.4,3881.908598958109,21948.706754578405,0.1,41.0,114.0,,,4974.0,877948.2701831362,1429117.4648622877,0.35,497.0,,,,,,,,,,,,0,
37,31,necessity,-1262777.7594890492,11864.4,4632.144273757998,10793.599519054254,0.1,40.0,116.0,,,4974.0,442537.58028122445,1705315.3397702735,0.35,497.0,,,,,,,,,,,,0,
38,31,necessity,-768216.3700059549,12245.4,3546.24927410924,13433.218393898194,0.1,41.0,136.0,,,4974.0,537328.7357559277,1305545.1057618826,0.35,497.0,,,,,,,,,,,,0,
39,31,necessity,-1295673.5009934388,12606.4,4829.47804474471,11763.168323874554,0.1,40.0,126.0,,,4974.0,482289.9012788567,1777963.4022722954,0.35,497.0,,,,,,,,,,,,0,
40,31,necessity,-697030.8721240491,12977.4,3546.24927410924,15212.855840945838,0.1,41.0,216.0,,,4974.0,608514.2336378335,1305545.1057618826,0.35,497.0,,,,,,,,,,,,0,
41,31,necessity,-943434.07758617,13258.4,4643.304403276216,18682.67910262429,0.1,42.0,139.0,,,4974.0,765989.8432075959,1709423.920793766,0.35,497.0,,,,,,,,,,,,0,
