data/saved_data/run_2025_05_03_2158_richie_random_luxury_distribution/firm_data.csv
Step,AgentID,FirmType,Profit,Inventory,ProductPrice,RevenuePerEmployee,ProductionLevel,NumEmployees,DemandReceived,InventoryDemandRatio,SellThroughRate,ProductionCapacity,Revenue,Costs,Markup,ProducedUnits,IncomeBracket,NumPeople,SpendRatio,PostTaxIncome,HouseholdExpense,HouseholdSavings,HealthLevel,Welfare,SkillLevel,SkillType,JobLevel,IsEmployed,Wage
5,34,necessity,-435268.43738397554,4843.1,1675.046558862508,3516.429163423138,0.1,40.0,273.0,,,4671.0,144173.59570034867,579442.0330843242,0.35,467.0,,,,,,,,,,,,0,
6,34,necessity,107222.2494201868,5037.1,1011.96653434595,11432.192764236617,0.1,41.0,682.0,,,4671.0,457287.71056946466,350065.46114927786,0.35,467.0,,,,,,,,,,,,0,
7,34,necessity,113186.24189656496,4822.1,1667.9146893876634,16833.199424974096,0.1,42.0,119.0,,,4671.0,690161.1764239379,576974.9345273729,0.35,467.0,,,,,,,,,,,,0,
8,34,necessity,-606778.2857543146,5170.1,2327.8397822068805,4725.7582865983795,0.1,41.0,109.0,,,4671.0,198481.84803713195,805260.1337914466,0.35,467.0,,,,,,,,,,,,0,
9,34,necessity,-324616.1241528015,5528.1,1671.8916271651667,6188.647225867073,0.1,42.0,86.0,,,4671.0,253734.53626054997,578350.6604133515,0.35,467.0,,,,,,,,,,,,0,
10,34,necessity,-677659.6677210212,5909.1,2374.619201204787,3423.3971413381987,0.1,41.0,156.0,,,4671.0,143782.67993620434,821442.3476572256,0.35,467.0,,,,,,,,,,,,0,
11,34,necessity,-222716.55300520518,6220.1,1714.6941083855697,9035.13647287675,0.1,42.0,485.0,,,4671.0,370440.59538794676,593157.1483931519,0.35,467.0,,,,,,,,,,,,0,
12,34,necessity,14188.90217877552,6202.1,2363.0427134069855,19800.634346833365,0.1,43.0,156.0,,,4671.0,831626.6425670013,817437.7403882258,0.35,467.0,,,,,,,,,,,,0,
13,34,necessity,-835351.3351446833,6513.1,3480.4734355639403,8572.899146313715,0.1,42.0,170.0,,,4671.0,368634.66329148976,1203985.998436173,0.35,467.0,,,,,,,,,,,,0,
14,34,necessity,-225757.25634235598,6810.1,2363.0427134069855,14087.63057252071,0.1,43.0,277.0,,,4671.0,591680.4840458698,817437.7403882258,0.35,467.0,,,,,,,,,,,,0,
15,34,necessity,-554424.8243668616,7000.1,3494.9321886057246,15222.391432877557,0.1,44.0,220.0,,,4671.0,654562.831613735,1208987.6559805966,0.35,467.0,,,,,,,,,,,,0,
16,34,necessity,-616681.7746295556,7247.1,4005.3859780736925,17474.660943028623,0.1,45.0,120.0,,,4671.0,768885.0814932594,1385566.856122815,0.35,467.0,,,,,,,,,,,,0,
17,34,necessity,-1142698.2834336956,7594.1,4692.752047945772,10681.02927486318,0.1,44.0,18.0,,,4671.0,480646.3173688431,1623344.6008025387,0.35,467.0,,,,,,,,,,,,0,
18,34,necessity,-1147325.1483471442,8043.1,3560.8625727470335,1919.7622014323613,0.1,43.0,189.0,,,4671.0,84469.5368630239,1231794.6852101681,0.35,467.0,,,,,,,,,,,,0,
19,34,necessity,-334511.0669659049,8321.1,2912.513967725617,15651.233168585797,0.1,44.0,213.0,,,4671.0,673003.0262491893,1007514.0932150942,0.35,467.0,,,,,,,,,,,,0,
20,34,necessity,-779469.7635209552,8575.1,4046.632908193058,14099.215343762648,0.1,43.0,91.0,,,4671.0,620365.4751255565,1399835.2386465117,0.35,467.0,,,,,,,,,,,,0,
21,34,necessity,-639270.4985695259,8951.1,2912.513967725617,8563.804526641123,0.1,42.0,145.0,,,4671.0,368243.5946455683,1007514.0932150942,0.35,467.0,,,,,,,,,,,,0,
22,34,necessity,-347421.823215156,9273.1,2225.147897853538,10055.107745719391,0.1,43.0,89.0,,,4671.0,422314.52532021445,769736.3485353704,0.35,467.0,,,,,,,,,,,,0,
23,34,necessity,-798780.5941133177,9651.1,2881.595972373631,4605.538672301509,0.1,42.0,300.0,,,4671.0,198038.16290896488,996818.7570222826,0.35,467.0,,,,,,,,,,,,0,
24,34,necessity,94742.4431767189,9818.1,2225.147897853538,20582.828374097364,0.1,43.0,102.0,,,4671.0,864478.7917120893,769736.3485353704,0.35,467.0,,,,,,,,,,,,0,
25,34,necessity,-767257.2255027384,10183.1,2874.0901864861644,5278.257804210717,0.1,42.0,210.0,,,4671.0,226965.08558106085,994222.3110837992,0.35,467.0,,,,,,,,,,,,0,
26,34,necessity,-166177.40937327594,10440.1,2225.147897853538,14370.450932430822,0.1,43.0,51.0,,,4671.0,603558.9391620945,769736.3485353704,0.35,467.0,,,,,,,,,,,,0,
27,34,necessity,-913334.2558199456,10856.1,2968.3140795628024,2639.1289021053585,0.1,42.0,268.0,,,4671.0,113482.54279053042,1026816.7986104761,0.35,467.0,,,,,,,,,,,,0,
28,34,necessity,11783.061956229038,11055.1,2265.586505523183,18940.67079340074,0.1,43.0,239.0,,,4671.0,795508.173322831,783725.111366602,0.35,467.0,,,,,,,,,,,,0,
29,34,necessity,-485480.82276461367,11283.1,2968.716474883441,12592.445926047458,0.1,42.0,144.0,,,4671.0,541475.1748200407,1026955.9975846544,0.35,467.0,,,,,,,,,,,,0,
30,34,necessity,-356229.9389833865,11606.1,2265.586505523183,10178.456485314655,0.1,41.0,188.0,,,4671.0,427495.1723832155,783725.111366602,0.35,467.0,,,,,,,,,,,,0,
31,34,necessity,-100714.39825313794,11885.1,1522.4203238139182,10388.543000935571,0.1,42.0,298.0,,,4671.0,425930.2630383584,526644.6612914964,0.35,467.0,,,,,,,,,,,,0,
32,34,necessity,-374117.9296282026,12054.1,2392.9955008038914,10801.93467848923,0.1,43.0,120.0,,,4671.0,453681.2564965476,827799.1861247502,0.35,467.0,,,,,,,,,,,,0,
33,34,necessity,-771405.1252936204,12401.1,3060.0903366520934,6678.126978987604,0.1,42.0,174.0,,,4671.0,287159.460096467,1058564.5853900874,0.35,467.0,,,,,,,,,,,,0,
34,34,necessity,-295343.46754728595,12694.1,2392.9955008038914,12677.517108987244,0.1,43.0,252.0,,,4671.0,532455.7185774642,827799.1861247502,0.35,467.0,,,,,,,,,,,,0,
35,34,necessity,-459431.3909018842,12909.1,3071.3692591427375,14024.066655873969,0.1,44.0,305.0,,,4671.0,603034.8662025806,1062466.2571044648,0.35,467.0,,,,,,,,,,,,0,
36,34,necessity,-545074.0045546698,13071.1,4283.696347574155,21290.173273603068,0.1,45.0,156.0,,,4671.0,936767.6240385349,1481841.6285932048,0.35,467.0,,,,,,,,,,,,0,
37,34,necessity,-1058704.4287143997,13382.1,4992.285705720066,14850.147338257071,0.1,44.0,124.0,,,4671.0,668256.6302215682,1726961.0589359677,0.35,467.0,,,,,,,,,,,,0,
38,34,necessity,-688542.2599379398,13725.1,3779.9586172886493,14069.168807029277,0.1,43.0,142.0,,,4671.0,619043.4275092882,1307585.687447228,0.35,467.0,,,,,,,,,,,,0,
39,34,necessity,-536164.4928125251,14050.1,3101.584858949803,12482.6540384881,0.1,42.0,73.0,,,4671.0,536754.1236549882,1072918.6164675134,0.35,467.0,,,,,,,,,,,,0,
40,34,necessity,-601383.4914214145,14444.1,2392.9955008038914,5390.849873888944,0.1,41.0,300.0,,,4671.0,226415.69470333564,827799.1861247502,0.35,467.0,,,,,,,,,,,,0,
5,39,luxury,-2263381.938665265,922.6,71891.40228930321,14833.544173109194,0.1,57.0,11.0,,,506.0,830678.4736941148,3094060.41235938,0.18500000000000005,51.0,,,,,,,,,,,,0,
6,39,luxury,-2896531.2913560867,962.6,78446.27958819429,13873.779389163778,0.1,56.0,1.0,,,506.0,790805.4251823353,3687336.7165384223,0.08500000000000005,51.0,,,,,,,,,,,,0,
7,39,luxury,-2236026.22211453,1012.6,45835.63099772785,1400.826421217755,0.1,55.0,24.0,,,506.0,78446.27958819429,2314472.501702724,0.01,51.0,,,,,,,,,,,,0,
8,39,luxury,-379084.2015463987,1039.6,29292.759012824055,20001.002617190334,0.1,56.0,10.0,,,506.0,1100055.1439454684,1479139.345491867,0.01,51.0,,,,,,,,,,,,0,
9,39,luxury,-2019565.7163124504,1080.6,45796.43517075809,5230.84982371858,0.1,55.0,14.0,,,506.0,292927.5901282405,2312493.306440691,0.01,51.0,,,,,,,,,,,,0,
10,39,luxury,-837989.2531012538,1117.6,29292.759012824055,11657.274407102059,0.1,56.0,12.0,,,506.0,641150.0923906133,1479139.345491867,0.01,51.0,,,,,,,,,,,,0,
11,39,luxury,-1973877.7329042733,1156.6,46051.856929742884,6277.019788462298,0.1,55.0,19.0,,,506.0,351513.10815388866,2325390.841058162,0.01,51.0,,,,,,,,,,,,0,
12,39,luxury,-604154.0638267522,1188.6,29292.759012824055,15908.823303002087,0.1,56.0,56.0,,,506.0,874985.2816651148,1479139.345491867,0.01,51.0,,,,,,,,,,,,0,
13,39,luxury,-710514.8753924058,1183.6,46557.22406577323,29292.75901282406,0.1,57.0,4.0,,,506.0,1640394.5047181472,2350909.380110553,0.01,51.0,,,,,,,,,,,,0,
14,39,luxury,-3604265.551138736,1230.6,75066.65327076851,3267.1736186507533,0.1,56.0,8.0,,,506.0,186228.89626309293,3790494.4474018286,0.01,51.0,,,,,,,,,,,,0,
15,39,luxury,-1750376.1539444048,1273.6,46557.22406577323,10723.807610109787,0.1,57.0,20.0,,,506.0,600533.2261661481,2350909.380110553,0.01,51.0,,,,,,,,,,,,0,
16,39,luxury,-2793754.8550891457,1304.6,73767.61286276557,16335.868093253766,0.1,58.0,6.0,,,506.0,931144.4813154647,3724899.3364046104,0.01,51.0,,,,,,,,,,,,0,
17,39,luxury,-4226213.059682256,1349.6,92460.91826993176,7631.13236511368,0.1,57.0,11.0,,,506.0,442605.67717659345,4668818.736858849,0.01,51.0,,,,,,,,,,,,0,
18,39,luxury,-2277758.679595543,1389.6,65250.52947293943,17843.335104723672,0.1,58.0,16.0,,,506.0,1017070.1009692494,3294828.7805647925,0.01,51.0,,,,,,,,,,,,0,
19,39,luxury,-3659076.135076478,1424.6,93139.51685432211,18000.14606150053,0.1,59.0,11.0,,,506.0,1044008.4715670309,4703084.606643509,0.01,51.0,,,,,,,,,,,,0,
20,39,luxury,-4538344.297050807,1464.6,110166.81690403954,17364.99466775497,0.1,58.0,4.0,,,506.0,1024534.6853975432,5562878.98244835,0.01,51.0,,,,,,,,,,,,0,
21,39,luxury,-3713955.888753475,1511.6,82277.82952265687,7597.711510623417,0.1,57.0,4.0,,,506.0,440667.2676161582,4154623.1563696335,0.01,51.0,,,,,,,,,,,,0,
22,39,luxury,-2965717.462474165,1558.6,65250.52947293943,5773.882773519781,0.1,56.0,23.0,,,506.0,329111.3180906275,3294828.7805647925,0.01,51.0,,,,,,,,,,,,0,
23,39,luxury,-922296.5680684997,1586.6,47986.06441999026,26799.324604957266,0.1,57.0,13.0,,,506.0,1500762.1778776068,2423058.7459461065,0.01,51.0,,,,,,,,,,,,0,
24,39,luxury,-3167615.970179505,1624.6,75085.27609079405,10944.190130874973,0.1,56.0,16.0,,,506.0,623818.8374598734,3791434.8076393786,0.01,51.0,,,,,,,,,,,,0,
25,39,luxury,-1221694.3284934016,1659.6,47986.06441999026,21452.93602594116,0.1,57.0,15.0,,,506.0,1201364.4174527049,2423058.7459461065,0.01,51.0,,,,,,,,,,,,0,
26,39,luxury,-3172774.8476691376,1695.6,77088.06656903167,12627.91168947112,0.1,56.0,3.0,,,506.0,719790.9662998539,3892565.8139689914,0.01,51.0,,,,,,,,,,,,0,
27,39,luxury,-2191794.5462390115,1743.6,47986.06441999026,4129.717851912411,0.1,55.0,8.0,,,506.0,231264.199707095,2423058.7459461065,0.01,51.0,,,,,,,,,,,,0,
28,39,luxury,-1158916.729810323,1786.6,30553.593471928514,6979.79118836222,0.1,56.0,19.0,,,506.0,383888.5153599221,1542805.2451702452,0.01,51.0,,,,,,,,,,,,0,
29,39,luxury,-1866277.7352414534,1818.6,48456.15535027492,10366.397785118603,0.1,57.0,13.0,,,506.0,580518.2759666417,2446796.011208095,0.01,51.0,,,,,,,,,,,,0,
30,39,luxury,-3165230.312226966,1856.6,75159.05607724098,11051.40385181709,0.1,58.0,11.0,,,506.0,629930.019553574,3795160.3317805403,0.01,51.0,,,,,,,,,,,,0,
31,39,luxury,-3845322.9681269936,1896.6,92525.3572215893,14254.303738787083,0.1,59.0,5.0,,,506.0,826749.6168496507,4672072.584976644,0.01,51.0,,,,,,,,,,,,0,
32,39,luxury,-5050730.159558849,1942.6,109186.08639092896,7841.1319679312965,0.1,58.0,4.0,,,506.0,462626.7861079465,5513356.945666796,0.01,51.0,,,,,,,,,,,,0,
33,39,luxury,-3728248.279530635,1989.6,82483.18566396293,7530.074923512342,0.1,57.0,12.0,,,506.0,436744.34556371585,4164992.625094351,0.01,51.0,,,,,,,,,,,,0,
34,39,luxury,-2333910.036436645,2028.6,65822.45649462326,17364.88119241325,0.1,58.0,38.0,,,506.0,989798.2279675552,3323708.2644042,0.01,51.0,,,,,,,,,,,,0,
35,39,luxury,-2165581.366283159,2041.6,92421.62681937264,43125.05770337386,0.1,59.0,6.0,,,506.0,2501253.3467956837,4666834.7130788425,0.01,51.0,,,,,,,,,,,,0,
36,39,luxury,-4958504.800207471,2086.6,109179.70191284789,9398.809507054844,0.1,58.0,12.0,,,506.0,554529.7609162359,5513034.561123706,0.01,51.0,,,,,,,,,,,,0,
37,39,luxury,-2859751.689494889,2125.6,82580.5315880985,22588.903844037493,0.1,59.0,3.0,,,506.0,1310156.4229541747,4169908.112449064,0.01,51.0,,,,,,,,,,,,0,
38,39,luxury,-5265366.953353079,2173.6,109181.16714543884,4199.0100807507715,0.1,58.0,11.0,,,506.0,247741.5947642955,5513108.548117374,0.01,51.0,,,,,,,,,,,,0,
39,39,luxury,-2968915.273849237,2213.6,82580.5315880985,20706.773079307364,0.1,59.0,15.0,,,506.0,1200992.8385998271,4169908.112449064,0.01,51.0,,,,,,,,,,,,0,
40,39,luxury,-4248033.731192652,2249.6,108659.00026284847,20995.050403753856,0.1,60.0,11.0,,,506.0,1238707.9738214775,5486741.70501413,0.01,51.0,,,,,,,,,,,,0,
5,41,luxury,849606.7927444797,664.6,23841.757415039123,60365.59993539969,0.1,31.0,18.0,,,496.0,1810967.9980619906,961361.2053175109,0.24000000000000005,50.0,,,,,,,,,,,,0,
6,41,luxury,-1986892.237259103,696.6,55085.79915092363,13843.601079700135,0.1,30.0,10.0,,,496.0,429151.6334707042,2416043.8707298073,0.14000000000000004,50.0,,,,,,,,,,,,0,
7,41,luxury,-410503.2138082746,736.6,19996.312670677977,18361.933050307875,0.1,31.0,87.0,,,496.0,550857.9915092363,961361.2053175109,0.040000000000000036,50.0,,,,,,,,,,,,0,
8,41,luxury,-581811.1342701518,699.6,46894.10386182447,56118.683946741425,0.1,32.0,27.0,,,496.0,1739679.202348984,2321490.336619136,0.01,50.0,,,,,,,,,,,,0,
9,41,luxury,-1927705.3004397894,722.6,64515.69002480902,39566.9001334144,0.1,31.0,25.0,,,496.0,1266140.8042692607,3193846.10470905,0.01,50.0,,,,,,,,,,,,0,
10,41,luxury,-220824.72278719977,747.6,37041.082122008345,52028.78227807179,0.1,32.0,10.0,,,496.0,1612892.2506202254,1833716.9734074252,0.01,50.0,,,,,,,,,,,,0,
11,41,luxury,-2857355.478822279,787.6,65200.877956838165,11575.338163127608,0.1,31.0,11.0,,,496.0,370410.82122008345,3227766.3000423624,0.01,50.0,,,,,,,,,,,,0,
12,41,luxury,-1116507.3158822055,826.6,37041.082122008345,23135.79540403935,0.1,32.0,18.0,,,496.0,717209.6575252198,1833716.9734074252,0.01,50.0,,,,,,,,,,,,0,
13,41,luxury,-2525992.2415461,858.6,64493.17944892987,20835.608693629692,0.1,31.0,9.0,,,496.0,666739.4781961502,3192731.71974225,0.01,50.0,,,,,,,,,,,,0,
14,41,luxury,-1253278.3583670564,899.6,37041.082122008345,18723.826291624802,0.1,30.0,25.0,,,496.0,580438.6150403689,1833716.9734074252,0.01,50.0,,,,,,,,,,,,0,
15,41,luxury,-35334.15226730227,924.6,19419.495959023803,30867.568435006953,0.1,31.0,90.0,,,496.0,926027.0530502086,961361.2053175109,0.01,50.0,,,,,,,,,,,,0,
16,41,luxury,-548368.5762654918,884.6,46381.687966434445,56379.181816520715,0.1,32.0,24.0,,,496.0,1747754.6363121422,2296123.212577634,0.01,50.0,,,,,,,,,,,,0,
17,41,luxury,-2059729.6004109425,910.6,64092.378972580875,34786.26597482583,0.1,31.0,22.0,,,496.0,1113160.5111944266,3172890.111605369,0.01,50.0,,,,,,,,,,,,0,
18,41,luxury,-428095.7669484664,938.6,37130.18696517023,45484.914109573525,0.1,32.0,37.0,,,496.0,1410032.3373967793,1838128.1043452458,0.01,50.0,,,,,,,,,,,,0,
19,41,luxury,-1793888.1617025384,951.6,63987.64132440668,42931.77867847808,0.1,31.0,23.0,,,496.0,1373816.9177112984,3167705.079413837,0.01,50.0,,,,,,,,,,,,0,
20,41,luxury,-366412.35388389206,978.6,37130.18696517023,47474.7016277856,0.1,32.0,41.0,,,496.0,1471715.7504613537,1838128.1043452458,0.01,50.0,,,,,,,,,,,,0,
21,41,luxury,-1670362.3085013207,987.5999999999999,64492.538186429905,47573.05204912436,0.1,33.0,4.0,,,496.0,1522337.6655719795,3192699.9740733,0.01,50.0,,,,,,,,,,,,0,
22,41,luxury,-3486410.0835843096,1033.6,75636.479261137,7817.277355930898,0.1,32.0,7.0,,,496.0,257970.15274571962,3744380.236330029,0.01,50.0,,,,,,,,,,,,0,
23,41,luxury,-1860353.011774016,1076.6,48274.12803987734,16545.47983837372,0.1,33.0,23.0,,,496.0,529455.3548279591,2389808.366601975,0.01,50.0,,,,,,,,,,,,0,
24,41,luxury,-2722660.572609361,1103.6,77425.90190551807,33645.60439142966,0.1,34.0,10.0,,,496.0,1110304.9449171787,3832965.5175265395,0.01,50.0,,,,,,,,,,,,0,
25,41,luxury,-3887639.168707145,1143.6,94170.34150939215,22772.324089858255,0.1,33.0,11.0,,,496.0,774259.0190551807,4661898.187762326,0.01,50.0,,,,,,,,,,,,0,
26,41,luxury,-2182867.280234448,1182.6,65018.56764375144,31390.11383646405,0.1,34.0,7.0,,,496.0,1035873.7566033136,3218741.0368377618,0.01,50.0,,,,,,,,,,,,0,
27,41,luxury,-4157458.824459422,1225.6,93174.29185542095,13386.175691360591,0.1,33.0,7.0,,,496.0,455129.9735062601,4612588.797965682,0.01,50.0,,,,,,,,,,,,0,
28,41,luxury,-2566520.993849815,1268.6,65018.56764375144,19764.243726907473,0.1,34.0,9.0,,,496.0,652220.0429879467,3218741.0368377618,0.01,50.0,,,,,,,,,,,,0,
29,41,luxury,-3914770.189262357,1309.6,90898.731602759,17210.797317463617,0.1,33.0,14.0,,,496.0,585167.108793763,4499937.29805612,0.01,50.0,,,,,,,,,,,,0,
30,41,luxury,-1946158.7943991357,1345.6,65018.56764375144,38563.09825571594,0.1,34.0,5.0,,,496.0,1272582.242438626,3218741.0368377618,0.01,50.0,,,,,,,,,,,,0,
31,41,luxury,-4344713.254138467,1390.6,94330.0811790143,9561.554065257564,0.1,33.0,4.0,,,496.0,325092.8382187572,4669806.092357224,0.01,50.0,,,,,,,,,,,,0,
32,41,luxury,-2841420.7121217046,1436.6,65018.56764375144,11433.949233819916,0.1,34.0,16.0,,,496.0,377320.3247160572,3218741.0368377618,0.01,50.0,,,,,,,,,,,,0,
33,41,luxury,-3692606.252387112,1470.6,95604.64544858722,30596.973008824207,0.1,35.0,8.0,,,496.0,1040297.0823000231,4732903.334687135,0.01,50.0,,,,,,,,,,,,0,
34,41,luxury,-4815776.962531004,1512.6,112728.40309304993,21852.49038824851,0.1,34.0,11.0,,,496.0,764837.1635886978,5580614.126119702,0.01,50.0,,,,,,,,,,,,0,
35,41,luxury,-2826439.3942467794,1551.6,82142.32528821414,36470.9539418691,0.1,35.0,19.0,,,496.0,1240012.4340235493,4066451.8282703287,0.01,50.0,,,,,,,,,,,,0,
36,41,luxury,-3799534.91243972,1582.6,108276.82751136238,44591.548013601954,0.1,36.0,12.0,,,496.0,1560704.1804760685,5360239.092915788,0.01,50.0,,,,,,,,,,,,0,
37,41,luxury,-5386638.684683891,1620.6,135056.4017182408,36092.2758371208,0.1,35.0,6.0,,,496.0,1299321.9301363486,6685960.614820239,0.01,50.0,,,,,,,,,,,,0,
38,41,luxury,-4581834.939865334,1664.6,108921.89949509256,23152.526008841283,0.1,34.0,7.0,,,496.0,810338.4103094449,5392173.350174779,0.01,50.0,,,,,,,,,,,,0,
39,41,luxury,-3303998.531804681,1707.6,82142.32528821414,22425.096954871995,0.1,33.0,19.0,,,496.0,762453.2964656479,4066451.8282703287,0.01,50.0,,,,,,,,,,,,0,
40,41,luxury,-1676814.9775584731,1738.6,65397.885684340035,47294.06607503238,0.1,34.0,22.0,,,496.0,1560704.1804760685,3237519.1580345416,0.01,50.0,,,,,,,,,,,,0,
