data/saved_data/run_2025_05_03_2158_richie_random_luxury_distribution/firm_data.csv
Step,AgentID,FirmType,Profit,Inventory,ProductPrice,RevenuePerEmployee,ProductionLevel,NumEmployees,DemandReceived,InventoryDemandRatio,SellThroughRate,ProductionCapacity,Revenue,Costs,Markup,ProducedUnits,IncomeBracket,NumPeople,SpendRatio,PostTaxIncome,HouseholdExpense,HouseholdSavings,HealthLevel,Welfare,SkillLevel,SkillType,JobLevel,IsEmployed,Wage
6,6,necessity,-787838.3016832989,4844.9,2714.5459196806373,6454.991532790556,0.1,57.0,231.0,,,5779.0,374389.5089018523,1162227.8105851512,0.35,578.0,,,,,,,,,,,,0,
7,6,necessity,-23850.47733359842,5191.9,1520.292885696318,11001.054516600478,0.1,58.0,241.0,,,5779.0,627060.1074462272,650910.5847798256,0.35,578.0,,,,,,,,,,,,0,
8,6,necessity,-777713.5959690514,5528.9,2672.215644026472,6317.079059531253,0.1,57.0,171.0,,,5779.0,366390.58545281267,1144104.181421864,0.35,578.0,,,,,,,,,,,,0,
9,6,necessity,-193961.70965129894,5935.9,1520.292885696318,8016.646932079416,0.1,58.0,823.0,,,5779.0,456948.8751285267,650910.5847798256,0.35,578.0,,,,,,,,,,,,0,
10,6,necessity,148396.1037907335,5690.9,2575.755480899046,21572.43180910465,0.1,59.0,188.0,,,5779.0,1251201.0449280697,1102804.9411373362,0.35,578.0,,,,,,,,,,,,0,
11,6,necessity,-881129.3081565527,6080.9,3189.016096668699,8207.492040830857,0.1,58.0,207.0,,,5779.0,484242.0304090206,1365371.3385655733,0.35,578.0,,,,,,,,,,,,0,
12,6,necessity,-253350.65019764216,6451.9,2133.5535014659713,11381.488482938288,0.1,59.0,388.0,,,5779.0,660126.3320104207,913476.9822080629,0.35,578.0,,,,,,,,,,,,0,
13,6,necessity,-393477.1218099216,6641.9,2852.5076741501084,14030.826416420286,0.1,60.0,250.0,,,5779.0,827818.7585687969,1221295.8803787185,0.35,578.0,,,,,,,,,,,,0,
14,6,necessity,-981698.5769554328,6969.9,3958.50244802248,11885.448642292118,0.1,59.0,235.0,,,5779.0,713126.9185375271,1694825.4954929599,0.35,578.0,,,,,,,,,,,,0,
15,6,necessity,-291047.8050934357,7312.9,2852.5076741501084,15766.91653025903,0.1,60.0,300.0,,,5779.0,930248.0752852828,1221295.8803787185,0.35,578.0,,,,,,,,,,,,0,
16,6,necessity,-804032.341480617,7590.9,3876.659628292331,14262.538370750543,0.1,59.0,159.0,,,5779.0,855752.3022450325,1659784.6437256495,0.35,578.0,,,,,,,,,,,,0,
17,6,necessity,-604906.9994802378,8009.9,2852.5076741501084,10447.269167770859,0.1,58.0,342.0,,,5779.0,616388.8808984807,1221295.8803787185,0.35,578.0,,,,,,,,,,,,0,
18,6,necessity,26048.364965434186,8245.9,2217.711934660998,16819.9590441265,0.1,59.0,247.0,,,5779.0,975557.624559337,949509.2595939029,0.35,578.0,,,,,,,,,,,,0,
19,6,necessity,-689684.6567926256,8576.9,2890.2600837240384,9284.319455275703,0.1,58.0,438.0,,,5779.0,547774.8478612665,1237459.504653892,0.35,578.0,,,,,,,,,,,,0,
20,6,necessity,316424.65707722586,8716.9,2217.711934660998,21826.44683915739,0.1,59.0,351.0,,,5779.0,1265933.9166711287,949509.2595939029,0.35,578.0,,,,,,,,,,,,0,
21,6,necessity,-465843.4353156579,8943.9,2906.14435122683,13193.506594339156,0.1,58.0,251.0,,,5779.0,778416.8890660102,1244260.3243816681,0.35,578.0,,,,,,,,,,,,0,
22,6,necessity,-220067.0274359685,9270.9,2217.711934660998,12576.590209619557,0.1,57.0,273.0,,,5779.0,729442.2321579343,949509.2595939029,0.35,578.0,,,,,,,,,,,,0,
23,6,necessity,-36255.00326079503,9575.9,1498.7577619768624,10621.672950218464,0.1,56.0,709.0,,,5779.0,605435.3581624525,641690.3614232475,0.35,578.0,,,,,,,,,,,,0,
24,6,necessity,603508.4595838643,9444.9,1072.3175957882688,18975.34380788563,0.1,57.0,747.0,,,5779.0,1062619.2532415953,459110.79365773103,0.35,578.0,,,,,,,,,,,,0,
25,6,necessity,26876.909819670953,9275.9,1808.1225768304523,14053.00428164626,0.1,56.0,266.0,,,5779.0,801021.2440538368,774144.3342341658,0.35,578.0,,,,,,,,,,,,0,
26,6,necessity,21849.811779169308,9587.9,1072.3175957882688,8588.58223994465,0.1,55.0,684.0,,,5779.0,480960.60543690034,459110.79365773103,0.35,578.0,,,,,,,,,,,,0,
27,6,necessity,469326.20216937794,9481.9,616.9337273447985,13335.731554894108,0.1,56.0,1727.0,,,5779.0,733465.2355191759,264139.03334979794,0.35,578.0,,,,,,,,,,,,0,
28,6,necessity,498860.66768209205,8332.9,1323.3360483111942,19025.795484365484,0.1,57.0,564.0,,,5779.0,1065444.547124467,566583.879442375,0.35,578.0,,,,,,,,,,,,0,
29,6,necessity,-24531.291672080406,8346.9,1800.5282165067883,13094.061951710763,0.1,56.0,448.0,,,5779.0,746361.5312475135,770892.8229195939,0.35,578.0,,,,,,,,,,,,0,
30,6,necessity,338188.6641680245,8476.9,1094.1258955403923,14404.225732054309,0.1,57.0,393.0,,,5779.0,806636.6409950412,468447.97682701674,0.35,578.0,,,,,,,,,,,,0,
31,6,necessity,-295866.23825748335,8661.9,1695.3424114726909,7543.710121883758,0.1,56.0,425.0,,,5779.0,429991.4769473742,725857.7152048575,0.35,578.0,,,,,,,,,,,,0,
32,6,necessity,252072.54804887687,8814.9,1094.1258955403923,12866.437944212386,0.1,57.0,523.0,,,5779.0,720520.5248758936,468447.97682701674,0.35,578.0,,,,,,,,,,,,0,
33,6,necessity,-181729.174965873,8869.9,1760.9722716076994,10039.084971361845,0.1,56.0,567.0,,,5779.0,572227.8433676251,753957.0183334982,0.35,578.0,,,,,,,,,,,,0,
34,6,necessity,530023.3011745489,8880.9,1094.1258955403923,17829.844250027956,0.1,57.0,866.0,,,5779.0,998471.2780015656,468447.97682701674,0.35,578.0,,,,,,,,,,,,0,
35,6,necessity,201109.81771078834,8592.9,1743.3292886217635,16623.035535754032,0.1,56.0,376.0,,,5779.0,947513.0255379798,746403.2078271915,0.35,578.0,,,,,,,,,,,,0,
36,6,necessity,187043.8356947663,8794.9,1094.1258955403923,11705.210937888984,0.1,55.0,681.0,,,5779.0,655491.812521783,468447.97682701674,0.35,578.0,,,,,,,,,,,,0,
37,6,necessity,480960.70151320926,8691.9,616.9337273447985,13547.267906600131,0.1,56.0,558.0,,,5779.0,745099.7348630072,264139.03334979794,0.35,578.0,,,,,,,,,,,,0,
38,6,necessity,-230438.66010883648,8711.9,1342.2636100579625,6147.303926042813,0.1,55.0,622.0,,,5779.0,344249.01985839754,574687.679967234,0.35,578.0,,,,,,,,,,,,0,
39,6,necessity,570748.9321062547,8667.9,616.9337273447985,15179.781190110049,0.1,56.0,1026.0,,,5779.0,834887.9654560527,264139.03334979794,0.35,578.0,,,,,,,,,,,,0,
40,6,necessity,78917.46831335605,8219.9,1294.0766820556628,11303.107218852916,0.1,55.0,1042.0,,,5779.0,632974.0042557633,554056.5359424072,0.35,578.0,,,,,,,,,,,,0,
41,6,necessity,1084288.8693522029,7755.9,616.9337273447985,24516.870958218195,0.1,56.0,1545.0,,,5779.0,1348427.9027020007,264139.03334979794,0.35,578.0,,,,,,,,,,,,0,
6,7,necessity,488028.5787867282,1721.0,140.68852093180976,15381.873819150787,1.0,61.0,4923.0,,,4173.0,922912.4291490472,434883.85036231903,0.35,4173.0,,,,,,,,,,,,0,
7,7,necessity,-36325.9001040475,971.0,235.81665694787966,11354.25554995573,1.0,60.0,3181.0,,,4173.0,692609.5885472995,728935.488651347,0.35,4173.0,,,,,,,,,,,,0,
8,7,necessity,315248.93538888614,1963.0,140.68852093180976,12502.21309585342,1.0,61.0,4717.0,,,4173.0,750132.7857512052,434883.85036231903,0.35,4173.0,,,,,,,,,,,,0,
9,7,necessity,-125952.2336778011,1419.0,255.43565350522735,10879.143495661421,1.0,60.0,4181.0,,,4173.0,663627.7532353466,789579.9869131477,0.35,4173.0,,,,,,,,,,,,0,
10,7,necessity,633092.6169430364,1411.0,140.68852093180976,17799.607788422592,1.0,61.0,5333.0,,,4173.0,1067976.4673053555,434883.85036231903,0.35,4173.0,,,,,,,,,,,,0,
11,7,necessity,32197.725773668266,251.0,232.30939632107584,12299.86692015314,1.0,60.0,2604.0,,,4173.0,750291.8821293415,718094.1563556732,0.35,4173.0,,,,,,,,,,,,0,
12,7,necessity,170049.81765776244,1820.0,140.68852093180976,10082.227800334691,1.0,59.0,4307.0,,,4173.0,604933.6680200815,434883.85036231903,0.35,4173.0,,,,,,,,,,,,0,
13,7,necessity,373614.08541123697,1686.0,75.16112033348436,10270.262028022113,1.0,60.0,6528.0,,,4173.0,605945.4596533047,232331.3742420677,0.35,4173.0,,,,,,,,,,,,0,
14,7,necessity,-92257.5640539687,0.0,172.3090981898618,7339.483400564748,1.0,59.0,5525.0,,,4173.0,440369.0040338849,532626.5680878536,0.35,4173.0,,,,,,,,,,,,0,
15,7,necessity,486714.4925042256,0.0,75.16112033348436,12187.21808044565,1.0,60.0,5760.0,,,4173.0,719045.8667462933,232331.3742420677,0.35,4173.0,,,,,,,,,,,,0,
16,7,necessity,-231447.97901397932,0.0,176.34284709974358,5227.455919193837,1.0,59.0,5233.0,,,4173.0,313647.35515163024,545095.3341656096,0.35,4173.0,,,,,,,,,,,,0,
17,7,necessity,503547.3267051623,0.0,75.16112033348436,12472.520355037796,1.0,60.0,13440.0,,,4173.0,735878.70094723,232331.3742420677,0.35,4173.0,,,,,,,,,,,,0,
18,7,necessity,-192611.3099954289,0.0,163.7788635956748,5227.455919193837,1.0,59.0,3346.0,,,4173.0,313647.35515163024,506258.66514705913,0.35,4173.0,,,,,,,,,,,,0,
19,7,necessity,315672.70334906026,827.0,75.16112033348436,9288.204704934373,1.0,60.0,6144.0,,,4173.0,548004.077591128,232331.3742420677,0.35,4173.0,,,,,,,,,,,,0,
20,7,necessity,-148781.42967764015,0.0,169.70824158785655,6263.42669445703,1.0,59.0,3910.0,,,4173.0,375805.6016674218,524587.031345062,0.35,4173.0,,,,,,,,,,,,0,
21,7,necessity,431227.8503664514,263.0,75.16112033348436,11246.76651878846,1.0,60.0,6144.0,,,4173.0,663559.2246085191,232331.3742420677,0.35,4173.0,,,,,,,,,,,,0,
22,7,necessity,-184859.63551070495,0.0,167.66604193647018,5556.912163322278,1.0,59.0,4475.0,,,4173.0,333414.72979933664,518274.3653100416,0.35,4173.0,,,,,,,,,,,,0,
23,7,necessity,467339.01875882235,0.0,75.16112033348436,11858.820220354068,1.0,60.0,7296.0,,,4173.0,699670.39300089,232331.3742420677,0.35,4173.0,,,,,,,,,,,,0,
24,7,necessity,-206801.13384973595,0.0,168.3693889248682,5227.455919193837,1.0,59.0,6315.0,,,4173.0,313647.35515163024,520448.4890013662,0.35,4173.0,,,,,,,,,,,,0,
25,7,necessity,470274.08574140724,0.0,75.16112033348436,11908.567118363982,1.0,60.0,8064.0,,,4173.0,702605.4599834749,232331.3742420677,0.35,4173.0,,,,,,,,,,,,0,
26,7,necessity,-194276.15148505627,0.0,164.31745358140648,5227.455919193837,1.0,59.0,3512.0,,,4173.0,313647.35515163024,507923.5066366865,0.35,4173.0,,,,,,,,,,,,0,
27,7,necessity,344751.5227358319,661.0,75.16112033348436,9781.066050472875,1.0,60.0,43451.0,,,4173.0,577082.8969778996,232331.3742420677,0.35,4173.0,,,,,,,,,,,,0,
28,7,necessity,-164843.57261373015,0.0,170.86814714640622,6055.4809282010565,1.0,59.0,15572.0,,,4173.0,363328.8556920634,528172.4283057936,0.35,4173.0,,,,,,,,,,,,0,
29,7,necessity,480701.4037998854,0.0,75.16112033348436,12085.301322744968,1.0,60.0,34942.0,,,4173.0,713032.7780419531,232331.3742420677,0.35,4173.0,,,,,,,,,,,,0,
30,7,necessity,-247170.1041542444,0.0,181.42908456302462,5227.455919193837,1.0,59.0,3816.0,,,4173.0,313647.35515163024,560817.4593058747,0.35,4173.0,,,,,,,,,,,,0,
31,7,necessity,460002.01245043427,357.0,75.16112033348436,11734.464181228846,1.0,60.0,45296.0,,,4173.0,692333.386692502,232331.3742420677,0.35,4173.0,,,,,,,,,,,,0,
32,7,necessity,-192523.46675557777,0.0,172.43098762209982,5674.664585178069,1.0,59.0,16849.0,,,4173.0,340479.87511068414,533003.3418662619,0.35,4173.0,,,,,,,,,,,,0,
33,7,necessity,487223.1371049549,0.0,75.16112033348436,12195.839175373265,1.0,60.0,35995.0,,,4173.0,719554.5113470226,232331.3742420677,0.35,4173.0,,,,,,,,,,,,0,
34,7,necessity,-243484.0201139541,0.0,180.23660590182175,5227.455919193837,1.0,59.0,4641.0,,,4173.0,313647.35515163024,557131.3752655843,0.35,4173.0,,,,,,,,,,,,0,
35,7,necessity,519795.98218623444,0.0,75.16112033348436,12747.921295394952,1.0,60.0,40916.0,,,4173.0,752127.3564283021,232331.3742420677,0.35,4173.0,,,,,,,,,,,,0,
36,7,necessity,-229956.8130456414,0.0,175.86044258098642,5227.455919193837,1.0,59.0,4428.0,,,4173.0,313647.35515163024,543604.1681972716,0.35,4173.0,,,,,,,,,,,,0,
37,7,necessity,501534.2526483886,0.0,75.16112033348436,12438.400455770447,1.0,60.0,12672.0,,,4173.0,733865.6268904563,232331.3742420677,0.35,4173.0,,,,,,,,,,,,0,
38,7,necessity,-201691.5812553463,0.0,166.71640641809296,5227.455919193837,1.0,59.0,5017.0,,,4173.0,313647.35515163024,515338.93640697654,0.35,4173.0,,,,,,,,,,,,0,
39,7,necessity,463376.1897406342,0.0,75.16112033348436,11791.653626825455,1.0,60.0,4732.0,,,4173.0,695707.5639827019,232331.3742420677,0.35,4173.0,,,,,,,,,,,,0,
40,7,necessity,-217394.26057371811,0.0,171.79635299722597,5227.455919193837,1.0,59.0,8400.0,,,4173.0,313647.35515163024,531041.6157253484,0.35,4173.0,,,,,,,,,,,,0,
41,7,necessity,484574.80681535625,0.0,75.16112033348436,12150.952221312271,1.0,60.0,17280.0,,,4173.0,716906.1810574239,232331.3742420677,0.35,4173.0,,,,,,,,,,,,0,
