data/saved_data/run_2025_05_03_2158_richie_random_luxury_distribution/firm_data.csv
Step,AgentID,FirmType,Profit,Inventory,ProductPrice,RevenuePerEmployee,ProductionLevel,NumEmployees,DemandReceived,InventoryDemandRatio,SellThroughRate,ProductionCapacity,Revenue,Costs,Markup,ProducedUnits,IncomeBracket,NumPeople,SpendRatio,PostTaxIncome,HouseholdExpense,HouseholdSavings,HealthLevel,Welfare,SkillLevel,SkillType,JobLevel,IsEmployed,Wage
6,19,necessity,358927.1827202126,3288.8999999999996,898.4087511952273,31288.35115866442,0.1,23.0,515.0,,,4949.0,688343.7254906172,329416.5427704046,0.35,495.0,,,,,,,,,,,,0,
7,19,necessity,-90228.17900205974,3268.8999999999996,1507.9327765925852,20116.543776762697,0.1,22.0,418.0,,,4949.0,462680.50686554203,552908.6858676018,0.35,495.0,,,,,,,,,,,,0,
8,19,necessity,300899.35784529604,3345.8999999999996,898.4087511952273,28650.72275525912,0.1,23.0,704.0,,,4949.0,630315.9006157006,329416.5427704046,0.35,495.0,,,,,,,,,,,,0,
9,19,necessity,91734.60104091535,3136.8999999999996,1474.7595237493917,27499.12003658435,0.1,22.0,291.0,,,4949.0,632479.7608414401,540745.1598005247,0.35,495.0,,,,,,,,,,,,0,
10,19,necessity,99738.47864066839,3340.8999999999996,898.4087511952273,19507.046427776044,0.1,21.0,608.0,,,4949.0,429155.021411073,329416.5427704046,0.35,495.0,,,,,,,,,,,,0,
11,19,necessity,375720.74310380523,3227.8999999999996,465.0321198502493,26011.072415557057,0.1,22.0,558.0,,,4949.0,546232.5207266982,170511.77762289296,0.35,495.0,,,,,,,,,,,,0,
12,19,necessity,-126683.29699429634,3164.8999999999996,1053.1942338834315,11794.905585292685,0.1,21.0,600.0,,,4949.0,259487.9228764391,386171.2198707354,0.35,495.0,,,,,,,,,,,,0,
13,19,necessity,461404.7627071659,3059.8999999999996,465.0321198502493,30091.2638252409,0.1,22.0,1736.0,,,4949.0,631916.5403300589,170511.77762289296,0.35,495.0,,,,,,,,,,,,0,
14,19,necessity,425642.4019259448,1818.8999999999996,1040.8727928083756,36695.26182091058,0.1,23.0,330.0,,,4949.0,807295.7600600327,381653.35813408793,0.35,495.0,,,,,,,,,,,,0,
15,19,necessity,-179540.96535809978,1983.8999999999996,1426.442688895199,14934.261809859303,0.1,22.0,240.0,,,4949.0,343488.021626764,523028.98698486376,0.35,495.0,,,,,,,,,,,,0,
16,19,necessity,30458.838861178898,2238.8999999999996,850.6020159370726,15561.192969765805,0.1,23.0,1585.0,,,4949.0,342346.2453348477,311887.4064736688,0.35,495.0,,,,,,,,,,,,0,
17,19,necessity,784927.9848110391,1148.8999999999996,1536.2078435762432,58617.57370696783,0.1,24.0,690.0,,,4949.0,1348204.19526026,563276.210449221,0.35,495.0,,,,,,,,,,,,0,
20,19,necessity,91548.8519637555,1755.8999999999996,850.6020159370726,18338.01174715565,0.1,23.0,336.0,,,4949.0,403436.2584374243,311887.4064736688,0.35,495.0,,,,,,,,,,,,0,
21,19,necessity,-249080.84066149732,1914.8999999999996,1458.7721370975867,12426.185971950277,0.1,22.0,216.0,,,4949.0,285802.2773548564,534883.1180163537,0.35,495.0,,,,,,,,,,,,0,
22,19,necessity,3207.375139409909,2193.8999999999996,850.6020159370726,14322.49007332176,0.1,23.0,978.0,,,4949.0,315094.7816130787,311887.4064736688,0.35,495.0,,,,,,,,,,,,0,
23,19,necessity,300455.0949175656,1710.8999999999996,1449.364569805331,36169.077025498125,0.1,24.0,354.0,,,4949.0,831888.7715864569,531433.6766688913,0.35,495.0,,,,,,,,,,,,0,
24,19,necessity,-288602.66755593556,1851.8999999999996,2186.3937917658322,21378.12740462863,0.1,23.0,274.0,,,4949.0,513075.05771108717,801677.7252670227,0.35,495.0,,,,,,,,,,,,0,
25,19,necessity,16940.44387203781,2072.8999999999996,1587.631237897574,26046.604301906005,0.1,24.0,630.0,,,4949.0,599071.8989438381,582131.4550718003,0.35,495.0,,,,,,,,,,,,0,
26,19,necessity,207536.23821301502,1937.8999999999996,2161.8312001666372,41675.31999481132,0.1,25.0,199.0,,,4949.0,1000207.6798754716,792671.4416624566,0.35,495.0,,,,,,,,,,,,0,
27,19,necessity,-731159.9032674702,2233.8999999999996,3167.3572084212014,17208.17635332643,0.1,24.0,216.0,,,4949.0,430204.4088331608,1161364.312100631,0.35,495.0,,,,,,,,,,,,0,
28,19,necessity,-108522.28464347706,2512.8999999999996,2161.8312001666372,28506.214875790814,0.1,25.0,132.0,,,4949.0,684149.1570189795,792671.4416624566,0.35,495.0,,,,,,,,,,,,0,
29,19,necessity,-858916.8834636011,2875.8999999999996,3120.759817019791,11414.468736879844,0.1,24.0,119.0,,,4949.0,285361.7184219961,1144278.6018855972,0.35,495.0,,,,,,,,,,,,0,
30,19,necessity,-421301.02343710145,3251.8999999999996,2161.8312001666372,15473.767426056465,0.1,25.0,105.0,,,4949.0,371370.41822535516,792671.4416624566,0.35,495.0,,,,,,,,,,,,0,
31,19,necessity,-992644.8450214436,3641.8999999999996,3326.283050659165,9079.691040699876,0.1,24.0,187.0,,,4949.0,226992.27601749692,1219637.1210389405,0.35,495.0,,,,,,,,,,,,0,
32,19,necessity,-170656.51118919277,3949.8999999999996,2161.8312001666372,25917.288769719326,0.1,25.0,145.0,,,4949.0,622014.9304732638,792671.4416624566,0.35,495.0,,,,,,,,,,,,0,
33,19,necessity,-833504.3664557543,4299.9,3128.0996949894707,12538.620960966495,0.1,24.0,310.0,,,4949.0,313465.5240241624,1146969.8904799167,0.35,495.0,,,,,,,,,,,,0,
34,19,necessity,177039.4637842793,4484.9,2161.8312001666372,40404.62106028066,0.1,25.0,184.0,,,4949.0,969710.9054467359,792671.4416624566,0.35,495.0,,,,,,,,,,,,0,
35,19,necessity,-752632.4602878017,4795.9,3137.4801785301916,15911.07763322645,0.1,24.0,72.0,,,4949.0,397776.9408306613,1150409.401118463,0.35,495.0,,,,,,,,,,,,0,
36,19,necessity,-566772.8688082828,5218.9,2161.8312001666372,9412.440535590575,0.1,23.0,330.0,,,4949.0,225898.57285417378,792671.4416624566,0.35,495.0,,,,,,,,,,,,0,
37,19,necessity,131272.84098319,5383.9,1587.631237897574,31017.578089347404,0.1,24.0,290.0,,,4949.0,713404.2960549903,582131.4550718003,0.35,495.0,,,,,,,,,,,,0,
38,19,necessity,-352881.5742411491,5588.9,2218.076267968435,19183.87745792902,0.1,23.0,117.0,,,4949.0,460413.05899029644,813294.6332314456,0.35,495.0,,,,,,,,,,,,0,
39,19,necessity,-322616.5317194934,5966.9,1587.631237897574,11283.257537056821,0.1,22.0,306.0,,,4949.0,259514.92335230688,582131.4550718003,0.35,495.0,,,,,,,,,,,,0,
40,19,necessity,173927.75232298882,6155.9,850.6020159370726,22082.507218029892,0.1,23.0,471.0,,,4949.0,485815.15879665763,311887.4064736688,0.35,495.0,,,,,,,,,,,,0,
41,19,necessity,-167656.47403850063,6179.9,1549.8818792640034,17418.849978537444,0.1,22.0,202.0,,,4949.0,400633.5495063612,568290.0235448618,0.35,495.0,,,,,,,,,,,,0,
6,22,necessity,1458.874425697606,3704.7999999999993,908.3339665976556,10337.034367366117,0.1,40.0,853.0,,,5968.0,403144.3403272786,401685.465901581,0.35,597.0,,,,,,,,,,,,0,
7,22,necessity,106919.9418871915,3448.7999999999993,1510.3016016373876,19370.221837695008,0.1,41.0,171.0,,,5968.0,774808.8735078003,667888.9316206088,0.35,597.0,,,,,,,,,,,,0,
8,22,necessity,-625926.1849242842,3874.7999999999993,1999.4195517359383,6299.062777560812,0.1,40.0,487.0,,,5968.0,258261.5738799933,884187.7588042775,0.35,597.0,,,,,,,,,,,,0,
9,22,necessity,305828.39007479313,3984.7999999999993,1510.3016016373876,24342.933042385048,0.1,41.0,494.0,,,5968.0,973717.3216954019,667888.9316206088,0.35,597.0,,,,,,,,,,,,0,
10,22,necessity,-167596.6799110691,4087.7999999999993,2066.123373443541,18197.29246850901,0.1,40.0,289.0,,,5968.0,746088.9912088695,913685.6711199386,0.35,597.0,,,,,,,,,,,,0,
11,22,necessity,-70779.2766954255,4395.799999999999,1510.3016016373876,14927.741373129582,0.1,39.0,361.0,,,5968.0,597109.6549251833,667888.9316206088,0.35,597.0,,,,,,,,,,,,0,
12,22,necessity,143533.41228951595,4631.799999999999,908.3339665976556,13979.971235669153,0.1,38.0,599.0,,,5968.0,545218.8781910969,401685.465901581,0.35,597.0,,,,,,,,,,,,0,
13,22,necessity,320577.9716427164,4629.799999999999,505.4338356215968,14318.211736631467,0.1,39.0,969.0,,,5968.0,544092.0459919957,223514.07434927934,0.35,597.0,,,,,,,,,,,,0,
14,22,necessity,44844.85393547086,4257.799999999999,1006.1017056103929,12558.086838905829,0.1,38.0,228.0,,,5968.0,489765.3867173273,444920.5327818564,0.35,597.0,,,,,,,,,,,,0,
15,22,necessity,5877.114529890241,4626.799999999999,505.4338356215968,6036.610233662357,0.1,37.0,855.0,,,5968.0,229391.18887916958,223514.07434927934,0.35,597.0,,,,,,,,,,,,0,
16,22,necessity,-1758097.382045397,4368.799999999999,4952.811500125131,11679.619715039602,0.1,38.0,84.0,,,5968.0,432145.9294564653,2190243.3115018625,0.35,597.0,,,,,,,,,,,,0,
17,22,necessity,260613.95462389797,4881.799999999999,351.45726134082133,10948.320158171342,0.1,37.0,1886.0,,,5968.0,416036.166010511,155422.21138661302,0.35,597.0,,,,,,,,,,,,0,
18,22,necessity,-1527394.9166130736,3592.7999999999993,4952.811500125131,17914.821483480784,0.1,38.0,113.0,,,5968.0,662848.394888789,2190243.3115018625,0.35,597.0,,,,,,,,,,,,0,
19,22,necessity,373589.81253841444,4076.7999999999993,420.77914069757134,14728.097355635258,0.1,37.0,3148.0,,,5968.0,559667.6995141398,186077.88697572536,0.35,597.0,,,,,,,,,,,,0,
20,22,necessity,-865630.576585908,1525.7999999999993,4952.811500125131,35800.34418691769,0.1,38.0,96.0,,,5968.0,1324612.7349159545,2190243.3115018625,0.35,597.0,,,,,,,,,,,,0,
21,22,necessity,326348.1277905938,2026.7999999999993,337.2100461670106,12512.36589505296,0.1,37.0,940.0,,,5968.0,475469.9040120125,149121.77622141878,0.35,597.0,,,,,,,,,,,,0,
22,22,necessity,-1873265.8681048725,1683.7999999999993,4952.811500125131,8566.957929648377,0.1,36.0,51.0,,,5968.0,316977.44339698995,2190243.3115018625,0.35,597.0,,,,,,,,,,,,0,
23,22,necessity,-1878496.9249954808,2229.7999999999993,4819.048435022557,7016.482958510602,0.1,35.0,50.0,,,5968.0,252593.38650638168,2131090.3115018625,0.35,597.0,,,,,,,,,,,,0,
24,22,necessity,-1830984.8897507344,2776.7999999999993,4685.285369919981,6884.354907175081,0.1,34.0,72.0,,,5968.0,240952.42175112784,2071937.3115018622,0.35,597.0,,,,,,,,,,,,0,
25,22,necessity,-1675443.7648676236,3301.7999999999993,4551.522304817407,9921.780783359962,0.1,35.0,150.0,,,5968.0,337340.5466342387,2012784.3115018622,0.35,597.0,,,,,,,,,,,,0,
26,22,necessity,534129.2005750479,3748.7999999999993,336.0282171075074,19506.52416350317,0.1,36.0,598.0,,,5968.0,682728.345722611,148599.14514756305,0.35,597.0,,,,,,,,,,,,0,
27,22,necessity,-177645.64399526938,3747.7999999999993,856.1092097293052,5581.802050841372,0.1,35.0,772.0,,,5968.0,200944.8738302894,378590.5178255588,0.35,597.0,,,,,,,,,,,,0,
28,22,necessity,512317.1647634605,3572.7999999999993,336.0282171075074,18883.32314031496,0.1,36.0,1028.0,,,5968.0,660916.3099110236,148599.14514756305,0.35,597.0,,,,,,,,,,,,0,
29,22,necessity,-25922.22234939842,3141.7999999999993,839.7570503077548,9595.472421847711,0.1,35.0,410.0,,,5968.0,345437.0071865176,371359.229535916,0.35,597.0,,,,,,,,,,,,0,
30,22,necessity,195701.24547861642,3328.7999999999993,336.0282171075074,9837.154017890842,0.1,36.0,1457.0,,,5968.0,344300.39062617946,148599.14514756305,0.35,597.0,,,,,,,,,,,,0,
31,22,necessity,119154.98859833315,2468.7999999999993,837.6741477289577,13599.808675712173,0.1,37.0,274.0,,,5968.0,489593.11232563824,370438.1237273051,0.35,597.0,,,,,,,,,,,,0,
32,22,necessity,-315445.29424679733,2791.7999999999993,1232.3397206796953,6203.31666156039,0.1,36.0,557.0,,,5968.0,229522.71647773442,544968.0107245317,0.35,597.0,,,,,,,,,,,,0,
33,22,necessity,363284.1922738005,2831.7999999999993,730.6937900582454,19067.034011627507,0.1,37.0,1103.0,,,5968.0,686413.2244185903,323129.0321447898,0.35,597.0,,,,,,,,,,,,0,
34,22,necessity,223233.7798578781,2325.7999999999993,1317.71186593029,21782.57433606067,0.1,38.0,172.0,,,5968.0,805955.2504342448,582721.4705763666,0.35,597.0,,,,,,,,,,,,0,
35,22,necessity,-613865.8393209258,2750.7999999999993,1900.6559069541163,5964.380024737103,0.1,37.0,60.0,,,5968.0,226646.4409400099,840512.2802609357,0.35,597.0,,,,,,,,,,,,0,
36,22,necessity,-468682.11615911964,3287.7999999999993,1317.71186593029,3082.144713979648,0.1,36.0,543.0,,,5968.0,114039.35441724697,582721.4705763666,0.35,597.0,,,,,,,,,,,,0,
37,22,necessity,392388.51105535764,3341.7999999999993,730.6937900582454,19875.48731111521,0.1,37.0,670.0,,,5968.0,715517.5432001475,323129.0321447898,0.35,597.0,,,,,,,,,,,,0,
38,22,necessity,-49345.65008021559,3268.7999999999993,1218.6418082032367,13231.482144297957,0.1,36.0,424.0,,,5968.0,489564.83933902445,538910.48941924,0.35,597.0,,,,,,,,,,,,0,
39,22,necessity,193575.0945333825,3441.7999999999993,730.6937900582454,14352.89240772701,0.1,37.0,747.0,,,5968.0,516704.1266781723,323129.0321447898,0.35,597.0,,,,,,,,,,,,0,
40,22,necessity,-64746.790659031714,3291.7999999999993,1380.6973510774424,14752.115166851603,0.1,38.0,352.0,,,5968.0,545828.2611735093,610575.051832541,0.35,597.0,,,,,,,,,,,,0,
41,22,necessity,-337063.2355882327,3536.7999999999993,1861.210632185769,12789.617567875255,0.1,37.0,200.0,,,5968.0,486005.4675792597,823068.7031674924,0.35,597.0,,,,,,,,,,,,0,
6,24,necessity,-209696.24895711802,3473.0,1282.3537230641023,3532.85889017502,0.1,48.0,673.0,,,4030.0,173110.08561857598,382806.334575694,0.35,403.0,,,,,,,,,,,,0,
7,24,necessity,703174.2763444748,3203.0,535.476926772636,17979.667825461267,0.1,49.0,966.0,,,4030.0,863024.0556221409,159849.7792776661,0.35,403.0,,,,,,,,,,,,0,
8,24,necessity,134899.07577664423,2640.0,1280.8975350491994,10556.545127803396,0.1,48.0,425.0,,,4030.0,517270.7112623664,382371.63548572216,0.35,403.0,,,,,,,,,,,,0,
9,24,necessity,384531.6731182436,2618.0,535.476926772636,11341.280258248118,0.1,49.0,322.0,,,4030.0,544381.4523959097,159849.7792776661,0.35,403.0,,,,,,,,,,,,0,
10,24,necessity,-227134.88146133904,2699.0,1338.4712374749413,3518.8483759344654,0.1,48.0,43.0,,,4030.0,172423.5704207888,399558.45188212785,0.35,403.0,,,,,,,,,,,,0,
11,24,necessity,-102295.51606624361,3059.0,535.476926772636,1199.0471502379683,0.1,47.0,966.0,,,4030.0,57554.263211422476,159849.7792776661,0.35,403.0,,,,,,,,,,,,0,
12,24,necessity,-2278086.2179751648,2496.0,9364.09887123218,11005.759814092902,0.1,48.0,42.0,,,4030.0,517270.7112623664,2795356.929237531,0.35,403.0,,,,,,,,,,,,0,
13,24,necessity,238957.28659929798,2857.0,517.0026515454334,8193.586512328156,0.1,47.0,833.0,,,4030.0,393292.15259175154,154334.86599245356,0.35,403.0,,,,,,,,,,,,0,
14,24,necessity,-2364693.720500185,2427.0,9364.09887123218,9163.046994411618,0.1,48.0,45.0,,,4030.0,430663.20873734605,2795356.929237531,0.35,403.0,,,,,,,,,,,,0,
15,24,necessity,255222.63637037916,2785.0,556.6214560067534,8778.842691780168,0.1,47.0,621.0,,,4030.0,421384.4492054481,166161.81283506894,0.35,403.0,,,,,,,,,,,,0,
16,24,necessity,-2449695.005057337,2567.0,9364.09887123218,7354.5090251105075,0.1,46.0,48.0,,,4030.0,345661.92418019386,2795356.929237531,0.35,403.0,,,,,,,,,,,,0,
17,24,necessity,-2286429.1834183866,2922.0,9164.945397780948,9771.233604764015,0.1,47.0,27.0,,,4030.0,449476.74581914465,2735905.929237531,0.35,403.0,,,,,,,,,,,,0,
18,24,necessity,79698.68819233714,3298.0,561.9578911352421,5264.968632767779,0.1,46.0,1281.0,,,4030.0,247453.5257400856,167754.83754774847,0.35,403.0,,,,,,,,,,,,0,
19,24,necessity,-2016037.870693286,2420.0,9164.945397780948,15649.305620527068,0.1,47.0,57.0,,,4030.0,719868.0585442451,2735905.929237531,0.35,403.0,,,,,,,,,,,,0,
20,24,necessity,355753.5653232436,2766.0,558.2512025176521,11114.933780287532,0.1,46.0,773.0,,,4030.0,522401.887673514,166648.32235027038,0.35,403.0,,,,,,,,,,,,0,
21,24,necessity,-2304377.749691386,2396.0,9164.945397780948,9381.047381437937,0.1,45.0,72.0,,,4030.0,431528.1795461451,2735905.929237531,0.35,403.0,,,,,,,,,,,,0,
22,24,necessity,-2016578.8605973027,2727.0,8965.791924329715,14663.912636449517,0.1,46.0,82.0,,,4030.0,659876.0686402282,2676454.929237531,0.35,403.0,,,,,,,,,,,,0,
23,24,necessity,591653.0452332022,3048.0,480.84752972116377,15982.498647718186,0.1,47.0,1140.0,,,4030.0,735194.9377950366,143541.89256183445,0.35,403.0,,,,,,,,,,,,0,
24,24,necessity,172055.4872564923,2311.0,1259.9241667113704,11663.110295364399,0.1,46.0,385.0,,,4030.0,548166.1838821267,376110.6966256344,0.35,403.0,,,,,,,,,,,,0,
25,24,necessity,341528.9116220431,2329.0,480.84752972116377,10545.017482258208,0.1,45.0,1080.0,,,4030.0,485070.8041838776,143541.89256183445,0.35,403.0,,,,,,,,,,,,0,
26,24,necessity,-2157139.597138674,1652.0,8965.791924329715,11540.34071330793,0.1,46.0,46.0,,,4030.0,519315.33209885686,2676454.929237531,0.35,403.0,,,,,,,,,,,,0,
27,24,necessity,249576.96464288092,2009.0,545.5254979837731,8965.791924329715,0.1,45.0,210.0,,,4030.0,412426.4285191669,162849.46387628597,0.35,403.0,,,,,,,,,,,,0,
28,24,necessity,-2561894.5746609387,2202.0,8965.791924329715,2545.785657257608,0.1,44.0,49.0,,,4030.0,114560.35457659235,2676454.929237531,0.35,403.0,,,,,,,,,,,,0,
29,24,necessity,-2177680.124945375,2556.0,8766.638450878483,9984.631915730819,0.1,45.0,63.0,,,4030.0,439323.804292156,2617003.929237531,0.35,403.0,,,,,,,,,,,,0,
30,24,necessity,403632.1646472431,2896.0,498.0128473335585,12273.293831229877,0.1,46.0,1730.0,,,4030.0,552298.2224053445,148666.0577581014,0.35,403.0,,,,,,,,,,,,0,
31,24,necessity,495941.1221349915,1569.0,1224.785332110427,18729.613606240353,0.1,47.0,398.0,,,4030.0,861562.2258870562,365621.1037520647,0.35,403.0,,,,,,,,,,,,0,
32,24,necessity,-24967.20526992553,1574.0,1716.5828395552087,10371.586429360636,0.1,46.0,233.0,,,4030.0,487464.5621799499,512431.7674498754,0.35,403.0,,,,,,,,,,,,0,
33,24,necessity,104487.08016045147,1744.0,989.8103547783402,8694.865252529644,0.1,45.0,435.0,,,4030.0,399963.80161636363,295476.72145591216,0.35,403.0,,,,,,,,,,,,0,
34,24,necessity,281901.4465704765,1712.0,498.0128473335585,9568.166762857289,0.1,46.0,1964.0,,,4030.0,430567.50432857795,148666.0577581014,0.35,403.0,,,,,,,,,,,,0,
