data/saved_data/run_2025_05_03_2158_richie_random_luxury_distribution/firm_data.csv
Step,AgentID,FirmType,Profit,Inventory,ProductPrice,RevenuePerEmployee,ProductionLevel,NumEmployees,DemandReceived,InventoryDemandRatio,SellThroughRate,ProductionCapacity,Revenue,Costs,Markup,ProducedUnits,IncomeBracket,NumPeople,SpendRatio,PostTaxIncome,HouseholdExpense,HouseholdSavings,HealthLevel,Welfare,SkillLevel,SkillType,JobLevel,IsEmployed,Wage
6,28,necessity,1139427.893746109,833.0,69.34374725151432,32772.07635694611,1.0,46.0,25147.0,,,6528.0,1474743.436062575,335315.5423164661,0.35,6528.0,,,,,,,,,,,,0,
7,28,necessity,-47758.505316092575,0.0,115.43613186444924,11096.507033008627,1.0,45.0,14680.0,,,6528.0,510439.3235183969,558197.8288344895,0.35,6528.0,,,,,,,,,,,,0,
8,28,necessity,418251.52649465855,0.0,69.34374725151432,16745.934862469436,1.0,46.0,25439.0,,,6528.0,753567.0688111247,335315.5423164661,0.35,6528.0,,,,,,,,,,,,0,
9,28,necessity,-124521.4305778059,0.0,119.3652737345003,9840.782218649683,1.0,45.0,15169.0,,,6528.0,452675.98205788544,577197.4126356913,0.35,6528.0,,,,,,,,,,,,0,
10,28,necessity,443900.9646223519,0.0,69.34374725151432,17315.922376418177,1.0,46.0,27164.0,,,6528.0,779216.506938818,335315.5423164661,0.35,6528.0,,,,,,,,,,,,0,
11,28,necessity,-96478.62007481331,0.0,113.56597928394261,9840.782218649683,1.0,45.0,14570.0,,,6528.0,452675.98205788544,549154.6021326988,0.35,6528.0,,,,,,,,,,,,0,
12,28,necessity,406043.17044911126,0.0,69.34374725151432,16474.638061457274,1.0,46.0,15320.0,,,6528.0,741358.7127655774,335315.5423164661,0.35,6528.0,,,,,,,,,,,,0,
13,28,necessity,-91750.25511373469,0.0,112.58814645666345,9840.782218649683,1.0,45.0,10214.0,,,6528.0,452675.98205788544,544426.2371716201,0.35,6528.0,,,,,,,,,,,,0,
14,28,necessity,399659.87775263295,0.0,69.34374725151432,16332.787112646645,1.0,46.0,28619.0,,,6528.0,734975.420069099,335315.5423164661,0.35,6528.0,,,,,,,,,,,,0,
15,28,necessity,-136242.4770863214,0.0,121.7892033889231,9840.782218649683,1.0,45.0,3792.0,,,6528.0,452675.98205788544,588918.4591442068,0.35,6528.0,,,,,,,,,,,,0,
16,28,necessity,126509.11693433026,2736.0,69.34374725151432,10262.770205573253,1.0,46.0,11934.0,,,6528.0,461824.65925079637,335315.5423164661,0.35,6528.0,,,,,,,,,,,,0,
17,28,necessity,103351.01221665787,0.0,111.47622151078036,13965.227707348447,1.0,47.0,16295.0,,,6528.0,642400.4745380286,539049.4623213707,0.35,6528.0,,,,,,,,,,,,0,
18,28,necessity,-17566.794733219664,0.0,154.12573800029503,15483.335617497323,1.0,48.0,4493.0,,,6528.0,727716.7740223742,745283.5687555938,0.35,6528.0,,,,,,,,,,,,0,
19,28,necessity,-408239.46773937205,2035.0,227.63183997368412,14426.811267402614,1.0,47.0,1521.0,,,6528.0,692486.9408353255,1100726.4085746976,0.35,6528.0,,,,,,,,,,,,0,
20,28,necessity,-399055.5401556203,7042.0,154.12573800029503,7366.553799999437,1.0,46.0,0.0,,,6528.0,346228.02859997354,745283.5687555938,0.35,6528.0,,,,,,,,,,,,0,
23,28,necessity,477606.98024381406,0.0,111.38062080476209,22091.177392174177,1.0,45.0,13117.0,,,6528.0,1016194.1600400122,538587.1797961982,0.35,6528.0,,,,,,,,,,,,0,
24,28,necessity,391777.1502970208,0.0,69.34374725151432,16157.61539141082,1.0,44.0,17501.0,,,6528.0,727092.6926134869,335315.5423164661,0.35,6528.0,,,,,,,,,,,,0,
25,28,necessity,263293.7859511699,0.0,39.16451665209887,10288.090501315579,1.0,43.0,45666.0,,,6528.0,452675.98205788544,189382.1961067155,0.35,6528.0,,,,,,,,,,,,0,
26,28,necessity,-2132722.733634701,0.0,493.92229507728877,5945.720109416312,1.0,42.0,1399.0,,,6528.0,255665.96470490142,2388388.6983396024,0.35,6528.0,,,,,,,,,,,,0,
27,28,necessity,-1642103.4075264754,5129.0,482.4886553731578,16452.316447931593,1.0,43.0,1075.0,,,6528.0,690997.290813127,2333100.6983396024,0.35,6528.0,,,,,,,,,,,,0,
28,28,necessity,365806.6626236414,10582.0,31.61345994742125,12062.216384328945,1.0,42.0,59514.0,,,6528.0,518675.30452614464,152868.64190250327,0.35,6528.0,,,,,,,,,,,,0,
29,28,necessity,-1792194.398639225,0.0,482.4886553731578,12878.721421437562,1.0,43.0,1075.0,,,6528.0,540906.2997003776,2333100.6983396024,0.35,6528.0,,,,,,,,,,,,0,
30,28,necessity,362143.6299402392,5453.0,32.37098049304556,12062.216384328945,1.0,42.0,59702.0,,,6528.0,518675.30452614464,156531.67458590545,0.35,6528.0,,,,,,,,,,,,0,
31,28,necessity,-1945263.9810524236,0.0,482.4886553731578,9234.20755445664,1.0,41.0,1016.0,,,6528.0,387836.71728717885,2333100.6983396024,0.35,6528.0,,,,,,,,,,,,0,
32,28,necessity,-1787604.2244804741,5512.0,471.055015669027,11956.304240466545,1.0,42.0,1833.0,,,6528.0,490208.47385912837,2277812.6983396024,0.35,6528.0,,,,,,,,,,,,0,
33,28,necessity,715075.402816889,10207.0,30.68281176322116,20558.18675526968,1.0,43.0,64025.0,,,6528.0,863443.8437213264,148368.44090443745,0.35,6528.0,,,,,,,,,,,,0,
34,28,necessity,105990.3202237084,0.0,84.26881459426441,11941.322205988514,1.0,42.0,21700.0,,,6528.0,513476.8548575061,407486.5346337977,0.35,6528.0,,,,,,,,,,,,0,
35,28,necessity,401738.3807669206,0.0,30.68281176322116,13097.781468365669,1.0,43.0,58738.0,,,6528.0,550106.8216713581,148368.44090443745,0.35,6528.0,,,,,,,,,,,,0,
36,28,necessity,-211727.42855548122,0.0,85.20733945643501,4658.078957914133,1.0,42.0,11593.0,,,6528.0,200297.39519030772,412024.82374578895,0.35,6528.0,,,,,,,,,,,,0,
37,28,necessity,407865.07106717024,0.0,30.68281176322116,13243.65504694304,1.0,43.0,48774.0,,,6528.0,556233.5119716077,148368.44090443745,0.35,6528.0,,,,,,,,,,,,0,
38,28,necessity,-170180.23568001695,0.0,76.61531887229212,4658.078957914133,1.0,42.0,12326.0,,,6528.0,200297.39519030772,370477.6308703247,0.35,6528.0,,,,,,,,,,,,0,
39,28,necessity,351776.36069388554,0.0,30.68281176322116,11908.209561864833,1.0,43.0,59594.0,,,6528.0,500144.801598323,148368.44090443745,0.35,6528.0,,,,,,,,,,,,0,
40,28,necessity,-208603.10309775439,0.0,84.56122435727981,4658.078957914133,1.0,42.0,16564.0,,,6528.0,200297.39519030772,408900.4982880621,0.35,6528.0,,,,,,,,,,,,0,
41,28,necessity,403647.2316998852,0.0,30.68281176322116,13143.230300102921,1.0,43.0,47732.0,,,6528.0,552015.6726043227,148368.44090443745,0.35,6528.0,,,,,,,,,,,,0,
6,32,necessity,-126708.80014649068,0.0,90.64378893490266,14691.222566804954,1.0,20.0,11815.0,,,6482.0,308515.67390290403,435224.4740493947,0.35,6482.0,,,,,,,,,,,,0,
7,32,necessity,399210.9381293823,0.0,39.225831119833494,29377.651993801952,1.0,21.0,45468.0,,,6482.0,587553.039876039,188342.1017466567,0.35,6482.0,,,,,,,,,,,,0,
8,32,necessity,-220412.3482257424,0.0,98.85994297843556,12107.706538988605,1.0,20.0,8340.0,,,6482.0,254261.8373187607,474674.1855445031,0.35,6482.0,,,,,,,,,,,,0,
9,32,necessity,452468.04863956256,0.0,39.225831119833494,32040.507519310962,1.0,21.0,27433.0,,,6482.0,640810.1503862193,188342.1017466567,0.35,6482.0,,,,,,,,,,,,0,
10,32,necessity,-171785.31912292418,0.0,88.73243769014844,12107.706538988605,1.0,20.0,16582.0,,,6482.0,254261.8373187607,426047.15644168487,0.35,6482.0,,,,,,,,,,,,0,
11,32,necessity,386821.5593608855,0.0,39.225831119833494,28758.18305537711,1.0,21.0,39353.0,,,6482.0,575163.6611075422,188342.1017466567,0.35,6482.0,,,,,,,,,,,,0,
12,32,necessity,-187445.29133284744,0.0,91.9939252680773,12107.706538988605,1.0,20.0,21804.0,,,6482.0,254261.8373187607,441707.12865160813,0.35,6482.0,,,,,,,,,,,,0,
13,32,necessity,407962.52184102044,0.0,39.225831119833494,29815.231179383856,1.0,21.0,27483.0,,,6482.0,596304.6235876771,188342.1017466567,0.35,6482.0,,,,,,,,,,,,0,
14,32,necessity,-175768.46377924975,0.0,89.56200345460539,12107.706538988605,1.0,20.0,1610.0,,,6482.0,254261.8373187607,430030.30109801044,0.35,6482.0,,,,,,,,,,,,0,
15,32,necessity,-44147.27618474202,4872.0,39.225831119833494,7209.741278095734,1.0,19.0,44813.0,,,6482.0,144194.82556191468,188342.1017466567,0.35,6482.0,,,,,,,,,,,,0,
16,32,necessity,-814018.5445112749,0.0,262.2916772060514,23440.53087024155,1.0,20.0,6168.0,,,6482.0,445370.08653458947,1259388.6310458644,0.35,6482.0,,,,,,,,,,,,0,
17,32,necessity,1362548.7551006724,314.0,53.164072557895295,80890.75325034626,1.0,21.0,30105.0,,,6482.0,1617815.0650069253,255266.30990625283,0.35,6482.0,,,,,,,,,,,,0,
18,32,necessity,-163906.09879971575,0.0,109.38480921936095,17204.90652873602,1.0,20.0,12401.0,,,6482.0,361303.03710345645,525209.1359031722,0.35,6482.0,,,,,,,,,,,,0,
19,32,necessity,453766.02345364477,0.0,53.164072557895295,35451.61666799488,1.0,21.0,26524.0,,,6482.0,709032.3333598976,255266.30990625283,0.35,6482.0,,,,,,,,,,,,0,
20,32,necessity,-184755.97835557238,0.0,110.25045054028796,16409.977062870348,1.0,20.0,16654.0,,,6482.0,344609.5183202773,529365.4966758497,0.35,6482.0,,,,,,,,,,,,0,
21,32,necessity,459377.1104958937,0.0,53.164072557895295,35732.17102010733,1.0,21.0,25458.0,,,6482.0,714643.4204021465,255266.30990625283,0.35,6482.0,,,,,,,,,,,,0,
22,32,necessity,-174031.2328459298,0.0,108.01681795223122,16409.977062870348,1.0,20.0,2404.0,,,6482.0,344609.5183202773,518640.7511662071,0.35,6482.0,,,,,,,,,,,,0,
23,32,necessity,4406.120450911025,4078.0,53.164072557895295,12983.621517858193,1.0,19.0,21700.0,,,6482.0,259672.43035716386,255266.30990625283,0.35,6482.0,,,,,,,,,,,,0,
24,32,necessity,-697976.0248344901,0.0,262.2916772060514,29548.031905861804,1.0,20.0,2420.0,,,6482.0,561412.6062113743,1259388.6310458644,0.35,6482.0,,,,,,,,,,,,0,
25,32,necessity,441937.88958868,4062.0,40.15593311436225,31737.292941932224,1.0,21.0,37169.0,,,6482.0,634745.8588386445,192807.96924996446,0.35,6482.0,,,,,,,,,,,,0,
26,32,necessity,-32502.675291442312,0.0,94.951284460286,20162.10279799217,1.0,20.0,18959.0,,,6482.0,423404.15875783557,455906.8340492779,0.35,6482.0,,,,,,,,,,,,0,
27,32,necessity,422666.25662160944,0.0,40.15593311436225,30773.711293578694,1.0,21.0,37492.0,,,6482.0,615474.2258715739,192807.96924996446,0.35,6482.0,,,,,,,,,,,,0,
28,32,necessity,-173518.1858036929,0.0,90.34897788467852,12394.798021299814,1.0,20.0,14443.0,,,6482.0,260290.7584472961,433808.944250989,0.35,6482.0,,,,,,,,,,,,0,
29,32,necessity,392834.10539852164,0.0,40.15593311436225,29282.103732424304,1.0,21.0,43896.0,,,6482.0,585642.0746484861,192807.96924996446,0.35,6482.0,,,,,,,,,,,,0,
30,32,necessity,-167565.80149526242,0.0,89.10928044328058,12394.798021299814,1.0,20.0,27012.0,,,6482.0,260290.7584472961,427856.5599425585,0.35,6482.0,,,,,,,,,,,,0,
31,32,necessity,384798.3865833803,0.0,40.15593311436225,28880.317791667236,1.0,21.0,33057.0,,,6482.0,577606.3558333447,192807.96924996446,0.35,6482.0,,,,,,,,,,,,0,
32,32,necessity,-196740.07945838594,0.0,95.18537967872344,12394.798021299814,1.0,20.0,14480.0,,,6482.0,260290.7584472961,457030.83790568204,0.35,6482.0,,,,,,,,,,,,0,
33,32,necessity,424183.6618275208,0.0,40.15593311436225,30849.581553874265,1.0,21.0,41042.0,,,6482.0,616991.6310774853,192807.96924996446,0.35,6482.0,,,,,,,,,,,,0,
34,32,necessity,-185295.73694663285,0.0,92.80187730469025,12394.798021299814,1.0,20.0,15352.0,,,6482.0,260290.7584472961,445586.49539392896,0.35,6482.0,,,,,,,,,,,,0,
35,32,necessity,408733.7994390378,0.0,40.15593311436225,30077.088434450114,1.0,21.0,21179.0,,,6482.0,601541.7686890023,192807.96924996446,0.35,6482.0,,,,,,,,,,,,0,
36,32,necessity,-166600.41540665185,0.0,88.90822039708755,12394.798021299814,1.0,20.0,21914.0,,,6482.0,260290.7584472961,426891.17385394796,0.35,6482.0,,,,,,,,,,,,0,
37,32,necessity,383495.115363957,0.0,40.15593311436225,28815.154230696073,1.0,21.0,35584.0,,,6482.0,576303.0846139215,192807.96924996446,0.35,6482.0,,,,,,,,,,,,0,
38,32,necessity,-167132.3869004416,0.0,89.01901359617817,12394.798021299814,1.0,20.0,18084.0,,,6482.0,260290.7584472961,427423.1453477377,0.35,6482.0,,,,,,,,,,,,0,
39,32,necessity,384213.2768804624,0.0,40.15593311436225,28851.062306521344,1.0,21.0,40722.0,,,6482.0,577021.2461304269,192807.96924996446,0.35,6482.0,,,,,,,,,,,,0,
40,32,necessity,-173315.15058512328,0.0,90.30669193203633,12394.798021299814,1.0,20.0,19178.0,,,6482.0,260290.7584472961,433605.9090324194,0.35,6482.0,,,,,,,,,,,,0,
41,32,necessity,392560.0078534951,0.0,40.15593311436225,29268.398855172978,1.0,21.0,37956.0,,,6482.0,585367.9771034595,192807.96924996446,0.35,6482.0,,,,,,,,,,,,0,
6,33,necessity,-102817.723459823,0.0,85.75585227282158,9849.121585269446,1.0,28.0,12417.0,,,6115.0,285624.52597281395,388442.24943263695,0.35,6115.0,,,,,,,,,,,,0,
7,33,necessity,346388.457426607,0.0,39.29870513654819,18728.465594582285,1.0,29.0,35386.0,,,6115.0,524397.036648304,178008.57922169697,0.35,6115.0,,,,,,,,,,,,0,
8,33,necessity,-230122.19442759734,0.0,103.85700702402107,8286.606272758352,1.0,28.0,11373.0,,,6115.0,240311.5819099922,470433.77633758954,0.35,6115.0,,,,,,,,,,,,0,
9,33,necessity,457077.01873019186,0.0,39.29870513654819,22681.62849828174,1.0,29.0,36507.0,,,6115.0,635085.5979518888,178008.57922169697,0.35,6115.0,,,,,,,,,,,,0,
10,33,necessity,-145162.56197042088,0.0,85.10058776017287,8286.606272758352,1.0,28.0,16131.0,,,6115.0,240311.5819099922,385474.1438804131,0.35,6115.0,,,,,,,,,,,,0,
11,33,necessity,342381.51493176015,0.0,39.29870513654819,18585.36050548061,1.0,29.0,29550.0,,,6115.0,520390.0941534571,178008.57922169697,0.35,6115.0,,,,,,,,,,,,0,
12,33,necessity,-162122.01356873184,0.0,88.84470217619506,8286.606272758352,1.0,28.0,15978.0,,,6115.0,240311.5819099922,402433.59547872405,0.35,6115.0,,,,,,,,,,,,0,
13,33,necessity,365276.77458573587,0.0,39.29870513654819,19403.048350265457,1.0,29.0,34601.0,,,6115.0,543285.3538074328,178008.57922169697,0.35,6115.0,,,,,,,,,,,,0,
14,33,necessity,-152912.0253412174,0.0,86.81142595295529,8286.606272758352,1.0,28.0,14638.0,,,6115.0,240311.5819099922,393223.6072512096,0.35,6115.0,,,,,,,,,,,,0,
15,33,necessity,352843.29048062465,0.0,39.29870513654819,18958.995346511485,1.0,29.0,29302.0,,,6115.0,530851.8697023216,178008.57922169697,0.35,6115.0,,,,,,,,,,,,0,
16,33,necessity,-147299.43259682402,0.0,85.57234170051179,8286.606272758352,1.0,28.0,17074.0,,,6115.0,240311.5819099922,387611.0145068162,0.35,6115.0,,,,,,,,,,,,0,
17,33,necessity,345266.29027693265,0.0,39.29870513654819,18688.388196379627,1.0,29.0,43696.0,,,6115.0,523274.8694986296,178008.57922169697,0.35,6115.0,,,,,,,,,,,,0,
18,33,necessity,-153632.06065788196,0.0,86.97038714303513,8286.606272758352,1.0,28.0,21039.0,,,6115.0,240311.5819099922,393943.64256787417,0.35,6115.0,,,,,,,,,,,,0,
19,33,necessity,353815.3381579629,0.0,39.29870513654819,18993.711334987853,1.0,29.0,50840.0,,,6115.0,531823.9173796598,178008.57922169697,0.35,6115.0,,,,,,,,,,,,0,
20,33,necessity,-175677.9865019421,0.0,91.83743536619359,8286.606272758352,1.0,28.0,17944.0,,,6115.0,240311.5819099922,415989.5684119343,0.35,6115.0,,,,,,,,,,,,0,
21,33,necessity,383577.3380425768,0.0,39.29870513654819,20056.63990229549,1.0,29.0,31250.0,,,6115.0,561585.9172642737,178008.57922169697,0.35,6115.0,,,,,,,,,,,,0,
22,33,necessity,-153578.14721393934,0.0,86.95848474739968,8286.606272758352,1.0,28.0,19856.0,,,6115.0,240311.5819099922,393889.72912393155,0.35,6115.0,,,,,,,,,,,,0,
23,33,necessity,353742.55500865215,0.0,39.29870513654819,18991.11193679818,1.0,29.0,40703.0,,,6115.0,531751.1342303491,178008.57922169697,0.35,6115.0,,,,,,,,,,,,0,
24,33,necessity,-148464.10943041765,0.0,85.82946577656972,8286.606272758352,1.0,28.0,15556.0,,,6115.0,240311.5819099922,388775.69134040986,0.35,6115.0,,,,,,,,,,,,0,
25,33,necessity,346838.60400202684,0.0,39.29870513654819,18744.542257990135,1.0,29.0,36029.0,,,6115.0,524847.1832237238,178008.57922169697,0.35,6115.0,,,,,,,,,,,,0,
26,33,necessity,-147179.4781553205,0.0,85.54585952618582,8286.606272758352,1.0,28.0,9364.0,,,6115.0,240311.5819099922,387491.0600653127,0.35,6115.0,,,,,,,,,,,,0,
27,33,necessity,345104.35178092937,0.0,39.29870513654819,18682.604678665226,1.0,29.0,52602.0,,,6115.0,523112.9310026263,178008.57922169697,0.35,6115.0,,,,,,,,,,,,0,
28,33,necessity,-139976.34472972236,0.0,83.95563383150598,8286.606272758352,1.0,28.0,14259.0,,,6115.0,240311.5819099922,380287.92663971457,0.35,6115.0,,,,,,,,,,,,0,
29,33,necessity,335380.1216579621,0.0,39.29870513654819,18335.310745702107,1.0,29.0,34035.0,,,6115.0,513388.70087965904,178008.57922169697,0.35,6115.0,,,,,,,,,,,,0,
30,33,necessity,-184036.3738226368,0.0,93.68270484797489,8286.606272758352,1.0,28.0,19682.0,,,6115.0,240311.5819099922,424347.955732629,0.35,6115.0,,,,,,,,,,,,0,
31,33,necessity,394861.16092366946,0.0,39.29870513654819,20459.63357662023,1.0,29.0,43326.0,,,6115.0,572869.7401453664,178008.57922169697,0.35,6115.0,,,,,,,,,,,,0,
32,33,necessity,-172031.97176781832,0.0,91.0325097913347,8286.606272758352,1.0,28.0,12597.0,,,6115.0,240311.5819099922,412343.55367781053,0.35,6115.0,,,,,,,,,,,,0,
33,33,necessity,378655.2181523148,0.0,39.29870513654819,19880.849906214706,1.0,29.0,50076.0,,,6115.0,556663.7973740117,178008.57922169697,0.35,6115.0,,,,,,,,,,,,0,
34,33,necessity,-182231.58195026027,0.0,93.28426346983755,8286.606272758352,1.0,28.0,7425.0,,,6115.0,240311.5819099922,422543.1638602525,0.35,6115.0,,,,,,,,,,,,0,
35,33,necessity,392424.69189635967,0.0,39.29870513654819,20372.61682564488,1.0,29.0,51993.0,,,6115.0,570433.2711180566,178008.57922169697,0.35,6115.0,,,,,,,,,,,,0,
36,33,necessity,-144530.0555955005,0.0,84.96095021217566,8286.606272758352,1.0,28.0,18575.0,,,6115.0,240311.5819099922,384841.6375054927,0.35,6115.0,,,,,,,,,,,,0,
37,33,necessity,341527.63132575725,0.0,39.29870513654819,18554.86466240908,1.0,29.0,49399.0,,,6115.0,519536.2105474542,178008.57922169697,0.35,6115.0,,,,,,,,,,,,0,
38,33,necessity,-136341.5230899292,0.0,83.15317934043185,8286.606272758352,1.0,28.0,17431.0,,,6115.0,240311.5819099922,376653.1049999214,0.35,6115.0,,,,,,,,,,,,0,
39,33,necessity,330473.11244504375,0.0,39.29870513654819,18160.060416669312,1.0,29.0,40983.0,,,6115.0,508481.69166674075,178008.57922169697,0.35,6115.0,,,,,,,,,,,,0,
40,33,necessity,-171091.79134567606,0.0,90.82494747413365,8286.606272758352,1.0,28.0,15619.0,,,6115.0,240311.5819099922,411403.37325566827,0.35,6115.0,,,,,,,,,,,,0,
41,33,necessity,377385.9745826303,0.0,39.29870513654819,19835.519778725975,1.0,29.0,45040.0,,,6115.0,555394.5538043273,178008.57922169697,0.35,6115.0,,,,,,,,,,,,0,
