data/saved_data/run_2025_05_03_2158_richie_random_luxury_distribution/firm_data.csv
Step,AgentID,FirmType,Profit,Inventory,ProductPrice,RevenuePerEmployee,ProductionLevel,NumEmployees,DemandReceived,InventoryDemandRatio,SellThroughRate,ProductionCapacity,Revenue,Costs,Markup,ProducedUnits,IncomeBracket,NumPeople,SpendRatio,PostTaxIncome,HouseholdExpense,HouseholdSavings,HealthLevel,Welfare,SkillLevel,SkillType,JobLevel,IsEmployed,Wage
6,46,luxury,-1591334.8181245308,667.0,63470.6989612663,6601.1148057275295,0.1,70.0,2.0,,,370.0,468679.1512066546,2060013.9693311856,0.14000000000000004,37.0,,,,,,,,,,,,0,
7,46,luxury,-986980.9015169283,702.0,31310.247570453837,1813.4485417504657,0.1,69.0,34.0,,,370.0,126941.3979225326,1113922.299439461,0.040000000000000036,37.0,,,,,,,,,,,,0,
8,46,luxury,-13937082.809625357,705.0,409503.9764807303,15428.237933267106,0.1,70.0,0.0,,,370.0,1064548.4173954304,15001631.227020787,0.01,37.0,,,,,,,,,,,,0,
9,46,luxury,-1006361.6850070078,742.0,27470.95336178715,0.0,0.1,69.0,18.0,,,370.0,0.0,1006361.6850070078,0.01,37.0,,,,,,,,,,,,0,
10,46,luxury,-14507154.06650862,761.0,409503.9764807303,7166.335659596647,0.1,70.0,0.0,,,370.0,494477.16051216866,15001631.227020787,0.01,37.0,,,,,,,,,,,,0,
11,46,luxury,-964212.7148860133,798.0,26320.40042471549,0.0,0.1,69.0,19.0,,,370.0,0.0,964212.7148860133,0.01,37.0,,,,,,,,,,,,0,
12,46,luxury,-14501543.618951192,816.0,409503.9764807303,7247.646493762237,0.1,70.0,0.0,,,370.0,500087.60806959437,15001631.227020787,0.01,37.0,,,,,,,,,,,,0,
13,46,luxury,-957094.0395616619,853.0,26126.079833275642,0.0,0.1,69.0,63.0,,,370.0,0.0,957094.0395616619,0.01,37.0,,,,,,,,,,,,0,
14,46,luxury,-13355688.19752442,827.0,409503.9764807303,23854.24680429515,0.1,70.0,0.0,,,370.0,1645943.0294963655,15001631.227020787,0.01,37.0,,,,,,,,,,,,0,
15,46,luxury,-969875.8174882989,864.0,26474.987815897137,0.0,0.1,69.0,27.0,,,370.0,0.0,969875.8174882989,0.01,37.0,,,,,,,,,,,,0,
16,46,luxury,-14286806.555991564,874.0,409503.9764807303,10359.777841003228,0.1,70.0,1.0,,,370.0,714824.6710292227,15001631.227020787,0.01,37.0,,,,,,,,,,,,0,
17,46,luxury,-593771.6187622317,910.0,27386.711454288656,5850.056806867576,0.1,69.0,54.0,,,370.0,409503.9764807303,1003275.595242962,0.01,37.0,,,,,,,,,,,,0,
18,46,luxury,-13522748.8084892,893.0,409503.9764807303,21433.078529443294,0.1,70.0,0.0,,,370.0,1478882.4185315873,15001631.227020787,0.01,37.0,,,,,,,,,,,,0,
19,46,luxury,-911727.8043502659,930.0,24887.704256920657,0.0,0.1,69.0,105.0,,,370.0,0.0,911727.8043502659,0.01,37.0,,,,,,,,,,,,0,
20,46,luxury,-12388422.280044118,862.0,409503.9764807303,37872.59343444448,0.1,70.0,0.0,,,370.0,2613208.946976669,15001631.227020787,0.01,37.0,,,,,,,,,,,,0,
21,46,luxury,-935231.9214291633,899.0,25529.303111193294,0.0,0.1,69.0,7.0,,,370.0,0.0,935231.9214291633,0.01,37.0,,,,,,,,,,,,0,
22,46,luxury,-14822926.105242435,929.0,409503.9764807303,2589.9293011355517,0.1,70.0,0.0,,,370.0,178705.12177835306,15001631.227020787,0.01,37.0,,,,,,,,,,,,0,
23,46,luxury,-930230.110439597,966.0,25392.767193276373,0.0,0.1,69.0,44.0,,,370.0,0.0,930230.110439597,0.01,37.0,,,,,,,,,,,,0,
24,46,luxury,-13884349.470516626,959.0,409503.9764807303,16192.489224697976,0.1,70.0,0.0,,,370.0,1117281.7565041604,15001631.227020787,0.01,37.0,,,,,,,,,,,,0,
25,46,luxury,-1012186.7126212342,996.0,27629.960868040158,0.0,0.1,69.0,26.0,,,370.0,0.0,1012186.7126212342,0.01,37.0,,,,,,,,,,,,0,
26,46,luxury,-14283252.244451743,1007.0,409503.9764807303,10411.289602449915,0.1,70.0,0.0,,,370.0,718378.9825690441,15001631.227020787,0.01,37.0,,,,,,,,,,,,0,
27,46,luxury,-927950.8907484153,1044.0,25330.550657441858,0.0,0.1,69.0,19.0,,,370.0,0.0,927950.8907484153,0.01,37.0,,,,,,,,,,,,0,
28,46,luxury,-14520350.764529392,1062.0,409503.9764807303,6975.079166541961,0.1,70.0,0.0,,,370.0,481280.4624913953,15001631.227020787,0.01,37.0,,,,,,,,,,,,0,
29,46,luxury,-906375.7931436747,1099.0,24741.608819824396,0.0,0.1,69.0,56.0,,,370.0,0.0,906375.7931436747,0.01,37.0,,,,,,,,,,,,0,
30,46,luxury,-13616101.13311062,1080.0,409503.9764807303,20080.146288553133,0.1,70.0,0.0,,,370.0,1385530.093910166,15001631.227020787,0.01,37.0,,,,,,,,,,,,0,
31,46,luxury,-1024367.3254671736,1117.0,27962.458669172614,0.0,0.1,69.0,43.0,,,370.0,0.0,1024367.3254671736,0.01,37.0,,,,,,,,,,,,0,
32,46,luxury,-13799245.504246365,1111.0,409503.9764807303,17425.88004020902,0.1,70.0,0.0,,,370.0,1202385.7227744225,15001631.227020787,0.01,37.0,,,,,,,,,,,,0,
33,46,luxury,-936109.2605620901,1148.0,25553.25209768808,0.0,0.1,69.0,49.0,,,370.0,0.0,936109.2605620901,0.01,37.0,,,,,,,,,,,,0,
34,46,luxury,-13749521.874234071,1136.0,409503.9764807303,18146.512359227767,0.1,70.0,0.0,,,370.0,1252109.3527867158,15001631.227020787,0.01,37.0,,,,,,,,,,,,0,
35,46,luxury,-953069.4086488475,1173.0,26016.218289705885,0.0,0.1,69.0,24.0,,,370.0,0.0,953069.4086488475,0.01,37.0,,,,,,,,,,,,0,
36,46,luxury,-14377241.988067847,1186.0,409503.9764807303,9049.11940511509,0.1,70.0,0.0,,,370.0,624389.2389529413,15001631.227020787,0.01,37.0,,,,,,,,,,,,0,
37,46,luxury,-943430.620609471,1223.0,25753.10543412055,0.0,0.1,69.0,50.0,,,370.0,0.0,943430.620609471,0.01,37.0,,,,,,,,,,,,0,
38,46,luxury,-13713975.95531476,1210.0,409503.9764807303,18661.67060443518,0.1,70.0,0.0,,,370.0,1287655.2717060274,15001631.227020787,0.01,37.0,,,,,,,,,,,,0,
39,46,luxury,-912801.6592088646,1247.0,24917.01759145772,0.0,0.1,69.0,29.0,,,370.0,0.0,912801.6592088646,0.01,37.0,,,,,,,,,,,,0,
40,46,luxury,-14279037.716868512,1255.0,409503.9764807303,10472.369712351794,0.1,70.0,1.0,,,370.0,722593.5101522738,15001631.227020787,0.01,37.0,,,,,,,,,,,,0,
6,52,luxury,-2036210.6311115448,145.39999999999998,119810.29455139178,19571.380592994246,0.1,39.0,8.0,,,284.0,782855.2237197699,2819065.8548313146,0.19000000000000003,28.0,,,,,,,,,,,,0,
7,52,luxury,-716136.0959205936,165.39999999999998,65190.501708967204,24576.47067720857,0.1,40.0,29.0,,,284.0,958482.3564111342,1674618.4523317278,0.09000000000000002,28.0,,,,,,,,,,,,0,
8,52,luxury,-800290.7957642593,164.39999999999998,100905.57184589113,47263.11373900122,0.1,41.0,18.0,,,284.0,1890524.5495600489,2690815.345324308,0.05000000000000002,28.0,,,,,,,,,,,,0,
9,52,luxury,-1531415.015032461,174.39999999999998,120756.86930657917,44300.00715185465,0.1,40.0,5.0,,,284.0,1816300.2932260404,3347715.3082585013,0.01,28.0,,,,,,,,,,,,0,
10,52,luxury,-1727734.0687330246,197.39999999999998,84101.19697562081,15094.608663322399,0.1,39.0,9.0,,,284.0,603784.3465328959,2331518.4152659206,0.01,28.0,,,,,,,,,,,,0,
11,52,luxury,-955348.7871630032,216.39999999999998,61763.64620640643,19407.968532835574,0.1,40.0,32.0,,,284.0,756910.7727805873,1712259.5599435905,0.01,28.0,,,,,,,,,,,,0,
12,52,luxury,-852787.2879661589,212.39999999999998,102054.14657795463,49410.91696512514,0.1,41.0,15.0,,,284.0,1976436.6786050058,2829223.966571165,0.01,28.0,,,,,,,,,,,,0,
13,52,luxury,-1919045.4298046236,225.39999999999998,124441.28858276407,37336.882894373644,0.1,40.0,4.0,,,284.0,1530812.1986693195,3449857.628473943,0.01,28.0,,,,,,,,,,,,0,
14,52,luxury,-1835128.0675153122,249.39999999999998,84150.78821121585,12444.128858276406,0.1,39.0,33.0,,,284.0,497765.1543310563,2332893.2218463686,0.01,28.0,,,,,,,,,,,,0,
15,52,luxury,1064716.4510265326,244.39999999999998,61763.64620640643,71204.51310179803,0.1,40.0,25.0,,,284.0,2776976.010970123,1712259.5599435905,0.01,28.0,,,,,,,,,,,,0,
16,52,luxury,-1190723.063860556,247.39999999999998,98648.65223436685,38602.27887900402,0.1,39.0,21.0,,,284.0,1544091.1551601607,2734814.219020717,0.01,28.0,,,,,,,,,,,,0,
17,52,luxury,359362.1369781133,254.39999999999998,61763.64620640643,53118.505049274456,0.1,40.0,52.0,,,284.0,2071621.6969217039,1712259.5599435905,0.01,28.0,,,,,,,,,,,,0,
18,52,luxury,446605.72581653483,230.39999999999998,99741.24342659007,80292.74006832836,0.1,41.0,16.0,,,284.0,3211709.6027331343,2765103.8769165995,0.01,28.0,,,,,,,,,,,,0,
19,52,luxury,-1787482.1384725764,242.39999999999998,122041.97612817933,38923.412068913196,0.1,40.0,15.0,,,284.0,1595859.894825441,3383342.0332980175,0.01,28.0,,,,,,,,,,,,0,
20,52,luxury,-499868.07440231834,255.39999999999998,84064.37890799569,45765.74104806725,0.1,41.0,22.0,,,284.0,1830629.64192269,2330497.7163250083,0.01,28.0,,,,,,,,,,,,0,
21,52,luxury,-1565797.618338601,261.4,123191.64180950033,45107.71551160744,0.1,40.0,10.0,,,284.0,1849416.3359759052,3415213.954314506,0.01,28.0,,,,,,,,,,,,0,
22,52,luxury,-1098581.298230005,279.4,84064.37890799569,30797.910452375083,0.1,39.0,12.0,,,284.0,1231916.4180950033,2330497.7163250083,0.01,28.0,,,,,,,,,,,,0,
23,52,luxury,-703487.0130476423,295.4,61763.64620640643,25865.96274092175,0.1,38.0,25.0,,,284.0,1008772.5468959482,1712259.5599435905,0.01,28.0,,,,,,,,,,,,0,
24,52,luxury,464253.93152602226,298.4,38951.26988997178,40633.97776737265,0.1,39.0,44.0,,,284.0,1544091.1551601607,1079837.2236341385,0.01,28.0,,,,,,,,,,,,0,
25,52,luxury,-518369.36663708556,282.4,80519.55048908041,43945.02243996816,0.1,40.0,23.0,,,284.0,1713855.8751587584,2232225.241795844,0.01,28.0,,,,,,,,,,,,0,
26,52,luxury,-988515.7816482668,287.4,102459.6426738016,46298.74153122124,0.1,41.0,15.0,,,284.0,1851949.6612488495,2840465.4428971163,0.01,28.0,,,,,,,,,,,,0,
27,52,luxury,-1919581.8024280719,300.4,124680.03865287172,37485.23512456156,0.1,40.0,11.0,,,284.0,1536894.640107024,3456476.442535096,0.01,28.0,,,,,,,,,,,,0,
28,52,luxury,-932607.9991918013,317.4,83111.75805376307,34287.01062953972,0.1,39.0,3.0,,,284.0,1371480.4251815889,2304088.42437339,0.01,28.0,,,,,,,,,,,,0,
29,52,luxury,-1446512.9491108288,342.4,61171.665869041906,6393.212157981775,0.1,38.0,26.0,,,284.0,249335.2741612892,1695848.223272118,0.01,28.0,,,,,,,,,,,,0,
30,52,luxury,510626.0889609512,344.4,38951.26988997178,41854.29769987078,0.1,39.0,43.0,,,284.0,1590463.3125950897,1079837.2236341385,0.01,28.0,,,,,,,,,,,,0,
31,52,luxury,-407538.6271054961,329.4,75116.69962790448,42946.27192996888,0.1,40.0,23.0,,,284.0,1674904.6052687864,2082443.2323742826,0.01,28.0,,,,,,,,,,,,0,
32,52,luxury,-1078249.1560746846,334.4,101214.01709920127,43192.102286045076,0.1,41.0,19.0,,,284.0,1727684.0914418031,2805933.2475164877,0.01,28.0,,,,,,,,,,,,0,
33,52,luxury,-1489333.1354999912,343.4,123090.1189963766,46904.05670450791,0.1,42.0,10.0,,,284.0,1923066.3248848242,3412399.4603848155,0.01,28.0,,,,,,,,,,,,0,
34,52,luxury,-2568098.9158643433,361.4,137035.35606610836,29307.171189613473,0.1,41.0,8.0,,,284.0,1230901.189963766,3799000.105828109,0.01,28.0,,,,,,,,,,,,0,
35,52,luxury,-1700111.248559098,381.4,100869.92632817564,26738.60606167968,0.1,40.0,13.0,,,284.0,1096282.848528867,2796394.097087965,0.01,28.0,,,,,,,,,,,,0,
36,52,luxury,-878618.8419533537,396.4,78993.82443100032,32782.726056657084,0.1,41.0,27.0,,,284.0,1311309.0422662834,2189927.884219637,0.01,28.0,,,,,,,,,,,,0,
37,52,luxury,-1259592.3919685036,397.4,122369.63520542615,52020.323405780706,0.1,42.0,21.0,,,284.0,2132833.259637009,3392425.6516055125,0.01,28.0,,,,,,,,,,,,0,
38,52,luxury,-1473704.4455795875,404.4,145853.61810317336,61184.81760271307,0.1,43.0,5.0,,,284.0,2569762.339313949,4043466.7848935365,0.01,28.0,,,,,,,,,,,,0,
39,52,luxury,-3933445.333610438,427.4,168190.72822060142,16959.723035252715,0.1,42.0,11.0,,,284.0,729268.0905158668,4662713.424126305,0.01,28.0,,,,,,,,,,,,0,
40,52,luxury,-1610117.6463138133,444.4,124814.91744617555,44049.95262920513,0.1,43.0,5.0,,,284.0,1850098.0104266156,3460215.656740429,0.01,28.0,,,,,,,,,,,,0,
6,53,luxury,-875019.1470443809,187.39999999999998,137967.55102482895,86407.75180948208,0.1,24.0,13.0,,,254.0,1987378.291618088,2862397.438662469,0.20500000000000007,25.0,,,,,,,,,,,,0,
7,53,luxury,-1715029.331984067,199.39999999999998,159992.49538629226,74732.42347178234,0.1,23.0,2.0,,,254.0,1793578.1633227763,3508607.4953068434,0.14000000000000007,25.0,,,,,,,,,,,,0,
8,53,luxury,-2092902.3649825118,222.39999999999998,100376.1099843676,13912.390903155849,0.1,22.0,11.0,,,254.0,319984.9907725845,2412887.3557550963,0.04000000000000006,25.0,,,,,,,,,,,,0,
9,53,luxury,-683357.4843525905,236.39999999999998,72214.7827563063,50188.0549921838,0.1,23.0,19.0,,,254.0,1104137.2098280436,1787494.694180634,0.01,25.0,,,,,,,,,,,,0,
10,53,luxury,-1462055.548513431,242.39999999999998,114499.10682371906,59655.690103035646,0.1,24.0,14.0,,,254.0,1372080.8723698198,2834136.420883251,0.01,25.0,,,,,,,,,,,,0,
11,53,luxury,-1866961.280606053,253.39999999999998,140185.92494854305,66791.14564716945,0.1,25.0,6.0,,,254.0,1602987.4955320668,3469948.77613812,0.01,25.0,,,,,,,,,,,,0,
12,53,luxury,-3034206.739101179,272.4,156563.0142046939,33644.62198765033,0.1,24.0,5.0,,,254.0,841115.5496912582,3875322.2887924374,0.01,25.0,,,,,,,,,,,,0,
13,53,luxury,-2045865.4910663508,292.4,114278.69013728114,32617.2946259779,0.1,23.0,9.0,,,254.0,782815.0710234696,2828680.5620898204,0.01,25.0,,,,,,,,,,,,0,
14,53,luxury,-1169951.2516283635,308.4,88817.75874699095,44717.74831458827,0.1,24.0,10.0,,,254.0,1028508.2112355302,2198459.4628638937,0.01,25.0,,,,,,,,,,,,0,
15,53,luxury,-2356727.7725325893,323.4,131094.1713003341,37007.39947791289,0.1,23.0,26.0,,,254.0,888177.5874699095,3244905.3600024986,0.01,25.0,,,,,,,,,,,,0,
16,53,luxury,1209988.990944793,322.4,88817.75874699095,148193.4110351603,0.1,24.0,20.0,,,254.0,3408448.4538086867,2198459.4628638937,0.01,25.0,,,,,,,,,,,,0,
17,53,luxury,-1459251.0334662695,327.4,130718.48559086653,74014.79895582578,0.1,23.0,17.0,,,254.0,1776355.174939819,3235606.2084060884,0.01,25.0,,,,,,,,,,,,0,
18,53,luxury,23754.792180837598,335.4,88817.75874699095,96618.01108890136,0.1,24.0,20.0,,,254.0,2222214.2550447313,2198459.4628638937,0.01,25.0,,,,,,,,,,,,0,
19,53,luxury,-1512684.7227630776,340.4,132877.20655210875,74014.79895582578,0.1,23.0,13.0,,,254.0,1776355.174939819,3289039.8977028965,0.01,25.0,,,,,,,,,,,,0,
20,53,luxury,-471055.77768647997,352.4,88817.75874699095,75104.50805119191,0.1,24.0,5.0,,,254.0,1727403.6851774137,2198459.4628638937,0.01,25.0,,,,,,,,,,,,0,
21,53,luxury,-2918449.085082486,372.4,135846.5248703636,18503.699738956446,0.1,23.0,8.0,,,254.0,444088.7937349547,3362537.8788174405,0.01,25.0,,,,,,,,,,,,0,
22,53,luxury,-1111687.263900985,389.4,88817.75874699095,47250.96517230038,0.1,24.0,16.0,,,254.0,1086772.1989629087,2198459.4628638937,0.01,25.0,,,,,,,,,,,,0,
23,53,luxury,-1935074.3173240845,398.4,135588.7962503961,59211.83916466063,0.1,25.0,7.0,,,254.0,1421084.1399518552,3356158.4572759396,0.01,25.0,,,,,,,,,,,,0,
24,53,luxury,-3030402.655529048,416.4,160772.77243207465,37964.8629501109,0.1,24.0,5.0,,,254.0,949121.5737527726,3979524.2292818204,0.01,25.0,,,,,,,,,,,,0,
25,53,luxury,-2017961.3727094012,436.4,114001.73492866948,33494.32759001555,0.1,23.0,5.0,,,254.0,803863.8621603732,2821825.2348697744,0.01,25.0,,,,,,,,,,,,0,
26,53,luxury,-1628450.7882205462,456.4,88817.75874699095,24782.98585405858,0.1,22.0,10.0,,,254.0,570008.6746433474,2198459.4628638937,0.01,25.0,,,,,,,,,,,,0,
27,53,luxury,-674469.5201391155,471.4,63130.940622166985,40371.70852135952,0.1,23.0,12.0,,,254.0,888177.5874699095,1562647.107609025,0.01,25.0,,,,,,,,,,,,0,
28,53,luxury,-1457195.039963181,484.4,89476.55604907681,32937.88206373929,0.1,22.0,13.0,,,254.0,757571.2874660038,2214766.3274291847,0.01,25.0,,,,,,,,,,,,0,
29,53,luxury,-405361.04214681196,496.4,63369.6708049195,52872.51039263629,0.1,23.0,32.0,,,254.0,1163195.2286379985,1568556.2707848104,0.01,25.0,,,,,,,,,,,,0,
30,53,luxury,-211125.98987379065,489.4,90453.79678934919,88166.49851119235,0.1,24.0,24.0,,,254.0,2027829.465757424,2238955.4556312147,0.01,25.0,,,,,,,,,,,,0,
31,53,luxury,-1127299.642816085,490.4,133246.90160684675,90453.79678934919,0.1,25.0,8.0,,,254.0,2170891.1229443806,3298190.7657604655,0.01,25.0,,,,,,,,,,,,0,
32,53,luxury,-2864260.1041174605,507.4,158781.50045441824,42639.00851419096,0.1,24.0,3.0,,,254.0,1065975.212854774,3930235.3169722348,0.01,25.0,,,,,,,,,,,,0,
33,53,luxury,-2394655.5054797293,529.4,115988.39563692072,19847.68755680228,0.1,23.0,12.0,,,254.0,476344.50136325473,2871000.006842984,0.01,25.0,,,,,,,,,,,,0,
34,53,luxury,-847094.707988166,542.4,90453.79678934919,60515.68468013255,0.1,24.0,16.0,,,254.0,1391860.7476430486,2238955.4556312147,0.01,25.0,,,,,,,,,,,,0,
35,53,luxury,-1855219.6009021269,551.4,133420.2007842732,60302.531192899456,0.1,23.0,16.0,,,254.0,1447260.748629587,3302480.349531714,0.01,25.0,,,,,,,,,,,,0,
36,53,luxury,-104232.24308284326,560.4,90453.79678934919,92814.05271949442,0.1,24.0,19.0,,,254.0,2134723.2125483714,2238955.4556312147,0.01,25.0,,,,,,,,,,,,0,
37,53,luxury,-1552534.899808265,566.4,132154.73908156878,71609.25579156811,0.1,23.0,11.0,,,254.0,1718622.1389976346,3271157.0388058997,0.01,25.0,,,,,,,,,,,,0,
38,53,luxury,-785253.325733958,580.4,90453.79678934919,63204.4404303155,0.1,22.0,23.0,,,254.0,1453702.1298972566,2238955.4556312147,0.01,25.0,,,,,,,,,,,,0,
39,53,luxury,493601.0903439764,582.4,64108.18136243936,94565.33300704688,0.1,23.0,36.0,,,254.0,2080437.3261550313,1586836.235811055,0.01,25.0,,,,,,,,,,,,0,
40,53,luxury,-28582.160164811183,571.4,94393.65446844399,100343.24039338334,0.1,24.0,13.0,,,254.0,2307894.529047817,2336476.689212628,0.01,25.0,,,,,,,,,,,,0,
