data/saved_data/run_2025_05_03_2158_richie_random_luxury_distribution/firm_data.csv
Step,AgentID,FirmType,Profit,Inventory,ProductPrice,RevenuePerEmployee,ProductionLevel,NumEmployees,DemandReceived,InventoryDemandRatio,SellThroughRate,ProductionCapacity,Revenue,Costs,Markup,ProducedUnits,IncomeBracket,NumPeople,SpendRatio,PostTaxIncome,HouseholdExpense,HouseholdSavings,HealthLevel,Welfare,SkillLevel,SkillType,JobLevel,IsEmployed,Wage
6,57,luxury,-1616090.3913970408,281.7,153659.31080780976,69739.08645377393,0.1,27.0,4.0,,,257.0,1813216.247798122,3429306.639195163,0.16499999999999992,26.0,,,,,,,,,,,,0,
7,57,luxury,-3637878.570553529,303.7,174189.58336504592,22764.342341897744,0.1,26.0,6.0,,,257.0,614637.243231239,4252515.813784768,0.06499999999999992,26.0,,,,,,,,,,,,0,
8,57,luxury,-1860835.329049791,323.7,112885.86325563861,40197.596161164445,0.1,27.0,10.0,,,257.0,1045137.5001902755,2905972.8292400665,0.01,26.0,,,,,,,,,,,,0,
9,57,luxury,-3095590.996532063,339.7,164103.61389522,41809.57898356985,0.1,28.0,3.0,,,257.0,1128858.632556386,4224449.629088449,0.01,26.0,,,,,,,,,,,,0,
10,57,luxury,-4980669.743807474,362.7,212604.23764399337,17582.530060202145,0.1,27.0,4.0,,,257.0,492310.84168566007,5472980.585493134,0.01,26.0,,,,,,,,,,,,0,
11,57,luxury,-3374032.678512476,384.7,164103.61389522,31496.924095406426,0.1,28.0,7.0,,,257.0,850416.9505759735,4224449.629088449,0.01,26.0,,,,,,,,,,,,0,
12,57,luxury,-4349036.208169206,403.7,213566.88103550856,41025.903473805,0.1,29.0,8.0,,,257.0,1148725.2972665401,5497761.505435746,0.01,26.0,,,,,,,,,,,,0,
13,57,luxury,-4587503.4089440135,421.7,244576.86912398052,58915.00166496788,0.1,30.0,1.0,,,257.0,1708535.0482840685,6296038.457228082,0.01,26.0,,,,,,,,,,,,0,
14,57,luxury,-6552107.900575167,446.7,264025.05205273407,8152.562304132684,0.1,29.0,3.0,,,257.0,244576.86912398052,6796684.769699147,0.01,26.0,,,,,,,,,,,,0,
15,57,luxury,-4731297.737193648,469.7,214561.78491244552,27312.93641924835,0.1,30.0,4.0,,,257.0,792075.1561582022,5523372.89335185,0.01,26.0,,,,,,,,,,,,0,
16,57,luxury,-5933703.024710843,491.7,263841.1308524269,28608.23798832607,0.1,31.0,4.0,,,257.0,858247.1396497821,6791950.164360626,0.01,26.0,,,,,,,,,,,,0,
17,57,luxury,-6512665.156217954,513.7,293988.8339398117,34044.01688418412,0.1,32.0,3.0,,,257.0,1055364.5234097077,7568029.679627662,0.01,26.0,,,,,,,,,,,,0,
18,57,luxury,-7461050.430336537,536.7,324094.1068224394,27561.453181857345,0.1,31.0,2.0,,,257.0,881966.501819435,8343016.932155972,0.01,26.0,,,,,,,,,,,,0,
19,57,luxury,-6426251.447502317,560.7,274814.76088245795,20909.29721435093,0.1,30.0,5.0,,,257.0,648188.2136448788,7074439.661147196,0.01,26.0,,,,,,,,,,,,0,
20,57,luxury,-4381889.056886524,581.7,223597.01024287657,45802.46014707632,0.1,31.0,4.0,,,257.0,1374073.8044122898,5755962.8612988135,0.01,26.0,,,,,,,,,,,,0,
21,57,luxury,-6121007.0081553,603.7,272521.104888345,28851.227128113107,0.1,30.0,1.0,,,257.0,894388.0409715063,7015395.049126807,0.01,26.0,,,,,,,,,,,,0,
22,57,luxury,-5483441.756410468,628.7,223597.01024287657,9084.0368296115,0.1,29.0,2.0,,,257.0,272521.104888345,5755962.8612988135,0.01,26.0,,,,,,,,,,,,0,
23,57,luxury,-4545335.360411637,652.7,193940.55695253104,15420.48346502597,0.1,30.0,7.0,,,257.0,447194.02048575314,4992529.380897391,0.01,26.0,,,,,,,,,,,,0,
24,57,luxury,-5000095.815224344,671.7,246971.39477152258,45252.79662225724,0.1,31.0,2.0,,,257.0,1357583.8986677174,6357679.713892061,0.01,26.0,,,,,,,,,,,,0,
25,57,luxury,-7105899.28714193,695.7,295224.62316258467,15933.638372356296,0.1,30.0,0.0,,,257.0,493942.78954304516,7599842.076684975,0.01,26.0,,,,,,,,,,,,0,
26,57,luxury,-6357679.713892061,721.7,246971.39477152258,0.0,0.1,29.0,1.0,,,257.0,0.0,6357679.713892061,0.01,26.0,,,,,,,,,,,,0,
27,57,luxury,-4745557.986125868,746.7,193940.55695253104,8516.254992121469,0.1,30.0,2.0,,,257.0,246971.39477152258,4992529.380897391,0.01,26.0,,,,,,,,,,,,0,
28,57,luxury,-5939570.918639757,770.7,245797.16565665774,12929.37046350207,0.1,31.0,5.0,,,257.0,387881.1139050621,6327452.032544819,0.01,26.0,,,,,,,,,,,,0,
29,57,luxury,-6331167.458824387,791.7,293682.8663959956,39644.70413817061,0.1,32.0,1.0,,,257.0,1228985.8282832887,7560153.287107675,0.01,26.0,,,,,,,,,,,,0,
30,57,luxury,-8070799.835690219,816.7,324927.9693915041,9177.589574874863,0.1,31.0,2.0,,,257.0,293682.8663959956,8364482.702086215,0.01,26.0,,,,,,,,,,,,0,
31,57,luxury,-6481925.50874035,840.7,277042.2686521663,20963.09479945188,0.1,32.0,5.0,,,257.0,649855.9387830083,7131781.447523358,0.01,26.0,,,,,,,,,,,,0,
32,57,luxury,-6966586.463611734,861.7,324435.21001946466,43287.85447690098,0.1,33.0,2.0,,,257.0,1385211.3432608314,8351797.806872565,0.01,26.0,,,,,,,,,,,,0,
33,57,luxury,-8917703.587862926,885.7,371624.59139831853,19662.740001179678,0.1,32.0,1.0,,,257.0,648870.4200389293,9566574.007901855,0.01,26.0,,,,,,,,,,,,0,
34,57,luxury,-7980173.215474247,910.7,324435.21001946466,11613.268481197454,0.1,31.0,2.0,,,257.0,371624.59139831853,8351797.806872565,0.01,26.0,,,,,,,,,,,,0,
35,57,luxury,-6482911.027484429,934.7,277042.2686521663,20931.303872223525,0.1,32.0,2.0,,,257.0,648870.4200389293,7131781.447523358,0.01,26.0,,,,,,,,,,,,0,
36,57,luxury,-7851308.515050065,958.7,326517.17909079854,17315.141790760394,0.1,31.0,0.0,,,257.0,554084.5373043326,8405393.052354397,0.01,26.0,,,,,,,,,,,,0,
37,57,luxury,-7131781.447523358,984.7,277042.2686521663,0.0,0.1,30.0,1.0,,,257.0,0.0,7131781.447523358,0.01,26.0,,,,,,,,,,,,0,
38,57,luxury,-5519816.527223764,1009.7,225185.65994803957,9234.742288405543,0.1,31.0,4.0,,,257.0,277042.2686521663,5796858.79587593,0.01,26.0,,,,,,,,,,,,0,
39,57,luxury,-6100556.258654995,1031.7,271973.52367146546,29056.214186843816,0.1,32.0,2.0,,,257.0,900742.6397921583,7001298.898447153,0.01,26.0,,,,,,,,,,,,0,
40,57,luxury,-7786358.428287427,1055.7,323600.31564562867,16998.34522946659,0.1,31.0,3.0,,,257.0,543947.0473429309,8330305.475630358,0.01,26.0,,,,,,,,,,,,0,
6,58,luxury,-1254884.9652476863,199.70000000000005,172419.09422960097,93150.43021473008,0.1,20.0,10.0,,,227.0,1956159.0345093317,3211043.999757018,0.235,23.0,,,,,,,,,,,,0,
7,58,luxury,-289714.6120921613,212.70000000000005,102446.49548642019,86209.54711480049,0.1,19.0,10.0,,,227.0,1724190.9422960097,2013905.554388171,0.16999999999999998,23.0,,,,,,,,,,,,0,
8,58,luxury,-263394.95879741455,225.70000000000005,60753.38893780282,53919.208150747465,0.1,18.0,36.0,,,227.0,1024464.9548642018,1287859.9136616164,0.08499999999999998,23.0,,,,,,,,,,,,0,
9,58,luxury,1691932.8430817937,212.70000000000005,22498.81079655899,121506.77787560564,0.1,19.0,54.0,,,227.0,2187122.0017609014,495189.1586791078,0.04499999999999997,23.0,,,,,,,,,,,,0,
10,58,luxury,-26336.840363706928,181.70000000000005,55047.74003468305,63943.98857969397,0.1,18.0,32.0,,,227.0,1214935.7830141855,1241272.6233778924,0.01999999999999997,23.0,,,,,,,,,,,,0,
11,58,luxury,1266338.5224307496,172.70000000000005,21852.911922016625,97862.64895054763,0.1,19.0,54.0,,,227.0,1761527.6811098575,495189.1586791078,0.01499999999999997,23.0,,,,,,,,,,,,0,
12,58,luxury,-47867.85866784118,141.70000000000005,53921.92606779914,62108.275988889356,0.1,18.0,35.0,,,227.0,1180057.2437888978,1227925.102456739,0.01,23.0,,,,,,,,,,,,0,
13,58,luxury,1392078.2536938624,129.70000000000005,21745.262109592903,104848.18957627611,0.1,19.0,43.0,,,227.0,1887267.41237297,495189.1586791078,0.01,23.0,,,,,,,,,,,,0,
14,58,luxury,-268664.8330939589,109.70000000000005,52858.6157385175,49212.9616164471,0.1,18.0,25.0,,,227.0,935046.2707124949,1203711.1038064538,0.01,23.0,,,,,,,,,,,,0,
15,58,luxury,826276.2347838298,107.70000000000005,21745.262109592903,73414.74408127432,0.1,19.0,182.0,,,227.0,1321465.3934629376,495189.1586791078,0.01,23.0,,,,,,,,,,,,0,
6,59,luxury,-935329.1205692067,164.3,84613.9558289227,42814.618676756596,0.1,14.0,11.0,,,223.0,642219.2801513489,1577548.4007205556,0.17999999999999997,22.0,,,,,,,,,,,,0,
7,59,luxury,138654.78543145873,175.3,39784.95706426529,66482.39386558211,0.1,15.0,69.0,,,223.0,930753.5141181496,792098.7286866909,0.10499999999999995,22.0,,,,,,,,,,,,0,
8,59,luxury,616150.1336774351,128.3,106450.59034918029,183010.80249562033,0.1,16.0,17.0,,,223.0,2745162.037434305,2129011.90375687,0.09999999999999995,22.0,,,,,,,,,,,,0,
9,59,luxury,-1097493.5778426682,133.3,138089.79037768114,113103.75224600406,0.1,15.0,17.0,,,223.0,1809660.035936065,2907153.613778733,0.04499999999999996,22.0,,,,,,,,,,,,0,
10,59,luxury,777285.9977120257,138.3,72088.30777306053,156501.76242803864,0.1,16.0,39.0,,,223.0,2347526.4364205794,1570240.4387085538,0.01,22.0,,,,,,,,,,,,0,
11,59,luxury,-77487.14186923532,121.30000000000001,132628.1965382084,175715.25019683503,0.1,17.0,9.0,,,223.0,2811444.0031493604,2888931.1450185957,0.01,22.0,,,,,,,,,,,,0,
12,59,luxury,-2183951.1014903532,134.3,155062.76199885496,70214.92757905151,0.1,16.0,9.0,,,223.0,1193653.7688438757,3377604.870334229,0.01,22.0,,,,,,,,,,,,0,
13,59,luxury,-663349.3060344926,147.3,94522.87323370708,87222.80362435592,0.1,17.0,18.0,,,223.0,1395564.8579896947,2058914.1640241873,0.01,22.0,,,,,,,,,,,,0,
14,59,luxury,-1590884.179916394,151.3,151146.3048162749,100083.04224745455,0.1,18.0,10.0,,,223.0,1701411.7182067274,3292295.8981231214,0.01,22.0,,,,,,,,,,,,0,
15,59,luxury,-2528217.6846021167,163.3,185458.0615742933,83970.16934237495,0.1,17.0,4.0,,,223.0,1511463.048162749,4039680.7327648657,0.01,22.0,,,,,,,,,,,,0,
16,59,luxury,-2064466.7523687584,181.3,128834.6299917255,43637.190958657244,0.1,16.0,6.0,,,223.0,741832.2462971732,2806298.9986659316,0.01,22.0,,,,,,,,,,,,0,
17,59,luxury,-1285906.3840738344,197.3,94522.87323370708,48312.98624689706,0.1,17.0,8.0,,,223.0,773007.779950353,2058914.1640241873,0.01,22.0,,,,,,,,,,,,0,
18,59,luxury,-2525437.1650027274,211.3,150656.1909874962,44481.3521099798,0.1,16.0,4.0,,,223.0,756182.9858696567,3281620.150872384,0.01,22.0,,,,,,,,,,,,0,
19,59,luxury,-1456289.4000742026,229.3,94522.87323370708,37664.04774687405,0.1,15.0,25.0,,,223.0,602624.7639499848,2058914.1640241873,0.01,22.0,,,,,,,,,,,,0,
20,59,luxury,1082299.3768403528,226.3,58799.096351965956,157538.12205617846,0.1,16.0,33.0,,,223.0,2363071.830842677,1280772.4540023243,0.01,22.0,,,,,,,,,,,,0,
21,59,luxury,-582739.9321645314,215.3,115833.68623015982,121273.13622592979,0.1,15.0,15.0,,,223.0,1940370.1796148766,2523110.111779408,0.01,22.0,,,,,,,,,,,,0,
22,59,luxury,456732.83945007296,222.3,58799.096351965956,115833.68623015982,0.1,14.0,20.0,,,223.0,1737505.2934523972,1280772.4540023243,0.01,22.0,,,,,,,,,,,,0,
23,59,luxury,684879.0588988906,224.3,22546.085194352163,83998.70907423708,0.1,13.0,125.0,,,223.0,1175981.9270393192,491102.8681404285,0.01,22.0,,,,,,,,,,,,0,
24,59,luxury,543418.506469225,121.30000000000001,110123.03509024416,216789.28071492462,0.1,14.0,10.0,,,223.0,2818260.64929402,2274842.142824795,0.06499999999999999,22.0,,,,,,,,,,,,0,
25,59,luxury,360784.07891633664,133.3,34666.34661269734,78659.31077874583,0.1,13.0,33.0,,,223.0,1101230.3509024417,740446.271986105,0.029999999999999992,22.0,,,,,,,,,,,,0,
26,59,luxury,-1130852.7046057829,122.30000000000001,104435.92999168695,87999.18755530863,0.1,14.0,13.0,,,223.0,1143989.4382190122,2274842.142824795,0.01,22.0,,,,,,,,,,,,0,
27,59,luxury,618377.2585374459,131.3,33940.122533086665,96976.22070656646,0.1,15.0,82.0,,,223.0,1357667.0898919303,739289.8313544844,0.01,22.0,,,,,,,,,,,,0,
28,59,luxury,752595.16579475,71.30000000000001,93679.64597579479,185539.3365142071,0.1,16.0,10.0,,,223.0,2783090.0477131065,2030494.8819183565,0.015,22.0,,,,,,,,,,,,0,
29,59,luxury,-1841857.9799443013,83.30000000000001,127565.4934788081,58549.77873487174,0.1,15.0,12.0,,,223.0,936796.4597579478,2778654.439702249,0.01,22.0,,,,,,,,,,,,0,
30,59,luxury,43336.532607319765,93.30000000000001,68287.44612465068,102052.39478304649,0.1,16.0,24.0,,,223.0,1530785.9217456973,1487449.3891383775,0.01,22.0,,,,,,,,,,,,0,
31,59,luxury,-1065019.8051855585,91.30000000000001,124134.43514384143,102431.16918697603,0.1,17.0,15.0,,,223.0,1638898.7069916164,2703918.512177175,0.01,22.0,,,,,,,,,,,,0,
32,59,luxury,-1385569.120148425,98.30000000000001,149093.69794024585,109530.38395044832,0.1,18.0,12.0,,,223.0,1862016.5271576215,3247585.6473060464,0.01,22.0,,,,,,,,,,,,0,
33,59,luxury,-2303503.8697674857,108.30000000000001,187888.8336187321,99395.79862683057,0.1,17.0,3.0,,,223.0,1789124.3752829502,4092628.245050436,0.01,22.0,,,,,,,,,,,,0,
34,59,luxury,-2312492.6211554417,127.30000000000001,132041.84459954136,33156.85299154096,0.1,16.0,9.0,,,223.0,563666.5008561963,2876159.1220116382,0.01,22.0,,,,,,,,,,,,0,
35,59,luxury,-950921.8320860767,140.3,98213.2418001603,74273.53758724201,0.1,17.0,24.0,,,223.0,1188376.6013958722,2139298.433481949,0.01,22.0,,,,,,,,,,,,0,
36,59,luxury,-1029154.9614697108,138.3,155460.69712998168,138653.9884237557,0.1,18.0,14.0,,,223.0,2357117.8032038473,3386272.764673558,0.01,22.0,,,,,,,,,,,,0,
37,59,luxury,-2039473.2877778946,146.3,193549.18566020133,120913.87554554132,0.1,17.0,6.0,,,223.0,2176449.7598197437,4215923.047597638,0.01,22.0,,,,,,,,,,,,0,
38,59,luxury,-1807653.6024448217,162.3,136301.73033037997,68311.47729183576,0.1,16.0,12.0,,,223.0,1161295.113961208,2968948.7164060296,0.01,22.0,,,,,,,,,,,,0,
39,59,luxury,-585168.3946575767,172.3,101954.40673881595,102226.29774778498,0.1,17.0,18.0,,,223.0,1635620.7639645597,2220789.1586221363,0.01,22.0,,,,,,,,,,,,0,
40,59,luxury,-1580391.031155144,176.3,156805.72268966577,107951.7247822757,0.1,18.0,10.0,,,223.0,1835179.321298687,3415570.352453831,0.01,22.0,,,,,,,,,,,,0,
