data/saved_data/run_2025_05_03_2158_richie_random_luxury_distribution/firm_data.csv
Step,AgentID,FirmType,Profit,Inventory,ProductPrice,RevenuePerEmployee,ProductionLevel,NumEmployees,DemandReceived,InventoryDemandRatio,SellThroughRate,ProductionCapacity,Revenue,Costs,Markup,ProducedUnits,IncomeBracket,NumPeople,SpendRatio,PostTaxIncome,HouseholdExpense,HouseholdSavings,HealthLevel,Welfare,SkillLevel,SkillType,JobLevel,IsEmployed,Wage
6,60,luxury,-2658484.9659238467,190.10000000000002,250307.41338995504,44304.97276634807,0.1,17.0,4.0,,,151.0,708879.5642615692,3367364.530185416,0.11499999999999999,15.0,,,,,,,,,,,,0,
7,60,luxury,24246.824981094804,201.10000000000002,66109.16699321594,58895.861974107065,0.1,18.0,11.0,,,151.0,1001229.6535598201,976982.8285787253,0.014999999999999986,15.0,,,,,,,,,,,,0,
8,60,luxury,-1750265.895487886,205.10000000000002,166816.08219475413,40400.046495854185,0.1,17.0,5.0,,,151.0,727200.8369253754,2477466.732413261,0.01,15.0,,,,,,,,,,,,0,
9,60,luxury,-142902.41760495468,215.10000000000002,65783.5060720671,49063.55358669239,0.1,18.0,21.0,,,151.0,834080.4109737707,976982.8285787253,0.01,15.0,,,,,,,,,,,,0,
10,60,luxury,-1090433.7969287056,209.10000000000002,166440.40881640848,76747.42375074496,0.1,19.0,0.0,,,151.0,1381453.6275134091,2471887.424442115,0.01,15.0,,,,,,,,,,,,0,
11,60,luxury,-3369663.3590563512,224.10000000000002,226890.65105041757,0.0,0.1,18.0,7.0,,,151.0,0.0,3369663.3590563512,0.01,15.0,,,,,,,,,,,,0,
12,60,luxury,-286524.20584003907,232.10000000000002,126233.74830607623,88235.25318627349,0.1,19.0,11.0,,,151.0,1588234.5573529229,1874758.763192962,0.01,15.0,,,,,,,,,,,,0,
13,60,luxury,-2072967.7320757883,236.10000000000002,233076.9413333408,73082.69638772834,0.1,18.0,12.0,,,151.0,1388571.2313668386,3461538.963442627,0.01,15.0,,,,,,,,,,,,0,
14,60,luxury,922164.5328071276,239.10000000000002,126233.74830607623,155384.62755556052,0.1,19.0,9.0,,,151.0,2796923.2960000895,1874758.763192962,0.01,15.0,,,,,,,,,,,,0,
15,60,luxury,-2209936.8395359023,245.10000000000002,225300.05031556293,59794.93340814137,0.1,18.0,6.0,,,151.0,1136103.734754686,3346040.574290588,0.01,15.0,,,,,,,,,,,,0,
16,60,luxury,-522958.46129958425,254.10000000000002,126233.74830607623,75100.01677185431,0.1,19.0,24.0,,,151.0,1351800.3018933777,1874758.763192962,0.01,15.0,,,,,,,,,,,,0,
17,60,luxury,-418235.48344922764,245.10000000000002,232154.9110045398,159453.15575504367,0.1,20.0,2.0,,,151.0,3029609.9593458297,3447845.4427950573,0.01,15.0,,,,,,,,,,,,0,
18,60,luxury,-3551172.0828368557,258.1,270375.7635679088,23215.491100453983,0.1,19.0,4.0,,,151.0,464309.8220090796,4015481.9048459353,0.01,15.0,,,,,,,,,,,,0,
19,60,luxury,-1360892.1709722048,269.1,164454.60086944516,56921.21338271764,0.1,20.0,0.0,,,151.0,1081503.0542716351,2442395.22524384,0.01,15.0,,,,,,,,,,,,0,
20,60,luxury,-3996101.9427426173,284.1,269070.8462066132,0.0,0.1,19.0,7.0,,,151.0,0.0,3996101.9427426173,0.01,15.0,,,,,,,,,,,,0,
21,60,luxury,-558899.3017975476,292.1,164454.60086944516,99131.36439191012,0.1,20.0,6.0,,,151.0,1883495.9234462923,2442395.22524384,0.01,15.0,,,,,,,,,,,,0,
22,60,luxury,-3064374.9124220144,301.1,272774.21800272365,49336.38026083355,0.1,19.0,2.0,,,151.0,986727.605216671,4051102.5176386856,0.01,15.0,,,,,,,,,,,,0,
23,60,luxury,-1896846.7892383926,314.1,164454.60086944516,28713.075579234068,0.1,18.0,8.0,,,151.0,545548.4360054473,2442395.22524384,0.01,15.0,,,,,,,,,,,,0,
24,60,luxury,-228982.48367404193,321.1,104004.35863543605,73090.9337197534,0.1,19.0,9.0,,,151.0,1315636.8069555613,1544619.2906296032,0.01,15.0,,,,,,,,,,,,0,
25,60,luxury,-2061207.9893965477,327.1,201814.63249813297,49265.222511522334,0.1,18.0,2.0,,,151.0,936039.2277189244,2997247.217115472,0.01,15.0,,,,,,,,,,,,0,
26,60,luxury,-1140990.0256333372,340.1,104004.35863543605,22423.848055348106,0.1,17.0,13.0,,,151.0,403629.26499626593,1544619.2906296032,0.01,15.0,,,,,,,,,,,,0,
27,60,luxury,782463.670024375,342.1,38352.592253737625,79532.74483886285,0.1,18.0,64.0,,,151.0,1352056.6622606686,569592.9922362936,0.01,15.0,,,,,,,,,,,,0,
28,60,luxury,916238.2983684952,293.1,103580.71855658009,136364.77245773378,0.1,19.0,9.0,,,151.0,2454565.904239208,1538327.6058707128,0.01,15.0,,,,,,,,,,,,0,
29,60,luxury,-2069878.1332822028,299.1,202141.69627684276,49064.55089522215,0.1,18.0,1.0,,,151.0,932226.4670092209,3002104.6002914235,0.01,15.0,,,,,,,,,,,,0,
30,60,luxury,-1336185.90959387,313.1,103580.71855658009,11230.094237602376,0.1,17.0,30.0,,,151.0,202141.69627684276,1538327.6058707128,0.01,15.0,,,,,,,,,,,,0,
31,60,luxury,2537828.564461109,298.1,38352.592253737625,182789.50333514134,0.1,18.0,58.0,,,151.0,3107421.5566974026,569592.9922362936,0.01,15.0,,,,,,,,,,,,0,
32,60,luxury,709725.962686077,255.10000000000002,101991.4353279718,123580.57503982124,0.1,17.0,8.0,,,151.0,2224450.3507167823,1514724.3880307053,0.01,15.0,,,,,,,,,,,,0,
33,60,luxury,246338.49038748082,262.1,38352.592253737625,47995.96956610438,0.1,16.0,43.0,,,151.0,815931.4826237744,569592.9922362936,0.01,15.0,,,,,,,,,,,,0,
34,60,luxury,-1718203.063274698,234.10000000000002,226735.86325009383,103072.59168191986,0.1,17.0,3.0,,,151.0,1649161.4669107178,3367364.530185416,0.01,15.0,,,,,,,,,,,,0,
35,60,luxury,-233390.7239644901,246.10000000000002,61515.61568908692,40012.21116178127,0.1,16.0,26.0,,,151.0,680207.5897502815,913598.3137147716,0.01,15.0,,,,,,,,,,,,0,
36,60,luxury,-1767958.522269156,235.10000000000002,226735.86325009383,99962.87549476624,0.1,17.0,12.0,,,151.0,1599406.0079162598,3367364.530185416,0.01,15.0,,,,,,,,,,,,0,
37,60,luxury,1787090.38607729,238.10000000000002,62871.820652083596,160048.84464712508,0.1,18.0,21.0,,,151.0,2720830.359001126,933739.9729238361,0.01,15.0,,,,,,,,,,,,0,
38,60,luxury,-1051111.653808207,232.10000000000002,159675.5951134258,73350.45742743085,0.1,17.0,8.0,,,151.0,1320308.2336937555,2371419.8875019625,0.01,15.0,,,,,,,,,,,,0,
39,60,luxury,343664.78798357036,239.10000000000002,62871.820652083596,75141.45652396508,0.1,18.0,37.0,,,151.0,1277404.7609074065,933739.9729238361,0.01,15.0,,,,,,,,,,,,0,
40,60,luxury,-38987.46653401526,217.10000000000002,159259.80798052743,129236.52022928295,0.1,19.0,8.0,,,151.0,2326257.364127093,2365244.8306611083,0.01,15.0,,,,,,,,,,,,0,
6,61,luxury,-2619888.896665255,107.80000000000001,301809.9689573789,73760.43672174553,0.1,12.0,0.0,,,148.0,958885.6773826919,3578774.574047947,0.26499999999999996,15.0,,,,,,,,,,,,0,
7,61,luxury,-2135046.624445413,122.80000000000001,165821.9434437975,0.0,0.1,11.0,7.0,,,148.0,0.0,2135046.624445413,0.16499999999999995,15.0,,,,,,,,,,,,0,
8,61,luxury,-174988.7071265797,130.8,96173.43999722501,105523.05491878022,0.1,12.0,13.0,,,148.0,1160753.6041065825,1335742.3112331622,0.07999999999999995,15.0,,,,,,,,,,,,0,
9,61,luxury,-1497247.9638526442,132.8,187746.00421106527,104187.8933303271,0.1,11.0,12.0,,,148.0,1250254.7199639252,2747502.6838165694,0.024999999999999953,15.0,,,,,,,,,,,,0,
10,61,luxury,917209.7392996212,135.8,89939.97629370118,204813.82277570758,0.1,12.0,9.0,,,148.0,2252952.0505327834,1335742.3112331622,0.01,15.0,,,,,,,,,,,,0,
11,61,luxury,-1846678.523579409,141.8,178846.63429855419,67454.9822202759,0.1,11.0,4.0,,,148.0,809459.7866433107,2656138.31022272,0.01,15.0,,,,,,,,,,,,0,
12,61,luxury,-620355.7740389454,152.8,89939.97629370118,65035.1397449288,0.1,10.0,28.0,,,148.0,715386.5371942167,1335742.3112331622,0.01,15.0,,,,,,,,,,,,0,
13,61,luxury,2003027.502160891,139.8,34696.31451380368,251831.9336223633,0.1,11.0,68.0,,,148.0,2518319.336223633,515291.8340627422,0.01,15.0,,,,,,,,,,,,0,
14,61,luxury,1029834.1224341297,86.80000000000001,94395.57748678245,214486.30790351366,0.1,10.0,12.0,,,148.0,2359349.38693865,1329515.2645045205,0.06499999999999999,15.0,,,,,,,,,,,,0,
15,61,luxury,617455.0957786472,89.80000000000001,35383.37024675029,113274.69298413894,0.1,9.0,23.0,,,148.0,1132746.9298413894,515291.8340627422,0.029999999999999992,15.0,,,,,,,,,,,,0,
16,61,luxury,-886743.436313294,81.80000000000001,114504.4298002671,90424.16840836185,0.1,8.0,9.0,,,148.0,813817.5156752566,1700560.9519885506,0.01,15.0,,,,,,,,,,,,0,
17,61,luxury,-481254.0837861467,87.80000000000001,101794.11931428779,128817.48352530049,0.1,9.0,25.0,,,148.0,1030539.8682024039,1511793.9519885506,0.01,15.0,,,,,,,,,,,,0,
18,61,luxury,1702405.0823537747,77.80000000000001,56724.82151890885,282761.4425396883,0.1,10.0,35.0,,,148.0,2544852.9828571947,842447.90050342,0.01,15.0,,,,,,,,,,,,0,
19,61,luxury,-203682.44810102507,57.80000000000001,147396.10439195725,198536.875316181,0.1,9.0,6.0,,,148.0,1985368.7531618099,2189051.201262835,0.01,15.0,,,,,,,,,,,,0,
20,61,luxury,41928.72584832343,66.80000000000001,56724.82151890885,98264.06959463816,0.1,8.0,33.0,,,148.0,884376.6263517435,842447.90050342,0.01,15.0,,,,,,,,,,,,0,
21,61,luxury,360125.1581354416,48.80000000000001,104313.77573295827,233989.88876549902,0.1,9.0,14.0,,,148.0,1871919.1101239922,1511793.9519885506,0.035,15.0,,,,,,,,,,,,0,
22,61,luxury,628359.2610387129,49.80000000000001,57132.9700044276,162265.87336237953,0.1,8.0,28.0,,,148.0,1460392.8602614158,832033.5992227029,0.030000000000000006,15.0,,,,,,,,,,,,0,
23,61,luxury,87929.20813542232,36.80000000000001,104313.77573295827,199965.39501549662,0.1,9.0,11.0,,,148.0,1599723.160123973,1511793.9519885506,0.035,15.0,,,,,,,,,,,,0,
24,61,luxury,325519.67535728216,40.80000000000001,55343.40806259355,127494.61478472677,0.1,8.0,27.0,,,148.0,1147451.533062541,821931.8577052588,0.01,15.0,,,,,,,,,,,,0,
25,61,luxury,-17521.934298524633,28.80000000000001,103305.91316549007,186784.00221125325,0.1,9.0,9.0,,,148.0,1494272.017690026,1511793.9519885506,0.025,15.0,,,,,,,,,,,,0,
26,61,luxury,120718.79910474131,34.80000000000001,54474.98060690236,103305.91316549007,0.1,8.0,20.0,,,148.0,929753.2184894106,809034.4193846693,0.01,15.0,,,,,,,,,,,,0,
27,61,luxury,-422294.33985050325,29.80000000000001,102298.05059802187,136187.45151725592,0.1,9.0,8.0,,,148.0,1089499.6121380473,1511793.9519885506,0.015,15.0,,,,,,,,,,,,0,
28,61,luxury,-8105.551063205232,36.80000000000001,55650.31998370227,90931.600531575,0.1,8.0,36.0,,,148.0,818384.404784175,826489.9558473802,0.01,15.0,,,,,,,,,,,,0,
29,61,luxury,491617.5674247311,15.800000000000011,104313.77573295827,250426.4399266602,0.1,9.0,18.0,,,148.0,2003411.5194132817,1511793.9519885506,0.034999999999999996,15.0,,,,,,,,,,,,0,
7,10,necessity,600459.3476064833,2855.2000000000007,1737.5623628612625,15823.517246348032,0.1,81.0,296.0,,,5172.0,1265881.3797078426,665422.0321013593,0.35,517.0,,,,,,,,,,,,0,
8,10,necessity,-581964.7872813852,3076.2000000000007,2862.635164732293,6349.610609962145,0.1,80.0,100.0,,,5172.0,514318.4594069337,1096283.246688319,0.35,517.0,,,,,,,,,,,,0,
9,10,necessity,-379158.51562813,3493.2000000000007,1737.5623628612625,3578.2939559153665,0.1,79.0,297.0,,,5172.0,286263.51647322933,665422.0321013593,0.35,517.0,,,,,,,,,,,,0,
10,10,necessity,103672.22303279175,3713.2000000000007,1076.8242305959966,6532.354705946772,0.1,80.0,639.0,,,5172.0,516056.021769795,412383.79873700324,0.35,517.0,,,,,,,,,,,,0,
11,10,necessity,7761.995861769421,3591.2000000000007,1776.4868981310658,8601.133541885523,0.1,81.0,307.0,,,5172.0,688090.6833508419,680328.6874890724,0.35,517.0,,,,,,,,,,,,0,
12,10,necessity,-630454.7666357679,3801.2000000000007,3070.3654290490163,6733.104663286878,0.1,80.0,121.0,,,5172.0,545381.4777262371,1175836.244362005,0.35,517.0,,,,,,,,,,,,0,
13,10,necessity,-308814.4705741415,4197.200000000001,1776.4868981310658,4643.927711436637,0.1,79.0,419.0,,,5172.0,371514.21691493096,680328.6874890724,0.35,517.0,,,,,,,,,,,,0,
14,10,necessity,331964.2115799134,4295.200000000001,1076.8242305959966,9422.126712872363,0.1,80.0,320.0,,,5172.0,744348.0103169166,412383.79873700324,0.35,517.0,,,,,,,,,,,,0,
15,10,necessity,-326925.78676036483,4492.200000000001,1753.4581779313442,4307.296922383986,0.1,79.0,488.0,,,5172.0,344583.7537907189,671509.5405510837,0.35,517.0,,,,,,,,,,,,0,
16,10,necessity,443303.7920934927,4521.200000000001,1076.8242305959966,10831.488491525264,0.1,80.0,909.0,,,5172.0,855687.5908304959,412383.79873700324,0.35,517.0,,,,,,,,,,,,0,
17,10,necessity,218112.5012767671,4129.200000000001,1986.4080771099295,12235.41532014701,0.1,81.0,187.0,,,5172.0,978833.2256117609,760720.7243349937,0.35,517.0,,,,,,,,,,,,0,
18,10,necessity,-830909.1987141195,4459.200000000001,3139.64436013698,4585.905066908109,0.1,80.0,243.0,,,5172.0,371458.3104195568,1202367.5091336763,0.35,517.0,,,,,,,,,,,,0,
19,10,necessity,2212.855178292375,4733.200000000001,1986.4080771099295,9536.669743916076,0.1,81.0,245.0,,,5172.0,762933.5795132861,760720.7243349937,0.35,517.0,,,,,,,,,,,,0,
20,10,necessity,-695492.4721401552,5005.200000000001,3086.8845373431996,6008.271344344849,0.1,80.0,137.0,,,5172.0,486669.97889193275,1182162.451032088,0.35,517.0,,,,,,,,,,,,0,
21,10,necessity,-337817.5427189754,5385.200000000001,1986.4080771099295,5286.289770200229,0.1,79.0,489.0,,,5172.0,422903.18161601835,760720.7243349937,0.35,517.0,,,,,,,,,,,,0,
22,10,necessity,558969.7509697523,5413.200000000001,1076.8242305959966,12295.61455325007,0.1,80.0,240.0,,,5172.0,971353.5497067556,412383.79873700324,0.35,517.0,,,,,,,,,,,,0,
23,10,necessity,-447633.7714565639,5690.200000000001,1843.7072346919865,3230.47269178799,0.1,79.0,221.0,,,5172.0,258437.81534303917,706071.5867996031,0.35,517.0,,,,,,,,,,,,0,
24,10,necessity,-4924.499870074214,5986.200000000001,1076.8242305959966,5157.712643885177,0.1,80.0,264.0,,,5172.0,407459.298866929,412383.79873700324,0.35,517.0,,,,,,,,,,,,0,
25,10,necessity,-411350.4620840839,6239.200000000001,1816.4473458055688,3553.5199609667884,0.1,79.0,235.0,,,5172.0,284281.5968773431,695632.058961427,0.35,517.0,,,,,,,,,,,,0,
26,10,necessity,14481.32752730546,6521.200000000001,1076.8242305959966,5403.356028662135,0.1,80.0,452.0,,,5172.0,426865.1262643087,412383.79873700324,0.35,517.0,,,,,,,,,,,,0,
27,10,necessity,-209754.69158139813,6586.200000000001,1818.659530611035,6084.056902867381,0.1,81.0,107.0,,,5172.0,486724.5522293905,696479.2438107886,0.35,517.0,,,,,,,,,,,,0,
28,10,necessity,-974386.1429317525,6996.200000000001,3052.4693599654947,2402.4267873503795,0.1,80.0,185.0,,,5172.0,194596.56977538075,1168982.7127071333,0.35,517.0,,,,,,,,,,,,0,
29,10,necessity,-131772.4122171721,7328.200000000001,1818.659530611035,7058.835394920206,0.1,81.0,251.0,,,5172.0,564706.8315936165,696479.2438107886,0.35,517.0,,,,,,,,,,,,0,
30,10,necessity,-681581.0106783092,7594.200000000001,2971.735287024239,5635.599286214442,0.1,80.0,221.0,,,5172.0,456483.5421833698,1138064.552861679,0.35,517.0,,,,,,,,,,,,0,
31,10,necessity,-39725.745378431864,7890.200000000001,1818.659530611035,8209.418730404459,0.1,81.0,125.0,,,5172.0,656753.4984323567,696479.2438107886,0.35,517.0,,,,,,,,,,,,0,
32,10,necessity,-911037.7176498193,8282.2,2972.533291383627,2806.5733497083875,0.1,80.0,325.0,,,5172.0,227332.44132637937,1138370.1589761986,0.35,517.0,,,,,,,,,,,,0,
33,10,necessity,269594.0758888901,8474.2,1818.659530611035,12075.916496245984,0.1,81.0,816.0,,,5172.0,966073.3196996787,696479.2438107886,0.35,517.0,,,,,,,,,,,,0,
34,10,necessity,357533.49487879523,8175.200000000001,2941.5186032750953,18321.310826896355,0.1,82.0,326.0,,,5172.0,1484026.1769786046,1126492.6820998094,0.35,517.0,,,,,,,,,,,,0,
35,10,necessity,-357092.65575203754,8366.2,3436.436013791459,11694.33005692294,0.1,81.0,249.0,,,5172.0,958935.0646676811,1316027.7204197187,0.35,517.0,,,,,,,,,,,,0,
36,10,necessity,-30341.71469662455,8634.2,2313.576941127399,10563.858857210782,0.1,80.0,233.0,,,5172.0,855672.5674340733,886014.2821306979,0.35,517.0,,,,,,,,,,,,0,
37,10,necessity,-62855.409774228465,8918.2,1571.7416411123604,6738.29284103355,0.1,79.0,801.0,,,5172.0,539063.427282684,601918.8370569125,0.35,517.0,,,,,,,,,,,,0,
38,10,necessity,846581.2557939976,8634.2,1076.8242305959966,15936.266513050643,0.1,80.0,505.0,,,5172.0,1258965.0545310008,412383.79873700324,0.35,517.0,,,,,,,,,,,,0,
39,10,necessity,-145946.69645945227,8646.2,1801.0695505377403,6797.452955637229,0.1,79.0,288.0,,,5172.0,543796.2364509783,689742.9329104306,0.35,517.0,,,,,,,,,,,,0,
40,10,necessity,106324.23181786598,8875.2,1076.8242305959966,6565.924437403408,0.1,78.0,667.0,,,5172.0,518708.0305548692,412383.79873700324,0.35,517.0,,,,,,,,,,,,0,
41,10,necessity,498220.3220913523,8725.2,574.5240677801073,9208.22771548115,0.1,79.0,1404.0,,,5172.0,718241.7618075297,220021.43971617744,0.35,517.0,,,,,,,,,,,,0,
8,15,necessity,-453825.36975091416,2490.0,297.9768656648073,19482.85545950645,1.0,36.0,1451.0,,,5322.0,720865.6520017385,1174691.0217526527,0.35,5322.0,,,,,,,,,,,,0,
9,15,necessity,-275501.59390225663,6361.0,179.56015311837544,12010.123113323205,1.0,35.0,2410.0,,,5322.0,432364.4320796354,707866.025981892,0.35,5322.0,,,,,,,,,,,,0,
12,15,necessity,-399980.83223930723,2292.0,313.5947006556893,22602.139613215382,1.0,36.0,828.0,,,5322.0,836279.1656889692,1236259.9979282764,0.35,5322.0,,,,,,,,,,,,0,
13,15,necessity,-507414.4008316109,6786.0,194.57827833916312,7212.678115080854,1.0,35.0,4594.0,,,5322.0,259656.41214291073,767070.8129745217,0.35,5322.0,,,,,,,,,,,,0,
16,15,necessity,85327.33230445732,7171.0,102.74553884649428,14010.659395868899,1.0,34.0,5058.0,,,5322.0,490373.07885541144,405045.7465509541,0.35,5322.0,,,,,,,,,,,,0,
19,15,necessity,-223884.901733996,2555.0,188.476782091094,14420.34603161285,1.0,35.0,4592.0,,,5322.0,519132.4571380626,743017.3588720586,0.35,5322.0,,,,,,,,,,,,0,
20,15,necessity,428296.9942989277,3285.0,110.89897127483252,24728.153810351534,1.0,36.0,3642.0,,,5322.0,865485.3833623037,437188.389063376,0.35,5322.0,,,,,,,,,,,,0,
21,15,necessity,-309816.9037321374,4965.0,181.0428019399308,11219.279260637222,1.0,35.0,3184.0,,,5322.0,403894.05338294,713710.9571150774,0.35,5322.0,,,,,,,,,,,,0,
22,15,necessity,139251.8923133636,7103.0,110.89897127483252,16469.722325049705,1.0,36.0,1301.0,,,5322.0,576440.2813767396,437188.389063376,0.35,5322.0,,,,,,,,,,,,0,
