data/saved_data/run_2025_05_03_2158_richie_random_luxury_distribution/firm_data.csv
Step,AgentID,FirmType,Profit,Inventory,ProductPrice,RevenuePerEmployee,ProductionLevel,NumEmployees,DemandReceived,InventoryDemandRatio,SellThroughRate,ProductionCapacity,Revenue,Costs,Markup,ProducedUnits,IncomeBracket,NumPeople,SpendRatio,PostTaxIncome,HouseholdExpense,HouseholdSavings,HealthLevel,Welfare,SkillLevel,SkillType,JobLevel,IsEmployed,Wage
11,20,necessity,6225.5614986491855,0.0,120.31311843572885,12407.043719677122,1.0,40.0,16131.0,,,5638.0,508688.792506762,502463.23100811284,0.35,5638.0,,,,,,,,,,,,0,
12,20,necessity,373731.6966951972,0.0,72.9339212022726,16958.134043515984,1.0,41.0,19441.0,,,5638.0,678325.3617406393,304593.6650454421,0.35,5638.0,,,,,,,,,,,,0,
13,20,necessity,-93525.51013011043,0.0,120.85516016347134,10029.303603375925,1.0,40.0,13380.0,,,5638.0,411201.44773841294,504726.9578685234,0.35,5638.0,,,,,,,,,,,,0,
14,20,necessity,376787.7279562093,0.0,72.9339212022726,17034.534825041286,1.0,41.0,15885.0,,,5638.0,681381.3930016514,304593.6650454421,0.35,5638.0,,,,,,,,,,,,0,
15,20,necessity,-94703.96020949789,0.0,121.13733604266447,10029.303603375925,1.0,40.0,7668.0,,,5638.0,411201.44773841294,505905.40794791083,0.35,5638.0,,,,,,,,,,,,0,
16,20,necessity,378378.63556310016,0.0,72.9339212022726,17074.307515213557,1.0,41.0,24795.0,,,5638.0,682972.3006085423,304593.6650454421,0.35,5638.0,,,,,,,,,,,,0,
17,20,necessity,-99456.40640292986,0.0,122.2752931834937,10029.303603375925,1.0,40.0,7708.0,,,5638.0,411201.44773841294,510657.8541413428,0.35,5638.0,,,,,,,,,,,,0,
18,20,necessity,384794.43792309536,0.0,72.9339212022726,17234.702574213436,1.0,41.0,22155.0,,,5638.0,689388.1029685375,304593.6650454421,0.35,5638.0,,,,,,,,,,,,0,
19,20,necessity,-140826.21857658593,0.0,132.1811545571244,10029.303603375925,1.0,40.0,11680.0,,,5638.0,411201.44773841294,552027.6663149989,0.35,5638.0,,,,,,,,,,,,0,
20,20,necessity,440643.6843476252,0.0,72.9339212022726,18630.93373482668,1.0,41.0,27706.0,,,5638.0,745237.3493930673,304593.6650454421,0.35,5638.0,,,,,,,,,,,,0,
21,20,necessity,-96741.12894372735,0.0,121.6251291946194,10029.303603375925,1.0,40.0,4271.0,,,5638.0,411201.44773841294,507942.5766821403,0.35,5638.0,,,,,,,,,,,,0,
22,20,necessity,214867.26174477738,1367.0,72.9339212022726,12986.523169755488,1.0,41.0,19942.0,,,5638.0,519460.9267902195,304593.6650454421,0.35,5638.0,,,,,,,,,,,,0,
23,20,necessity,7080.840529838577,0.0,120.63829806556777,12461.027268827307,1.0,40.0,2392.0,,,5638.0,510902.11802191957,503821.277492081,0.35,5638.0,,,,,,,,,,,,0,
24,20,necessity,-16026.856072604016,3246.0,72.9339212022726,7214.170224320953,1.0,39.0,17081.0,,,5638.0,288566.8089728381,304593.6650454421,0.35,5638.0,,,,,,,,,,,,0,
25,20,necessity,484612.5873210339,0.0,39.1093823385653,16613.97322976897,1.0,40.0,40494.0,,,5638.0,647944.9559609898,163332.36863995594,0.35,5638.0,,,,,,,,,,,,0,
26,20,necessity,-166529.7727426838,0.0,92.67265606659674,5512.467440620779,1.0,39.0,16650.0,,,5638.0,220498.69762483114,387028.47036751494,0.35,5638.0,,,,,,,,,,,,0,
27,20,necessity,359156.0662635165,0.0,39.1093823385653,13397.139356499292,1.0,40.0,38961.0,,,5638.0,522488.43490347243,163332.36863995594,0.35,5638.0,,,,,,,,,,,,0,
28,20,necessity,-147851.02461176805,0.0,88.20009310592565,5512.467440620779,1.0,39.0,15832.0,,,5638.0,220498.69762483114,368349.7222365992,0.35,5638.0,,,,,,,,,,,,0,
29,20,necessity,333939.75629125285,0.0,39.1093823385653,12750.56730592843,1.0,40.0,33287.0,,,5638.0,497272.1249312088,163332.36863995594,0.35,5638.0,,,,,,,,,,,,0,
30,20,necessity,-194753.85918110542,0.0,99.43081794760262,5512.467440620779,1.0,39.0,6676.0,,,5638.0,220498.69762483114,415252.55680593656,0.35,5638.0,,,,,,,,,,,,0,
31,20,necessity,397258.5829486276,0.0,39.1093823385653,14374.126963809835,1.0,40.0,50543.0,,,5638.0,560590.9515885835,163332.36863995594,0.35,5638.0,,,,,,,,,,,,0,
32,20,necessity,-170355.80354772482,0.0,93.58878618115675,5512.467440620779,1.0,39.0,25688.0,,,5638.0,220498.69762483114,390854.50117255596,0.35,5638.0,,,,,,,,,,,,0,
33,20,necessity,364321.20784940576,0.0,39.1093823385653,13529.578884342607,1.0,40.0,50843.0,,,5638.0,527653.5764893617,163332.36863995594,0.35,5638.0,,,,,,,,,,,,0,
34,20,necessity,-139858.9090157152,0.0,86.28640810188918,5512.467440620779,1.0,39.0,29433.0,,,5638.0,220498.69762483114,360357.60664054635,0.35,5638.0,,,,,,,,,,,,0,
35,20,necessity,323150.40023849526,0.0,39.1093823385653,12473.917150729518,1.0,40.0,42199.0,,,5638.0,486482.7688784512,163332.36863995594,0.35,5638.0,,,,,,,,,,,,0,
36,20,necessity,-153234.38462419182,0.0,89.48912042332243,5512.467440620779,1.0,39.0,27685.0,,,5638.0,220498.69762483114,373733.08224902296,0.35,5638.0,,,,,,,,,,,,0,
37,20,necessity,341207.29230673594,0.0,39.1093823385653,12936.91438324851,1.0,40.0,33775.0,,,5638.0,504539.6609466919,163332.36863995594,0.35,5638.0,,,,,,,,,,,,0,
38,20,necessity,-164564.86171780629,0.0,92.20216477835373,5512.467440620779,1.0,39.0,22702.0,,,5638.0,220498.69762483114,385063.5593426374,0.35,5638.0,,,,,,,,,,,,0,
39,20,necessity,356503.4363804024,0.0,39.1093823385653,13329.123205650214,1.0,40.0,32311.0,,,5638.0,519835.80502035836,163332.36863995594,0.35,5638.0,,,,,,,,,,,,0,
40,20,necessity,-159910.47074943167,0.0,91.08768662897607,5512.467440620779,1.0,39.0,13798.0,,,5638.0,220498.69762483114,380409.1683742628,0.35,5638.0,,,,,,,,,,,,0,
41,20,necessity,350220.00857421116,0.0,39.1093823385653,13168.00967215813,1.0,40.0,48124.0,,,5638.0,513552.3772141671,163332.36863995594,0.35,5638.0,,,,,,,,,,,,0,
11,27,necessity,316712.24751309375,7683.0,550.9408113429745,23301.922324222065,0.1,22.0,1045.0,,,4232.0,489340.36880866333,172628.1212955696,0.35,423.0,,,,,,,,,,,,0,
12,27,necessity,202293.24813319027,7061.0,1191.8294643746217,26169.688538791288,0.1,23.0,360.0,,,4232.0,575733.1478534084,373439.8997202181,0.35,423.0,,,,,,,,,,,,0,
13,27,necessity,-118777.45366997691,7124.0,1748.4129560097447,18654.722051081037,0.1,22.0,263.0,,,4232.0,429058.6071748638,547836.0608448407,0.35,423.0,,,,,,,,,,,,0,
14,27,necessity,112808.32501037058,7284.0,1107.5243029780975,20901.482155934675,0.1,23.0,390.0,,,4232.0,459832.60743056284,347024.28242019226,0.35,423.0,,,,,,,,,,,,0,
15,27,necessity,-138453.1826266662,7317.0,1820.386147147947,18779.759920063392,0.1,22.0,234.0,,,4232.0,431934.478161458,570387.6607881242,0.35,423.0,,,,,,,,,,,,0,
16,27,necessity,78946.07601242734,7506.0,1107.5243029780975,19362.289019664528,0.1,23.0,858.0,,,4232.0,425970.3584326196,347024.28242019226,0.35,423.0,,,,,,,,,,,,0,
17,27,necessity,398554.2572984196,7071.0,1760.7497660187098,41315.471824139466,0.1,24.0,406.0,,,4232.0,950255.8519552076,551701.594656788,0.35,423.0,,,,,,,,,,,,0,
18,27,necessity,-43079.19648649113,7088.0,2418.9689352072082,29786.016875149842,0.1,23.0,46.0,,,4232.0,714864.4050035962,757943.6014900873,0.35,423.0,,,,,,,,,,,,0,
19,27,necessity,-441993.71823396,7465.0,1765.7434721665961,4837.9378704144165,0.1,22.0,389.0,,,4232.0,111272.57101953158,553266.2892534916,0.35,423.0,,,,,,,,,,,,0,
20,27,necessity,339849.92825261364,7499.0,1107.5243029780975,31221.555030582087,0.1,23.0,546.0,,,4232.0,686874.2106728059,347024.28242019226,0.35,423.0,,,,,,,,,,,,0,
21,27,necessity,-10653.428420111653,7376.0,1963.9203076321185,26291.663888088748,0.1,22.0,247.0,,,4232.0,604708.2694260412,615361.6978461528,0.35,423.0,,,,,,,,,,,,0,
22,27,necessity,138064.03356494103,7552.0,1107.5243029780975,22049.46890841515,0.1,21.0,572.0,,,4232.0,485088.3159851333,347024.28242019226,0.35,423.0,,,,,,,,,,,,0,
23,27,necessity,458277.6847838585,7403.0,559.2326045915964,30166.852443022464,0.1,22.0,721.0,,,4232.0,633503.9013034718,175226.21651961326,0.35,423.0,,,,,,,,,,,,0,
24,27,necessity,-288.89243300410453,7105.0,1287.751912945707,18327.57763229732,0.1,21.0,245.0,,,4232.0,403206.70791054104,403495.60034354514,0.35,423.0,,,,,,,,,,,,0,
25,27,necessity,140273.00215208498,7283.0,559.2326045915964,15023.772317699917,0.1,20.0,927.0,,,4232.0,315499.21867169824,175226.21651961326,0.35,423.0,,,,,,,,,,,,0,
26,27,necessity,-587661.4309385808,6779.0,3530.010806745217,25920.431222820494,0.1,21.0,296.0,,,4232.0,518408.6244564099,1106070.0553949906,0.35,423.0,,,,,,,,,,,,0,
27,27,necessity,894569.7477088049,6906.0,479.7237789332823,49756.342799837345,0.1,22.0,1080.0,,,4232.0,1044883.1987965843,150313.4510877794,0.35,423.0,,,,,,,,,,,,0,
28,27,necessity,152242.5174714091,6249.0,1167.6356263136827,23550.076420361132,0.1,21.0,565.0,,,4232.0,518101.6812479449,365859.1637765358,0.35,423.0,,,,,,,,,,,,0,
29,27,necessity,509400.67777945136,6107.0,479.7237789332823,31414.95851748718,0.1,22.0,1980.0,,,4232.0,659714.1288672307,150313.4510877794,0.35,423.0,,,,,,,,,,,,0,
30,27,necessity,595156.8391170874,4550.0,1132.009284039211,43175.14010399541,0.1,23.0,331.0,,,4232.0,949853.082287899,354696.2431708115,0.35,423.0,,,,,,,,,,,,0,
31,27,necessity,-117324.32120848994,4642.0,1570.274658709476,16291.090131172994,0.1,22.0,400.0,,,4232.0,374695.07301697886,492019.3942254688,0.35,423.0,,,,,,,,,,,,0,
32,27,necessity,340473.2613413537,4665.0,917.9891536035472,28550.448340172294,0.1,23.0,930.0,,,4232.0,628109.8634837904,287636.6021424367,0.35,423.0,,,,,,,,,,,,0,
33,27,necessity,359956.1889144756,4158.0,1575.8735833069452,37118.69186309995,0.1,24.0,362.0,,,4232.0,853729.9128512988,493773.7239368232,0.35,423.0,,,,,,,,,,,,0,
34,27,necessity,-121823.60870204738,4219.0,2209.435673050668,23769.42654821309,0.1,23.0,416.0,,,4232.0,570466.2371571142,692289.8458591616,0.35,423.0,,,,,,,,,,,,0,
35,27,necessity,425351.5160522547,4226.0,1575.8735833069452,39961.96695604687,0.1,24.0,381.0,,,4232.0,919125.2399890779,493773.7239368232,0.35,423.0,,,,,,,,,,,,0,
36,27,necessity,-116184.35542523756,4268.0,2286.9963477801457,25016.993134997756,0.1,23.0,425.0,,,4232.0,600407.8352399461,716592.1906651837,0.35,423.0,,,,,,,,,,,,0,
37,27,necessity,461518.3789357646,4266.0,1629.1119180767482,42259.715122024434,0.1,24.0,298.0,,,4232.0,971973.447806562,510455.06887079735,0.35,423.0,,,,,,,,,,,,0,
38,27,necessity,-283975.9568959923,4391.0,2455.6956595654133,20228.139649452958,0.1,23.0,257.0,,,4232.0,485475.35158687097,769451.3084828632,0.35,423.0,,,,,,,,,,,,0,
39,27,necessity,84480.94275380857,4557.0,1744.572895092212,27439.729761230923,0.1,24.0,789.0,,,4232.0,631113.7845083112,546632.8417545026,0.35,423.0,,,,,,,,,,,,0,
40,27,necessity,618267.1348902285,4191.0,2419.7900347183718,57352.833926156476,0.1,25.0,304.0,,,4232.0,1376468.0142277554,758200.8793375269,0.35,423.0,,,,,,,,,,,,0,
41,27,necessity,-439685.88789449073,4310.0,3750.9640074586723,29424.646822175404,0.1,24.0,60.0,,,4232.0,735616.170554385,1175302.0584488758,0.35,423.0,,,,,,,,,,,,0,
12,12,necessity,-163009.41194570143,10400.0,829.5773954955275,6629.2001521901675,0.1,38.0,1213.0,,,6859.0,258538.80593541652,421548.21788111795,0.35,686.0,,,,,,,,,,,,0,
13,12,necessity,764008.133365589,9873.0,476.7689263460453,26480.983703580918,0.1,39.0,1692.0,,,6859.0,1006277.3807360749,242269.24737048591,0.35,686.0,,,,,,,,,,,,0,
14,12,necessity,287519.39038125915,8867.0,1021.6973812292119,20684.436496859194,0.1,38.0,562.0,,,6859.0,806693.0233775086,519173.6329962495,0.35,686.0,,,,,,,,,,,,0,
15,12,necessity,331924.6808803312,8991.0,476.7689263460453,15110.36653291624,0.1,37.0,1147.0,,,6859.0,574193.9282508171,242269.24737048591,0.35,686.0,,,,,,,,,,,,0,
16,12,necessity,-2047154.494236853,8530.0,5104.8271226172865,14779.836716727405,0.1,36.0,137.0,,,6859.0,546853.958518914,2594008.452755767,0.35,686.0,,,,,,,,,,,,0,
17,12,necessity,-1824594.1369571988,9079.0,4966.967720485886,19426.703216626895,0.1,37.0,167.0,,,6859.0,699361.3157985682,2523955.452755767,0.35,686.0,,,,,,,,,,,,0,
18,12,necessity,564731.1802121031,9598.0,521.0142547757868,22418.47592759846,0.1,38.0,1549.0,,,6859.0,829483.609321143,264752.42910903995,0.35,686.0,,,,,,,,,,,,0,
19,12,necessity,268172.44899954845,8735.0,1060.4754397441993,21238.186332834044,0.1,37.0,324.0,,,6859.0,807051.0806476937,538878.6316481453,0.35,686.0,,,,,,,,,,,,0,
20,12,necessity,78841.61336808064,9097.0,521.0142547757868,9286.32547235461,0.1,36.0,1658.0,,,6859.0,343594.0424771206,264752.42910903995,0.35,686.0,,,,,,,,,,,,0,
21,12,necessity,-1660113.8183375124,8125.0,4966.967720485886,23995.600956062626,0.1,37.0,141.0,,,6859.0,863841.6344182545,2523955.452755767,0.35,686.0,,,,,,,,,,,,0,
22,12,necessity,488079.0609938029,8670.0,417.7194939287682,18928.174286175945,0.1,36.0,1386.0,,,6859.0,700342.4485885099,212263.38759470702,0.35,686.0,,,,,,,,,,,,0,
23,12,necessity,-1944996.2341704941,7970.0,4966.967720485886,16082.200516257577,0.1,35.0,85.0,,,6859.0,578959.2185852728,2523955.452755767,0.35,686.0,,,,,,,,,,,,0,
24,12,necessity,-2031710.1965144665,8571.0,4829.108318354486,12062.635892608581,0.1,34.0,101.0,,,6859.0,422192.2562413003,2453902.452755767,0.35,686.0,,,,,,,,,,,,0,
25,12,necessity,-1896109.5126019637,9156.0,4691.248916223086,14345.292357464798,0.1,35.0,210.0,,,6859.0,487739.9401538031,2383849.452755767,0.35,686.0,,,,,,,,,,,,0,
26,12,necessity,787325.3334254521,9632.0,389.32925252996387,28147.493497338513,0.1,36.0,2886.0,,,6859.0,985162.272406848,197836.93898139588,0.35,686.0,,,,,,,,,,,,0,
27,12,necessity,633583.1008818949,7432.0,964.3272793398061,31211.228411152104,0.1,37.0,711.0,,,6859.0,1123604.2228014758,490021.12191958085,0.35,686.0,,,,,,,,,,,,0,
28,12,necessity,-40893.47441499878,7407.0,1429.7605365959193,18530.721502989247,0.1,36.0,360.0,,,6859.0,685636.6956106022,726530.1700256009,0.35,686.0,,,,,,,,,,,,0,
29,12,necessity,80367.80608711496,7733.0,854.7625097860774,14297.605365959193,0.1,35.0,772.0,,,6859.0,514713.79317453096,434345.987087416,0.35,686.0,,,,,,,,,,,,0,
30,12,necessity,421320.15669306467,7647.0,469.46250101158904,18853.618787281477,0.1,36.0,1228.0,,,6859.0,659876.6575548517,238556.50086178706,0.35,686.0,,,,,,,,,,,,0,
31,12,necessity,73493.33420829847,7105.0,989.8818250815269,16013.887534506424,0.1,35.0,986.0,,,6859.0,576499.9512422313,503006.6170339328,0.35,686.0,,,,,,,,,,,,0,
32,12,necessity,737466.9786685985,6805.0,469.46250101158904,27886.385129439586,0.1,36.0,1965.0,,,6859.0,976023.4795303856,238556.50086178706,0.35,686.0,,,,,,,,,,,,0,
33,12,necessity,382784.34523500246,5526.0,1062.1104700133076,25624.8281802159,0.1,35.0,837.0,,,6859.0,922493.8144877724,539709.46925277,0.35,686.0,,,,,,,,,,,,0,
34,12,necessity,650429.9625393513,5375.0,469.46250101158904,25399.613240032526,0.1,34.0,1167.0,,,6859.0,888986.4634011384,238556.50086178706,0.35,686.0,,,,,,,,,,,,0,
35,12,necessity,-1835986.7140752426,4894.0,4691.248916223086,16113.609961191894,0.1,33.0,138.0,,,6859.0,547862.7386805244,2383849.452755767,0.35,686.0,,,,,,,,,,,,0,
36,12,necessity,-1666404.1023169812,5442.0,4553.389514091685,19617.95001329654,0.1,34.0,180.0,,,6859.0,647392.3504387859,2313796.452755767,0.35,686.0,,,,,,,,,,,,0,
37,12,necessity,577131.2592245213,5948.0,477.1814161720032,24106.17978048539,0.1,35.0,3080.0,,,6859.0,819610.1125365032,242478.85331198192,0.35,686.0,,,,,,,,,,,,0,
38,12,necessity,920631.8533277484,3554.0,1080.564614242222,41991.96462313628,0.1,36.0,1015.0,,,6859.0,1469718.7618097698,549086.9084820214,0.35,686.0,,,,,,,,,,,,0,
39,12,necessity,368002.5660143428,3225.0,1434.1693835450035,30465.91898488487,0.1,35.0,680.0,,,6859.0,1096773.0834558553,728770.5174415124,0.35,686.0,,,,,,,,,,,,0,
40,12,necessity,553072.7185391295,3231.0,830.7861854747848,27863.862308874355,0.1,34.0,274.0,,,6859.0,975235.1808106024,422162.46227147296,0.35,686.0,,,,,,,,,,,,0,
41,12,necessity,-14843.438491890876,3643.0,477.1814161720032,6695.159259414442,0.1,33.0,1294.0,,,6859.0,227635.41482009104,242478.85331198192,0.35,686.0,,,,,,,,,,,,0,
