data/saved_data/run_2025_05_03_2158_richie_random_luxury_distribution/firm_data.csv
Step,AgentID,FirmType,Profit,Inventory,ProductPrice,RevenuePerEmployee,ProductionLevel,NumEmployees,DemandReceived,InventoryDemandRatio,SellThroughRate,ProductionCapacity,Revenue,Costs,Markup,ProducedUnits,IncomeBracket,NumPeople,SpendRatio,PostTaxIncome,HouseholdExpense,HouseholdSavings,HealthLevel,Welfare,SkillLevel,SkillType,JobLevel,IsEmployed,Wage
27,15,necessity,308510.35195488296,14186.0,1852.2156659691082,28845.01463553237,0.1,37.0,200.0,,,5322.0,1038420.5268791653,729910.1749242824,0.35,532.0,,,,,,,,,,,,0,
28,15,necessity,-828997.9063199996,14518.0,3043.6943614660986,10011.97657280599,0.1,36.0,306.0,,,5322.0,370443.13319382165,1199441.0395138212,0.35,532.0,,,,,,,,,,,,0,
29,15,necessity,201460.29968434386,14744.0,1852.2156659691082,25871.40207246184,0.1,37.0,354.0,,,5322.0,931370.4746086262,729910.1749242824,0.35,532.0,,,,,,,,,,,,0,
30,15,necessity,-514951.034651745,14922.0,2970.5972943155925,17721.1985338666,0.1,36.0,257.0,,,5322.0,655684.3457530643,1170635.3804048093,0.35,532.0,,,,,,,,,,,,0,
31,15,necessity,33533.32971482491,15197.0,1852.2156659691082,21206.76401775298,0.1,37.0,446.0,,,5322.0,763443.5046391073,729910.1749242824,0.35,532.0,,,,,,,,,,,,0,
32,15,necessity,-421004.76255750004,15283.0,3164.6155615940033,22326.707757357355,0.1,38.0,342.0,,,5322.0,826088.1870222222,1247092.9495797222,0.35,532.0,,,,,,,,,,,,0,
33,15,necessity,-342405.93327124417,15473.0,3615.3214494150557,28481.54005434603,0.1,39.0,285.0,,,5322.0,1082298.5220651492,1424704.4553363933,0.35,532.0,,,,,,,,,,,,0,
34,15,necessity,-680978.2211404021,15720.0,4342.698349359563,26419.656745725406,0.1,38.0,193.0,,,5322.0,1030366.6130832909,1711344.834223693,0.35,532.0,,,,,,,,,,,,0,
35,15,necessity,-356021.2781418575,16059.0,3030.298453734668,22056.3363533262,0.1,37.0,292.0,,,5322.0,838140.7814263956,1194162.059568253,0.35,532.0,,,,,,,,,,,,0,
36,15,necessity,-22674.532190430444,16299.0,2302.921553790161,23914.78779704116,0.1,38.0,323.0,,,5322.0,884847.148490523,907521.6806809534,0.35,532.0,,,,,,,,,,,,0,
37,15,necessity,-442597.80942024814,16508.0,3010.7067354075716,19574.83320721637,0.1,37.0,256.0,,,5322.0,743843.661874222,1186441.4712944701,0.35,532.0,,,,,,,,,,,,0,
38,15,necessity,-136780.7564166151,16784.0,2302.921553790161,20830.835790928064,0.1,38.0,406.0,,,5322.0,770740.9242643383,907521.6806809534,0.35,532.0,,,,,,,,,,,,0,
39,15,necessity,-251517.3490139488,16910.0,3010.864138703673,24604.89870628435,0.1,39.0,223.0,,,5322.0,934986.1508388054,1186503.4998527542,0.35,532.0,,,,,,,,,,,,0,
40,15,necessity,-1005542.2240385528,17219.0,4255.456103671675,17215.966741818436,0.1,38.0,219.0,,,5322.0,671422.702930919,1676964.9269694719,0.35,532.0,,,,,,,,,,,,0,
41,15,necessity,-254558.61314865737,17532.0,3010.864138703673,24524.865439581496,0.1,39.0,367.0,,,5322.0,931944.8867040968,1186503.4998527542,0.35,532.0,,,,,,,,,,,,0,
